BL51 BANKED LINKER/LOCATER V6.22.2.0                                                    03/02/2020  12:27:56  PAGE 1


BL51 BANKED LINKER/LOCATER V6.22.2.0, INVOKED BY:
C:\KEIL_V5\C51\BIN\BL51.EXE .\hex\Creator.obj, .\hex\uart.obj, .\hex\debug.obj, .\hex\CRT_288.obj, .\hex\ptoprlelo.obj, 
>> .\hex\lector.obj TO .\hex\Creator jp PRINT (.\Creator jp.m51) RAMSIZE (256) CODE (0X0000-0XFFFF)


MEMORY MODEL: LARGE


INPUT MODULES INCLUDED:
  .\hex\Creator.obj (CREATOR)
  .\hex\uart.obj (UART)
  .\hex\debug.obj (DEBUG)
  .\hex\CRT_288.obj (CRT_288)
  .\hex\ptoprlelo.obj (PTOPRLELO)
  .\hex\lector.obj (LECTOR)
  C:\KEIL_V5\C51\LIB\C51L.LIB (?C_STARTUP)
  C:\KEIL_V5\C51\LIB\C51L.LIB (?C?CLDPTR)
  C:\KEIL_V5\C51\LIB\C51L.LIB (?C?CLDOPTR)
  C:\KEIL_V5\C51\LIB\C51L.LIB (?C?IILDX)
  C:\KEIL_V5\C51\LIB\C51L.LIB (?C?LSTXDATA)
  C:\KEIL_V5\C51\LIB\C51L.LIB (?C?LSTKXDATA)
  C:\KEIL_V5\C51\LIB\C51L.LIB (?C?CCASE)
  C:\KEIL_V5\C51\LIB\C51L.LIB (STRCAT)
  C:\KEIL_V5\C51\LIB\C51L.LIB (STRNCAT)
  C:\KEIL_V5\C51\LIB\C51L.LIB (STRNCPY)
  C:\KEIL_V5\C51\LIB\C51L.LIB (STRLEN)
  C:\KEIL_V5\C51\LIB\C51L.LIB (STRSTR)
  C:\KEIL_V5\C51\LIB\C51L.LIB (?C_INIT)
  C:\KEIL_V5\C51\LIB\C51L.LIB (?C?CSTPTR)
  C:\KEIL_V5\C51\LIB\C51L.LIB (?C?CSTOPTR)
  C:\KEIL_V5\C51\LIB\C51L.LIB (?C?ILDIX)


LINK MAP OF MODULE:  .\hex\Creator jp (CREATOR)


            TYPE    BASE      LENGTH    RELOCATION   SEGMENT NAME
            -----------------------------------------------------

            * * * * * * *   D A T A   M E M O R Y   * * * * * * *
            REG     0000H     0008H     ABSOLUTE     "REG BANK 0"
            REG     0008H     0008H     ABSOLUTE     "REG BANK 1"
                    0010H     0010H                  *** GAP ***
            BIT     0020H.0   0004H.4   UNIT         ?BI?CREATOR
                    0024H.4   0000H.4                *** GAP ***
            IDATA   0025H     0001H     UNIT         ?STACK

            * * * * * * *  X D A T A   M E M O R Y  * * * * * * *
            XDATA   0000H     0131H     UNIT         ?XD?CREATOR
            XDATA   0131H     0021H     UNIT         ?XD?LECTOR
            XDATA   0152H     0014H     UNIT         _XDATA_GROUP_

            * * * * * * *   C O D E   M E M O R Y   * * * * * * *
            CODE    0000H     0003H     ABSOLUTE     
            CODE    0003H     001EH     UNIT         ?PR?_BCD_HEX?CREATOR
            CODE    0021H     0001H     UNIT         ?PR?WAIT?PTOPRLELO
                    0022H     0001H                  *** GAP ***
            CODE    0023H     0003H     ABSOLUTE     
BL51 BANKED LINKER/LOCATER V6.22.2.0                                                  03/02/2020  12:27:56  PAGE 2


            CODE    0026H     23F5H     UNIT         ?PR?PROCESOLECTOR?LECTOR
            CODE    241BH     059CH     UNIT         ?CO?LECTOR
            CODE    29B7H     0426H     UNIT         ?PR?MAIN?CREATOR
            CODE    2DDDH     0190H     UNIT         ?PR?POSEE_IN_OUT?CREATOR
            CODE    2F6DH     0168H     UNIT         ?PR?COM_ISR?UART
            CODE    30D5H     0115H     UNIT         ?PR?_VE_ID?CREATOR
            CODE    31EAH     0109H     UNIT         ?C?LIB_CODE
            CODE    32F3H     00C5H     UNIT         ?PR?_SEND_PORT?LECTOR
            CODE    33B8H     00C5H     UNIT         ?PR?_STRNCAT?STRNCAT
            CODE    347DH     00BFH     UNIT         ?PR?_STRSTR?STRSTR
            CODE    353CH     0098H     UNIT         ?CO?DEBUG
            CODE    35D4H     0093H     UNIT         ?C_INITSEG
            CODE    3667H     0092H     UNIT         ?PR?RECIBE_PORT?PTOPRLELO
            CODE    36F9H     008CH     UNIT         ?C_C51STARTUP
            CODE    3785H     007EH     UNIT         ?PR?_ERRORWR?DEBUG
            CODE    3803H     007EH     UNIT         ?PR?_GRABA_S1_BLOQUESEL?CRT_288
            CODE    3881H     006BH     UNIT         ?PR?_STRCAT?STRCAT
            CODE    38ECH     0068H     UNIT         ?PR?_STRNCPY?STRNCPY
            CODE    3954H     0056H     UNIT         ?PR?_LEA_S1_BLOCK?CRT_288
            CODE    39AAH     0056H     UNIT         ?PR?_SELECT_S2_BLOCK?CRT_288
            CODE    3A00H     004CH     UNIT         ?PR?_HEX_STR?CREATOR
            CODE    3A4CH     004CH     UNIT         ?PR?LOADPASS?CRT_288
            CODE    3A98H     004CH     UNIT         ?PR?LOADPASS2?CRT_288
            CODE    3AE4H     004AH     UNIT         ?PR?_VE_HEX?CREATOR
            CODE    3B2EH     004AH     UNIT         ?PR?_DEBUGBUFFERMF?DEBUG
            CODE    3B78H     0048H     UNIT         ?PR?EJECT_CARD?CRT_288
            CODE    3BC0H     0046H     UNIT         ?PR?INFO_RETRY?CREATOR
            CODE    3C06H     0044H     UNIT         ?PR?_TX_AUX?DEBUG
            CODE    3C4AH     003EH     UNIT         ?PR?_TX_AUXH?DEBUG
            CODE    3C88H     0033H     UNIT         ?PR?_DEBUG_TXT_TIBBO?DEBUG
            CODE    3CBBH     0031H     UNIT         ?PR?_EJECT_CARD?CREATOR
            CODE    3CECH     002FH     UNIT         ?PR?SELECT_CARD?CRT_288
            CODE    3D1BH     002EH     UNIT         ?PR?GET_STATUS?CRT_288
            CODE    3D49H     002CH     UNIT         ?PR?_ESCRIBIRCADENASOFT?UART
            CODE    3D75H     0024H     UNIT         ?PR?_NUM_NUM?CRT_288
            CODE    3D99H     0023H     UNIT         ?CO?CREATOR
            CODE    3DBCH     001AH     UNIT         ?PR?TIME_BIT?DEBUG
            CODE    3DD6H     0019H     UNIT         ?PR?COM_INITIALIZE?UART
            CODE    3DEFH     0015H     UNIT         ?PR?_STRLEN?STRLEN
            CODE    3E04H     0013H     UNIT         ?PR?_NUM_CHAR?CRT_288
            CODE    3E17H     0012H     UNIT         ?PR?WAIT_LONG?PTOPRLELO
            CODE    3E29H     000DH     UNIT         ?PR?_TWO_ONE?CREATOR
            CODE    3E36H     0009H     UNIT         ?PR?DEBUG_DIVIDIR_TEXTO?DEBUG
            CODE    3E3FH     0008H     UNIT         ?PR?_TX_CHR?UART
            CODE    3E47H     0007H     UNIT         ?PR?SEL_PULSA?CREATOR
            CODE    3E4EH     0007H     UNIT         ?PR?SEL_SENSOR2?CREATOR
            CODE    3E55H     0007H     UNIT         ?PR?SEL_SENSOR1?CREATOR



OVERLAY MAP OF MODULE:   .\hex\Creator jp (CREATOR)


SEGMENT                                   XDATA_GROUP
  +--> CALLED SEGMENT                   START    LENGTH
-------------------------------------------------------
?C_C51STARTUP                           -----    -----
BL51 BANKED LINKER/LOCATER V6.22.2.0                                                  03/02/2020  12:27:56  PAGE 3


  +--> ?PR?MAIN?CREATOR
  +--> ?C_INITSEG

?PR?MAIN?CREATOR                        0152H    0002H
  +--> ?PR?COM_INITIALIZE?UART
  +--> ?PR?_EJECT_CARD?CREATOR
  +--> ?CO?CREATOR
  +--> ?PR?_DEBUG_TXT_TIBBO?DEBUG
  +--> ?PR?DEBUG_DIVIDIR_TEXTO?DEBUG
  +--> ?PR?PROCESOLECTOR?LECTOR
  +--> ?PR?_TX_CHR?UART
  +--> ?PR?_SEND_PORT?LECTOR
  +--> ?PR?RECIBE_PORT?PTOPRLELO
  +--> ?PR?_TX_AUX?DEBUG
  +--> ?PR?SEL_SENSOR1?CREATOR
  +--> ?PR?SEL_SENSOR2?CREATOR
  +--> ?PR?SEL_PULSA?CREATOR

?PR?_EJECT_CARD?CREATOR                 -----    -----
  +--> ?PR?_SEND_PORT?LECTOR
  +--> ?PR?EJECT_CARD?CRT_288

?PR?_SEND_PORT?LECTOR                   015AH    0006H
  +--> ?PR?WAIT_LONG?PTOPRLELO

?PR?WAIT_LONG?PTOPRLELO                 -----    -----
  +--> ?PR?WAIT?PTOPRLELO

?PR?EJECT_CARD?CRT_288                  -----    -----
  +--> ?PR?_ESCRIBIRCADENASOFT?UART

?PR?_ESCRIBIRCADENASOFT?UART            015AH    0002H
  +--> ?PR?_TX_CHR?UART

?PR?_DEBUG_TXT_TIBBO?DEBUG              015BH    0004H
  +--> ?PR?_TX_AUX?DEBUG

?PR?_TX_AUX?DEBUG                       -----    -----
  +--> ?PR?TIME_BIT?DEBUG

?PR?DEBUG_DIVIDIR_TEXTO?DEBUG           -----    -----
  +--> ?CO?DEBUG
  +--> ?PR?_DEBUG_TXT_TIBBO?DEBUG

?PR?PROCESOLECTOR?LECTOR                0154H    0006H
  +--> ?PR?GET_STATUS?CRT_288
  +--> ?CO?LECTOR
  +--> ?PR?_DEBUG_TXT_TIBBO?DEBUG
  +--> ?PR?SELECT_CARD?CRT_288
  +--> ?PR?_TX_AUX?DEBUG
  +--> ?PR?_VE_HEX?CREATOR
  +--> ?PR?LOADPASS?CRT_288
  +--> ?PR?_LEA_S1_BLOCK?CRT_288
  +--> ?PR?DEBUG_DIVIDIR_TEXTO?DEBUG
  +--> ?PR?_DEBUGBUFFERMF?DEBUG
  +--> ?PR?_TX_AUXH?DEBUG
  +--> ?PR?_SEND_PORT?LECTOR
BL51 BANKED LINKER/LOCATER V6.22.2.0                                                  03/02/2020  12:27:56  PAGE 4


  +--> ?PR?_HEX_STR?CREATOR
  +--> ?PR?_TWO_ONE?CREATOR
  +--> ?PR?POSEE_IN_OUT?CREATOR
  +--> ?PR?_EJECT_CARD?CREATOR
  +--> ?PR?_VE_ID?CREATOR
  +--> ?PR?LOADPASS2?CRT_288
  +--> ?PR?_SELECT_S2_BLOCK?CRT_288
  +--> ?PR?RECIBE_PORT?PTOPRLELO
  +--> ?PR?_BCD_HEX?CREATOR
  +--> ?PR?_GRABA_S1_BLOQUESEL?CRT_288
  +--> ?PR?_ERRORWR?DEBUG
  +--> ?PR?INFO_RETRY?CREATOR
  +--> ?PR?_NUM_NUM?CRT_288
  +--> ?PR?_NUM_CHAR?CRT_288
  +--> ?PR?_STRSTR?STRSTR
  +--> ?PR?_STRNCPY?STRNCPY
  +--> ?PR?_STRLEN?STRLEN
  +--> ?PR?_STRNCAT?STRNCAT
  +--> ?PR?_STRCAT?STRCAT

?PR?GET_STATUS?CRT_288                  -----    -----
  +--> ?PR?_ESCRIBIRCADENASOFT?UART

?PR?SELECT_CARD?CRT_288                 -----    -----
  +--> ?PR?_ESCRIBIRCADENASOFT?UART

?PR?LOADPASS?CRT_288                    -----    -----
  +--> ?PR?_ESCRIBIRCADENASOFT?UART

?PR?_LEA_S1_BLOCK?CRT_288               -----    -----
  +--> ?PR?_ESCRIBIRCADENASOFT?UART

?PR?_DEBUGBUFFERMF?DEBUG                015AH    0005H
  +--> ?PR?_TX_AUXH?DEBUG
  +--> ?PR?_TX_AUX?DEBUG

?PR?_TX_AUXH?DEBUG                      -----    -----
  +--> ?PR?_TX_AUX?DEBUG

?PR?POSEE_IN_OUT?CREATOR                -----    -----
  +--> ?CO?CREATOR
  +--> ?PR?_DEBUG_TXT_TIBBO?DEBUG
  +--> ?PR?_HEX_STR?CREATOR
  +--> ?PR?_TWO_ONE?CREATOR
  +--> ?PR?_TX_AUX?DEBUG
  +--> ?PR?_LEA_S1_BLOCK?CRT_288

?PR?_VE_ID?CREATOR                      015AH    0003H

?PR?LOADPASS2?CRT_288                   -----    -----
  +--> ?PR?_ESCRIBIRCADENASOFT?UART

?PR?_SELECT_S2_BLOCK?CRT_288            -----    -----
  +--> ?PR?_ESCRIBIRCADENASOFT?UART

?PR?_GRABA_S1_BLOQUESEL?CRT_288         -----    -----
  +--> ?PR?_ESCRIBIRCADENASOFT?UART
BL51 BANKED LINKER/LOCATER V6.22.2.0                                                  03/02/2020  12:27:56  PAGE 5



?PR?_ERRORWR?DEBUG                      015AH    0001H
  +--> ?CO?DEBUG
  +--> ?PR?_DEBUG_TXT_TIBBO?DEBUG

?PR?INFO_RETRY?CREATOR                  -----    -----
  +--> ?PR?_TX_AUX?DEBUG

?PR?_STRSTR?STRSTR                      015AH    000CH

?PR?_STRNCPY?STRNCPY                    015AH    000AH

?PR?_STRNCAT?STRNCAT                    015AH    000AH

?PR?_STRCAT?STRCAT                      015AH    0009H



SYMBOL TABLE OF MODULE:  .\hex\Creator jp (CREATOR)

  VALUE           TYPE          NAME
  ----------------------------------

  -------         MODULE        CREATOR
  C:0000H         SYMBOL        _ICE_DUMMY_
  C:3E29H         PUBLIC        _two_one
  B:0020H.0       PUBLIC        PrintLPR
  D:0080H         PUBLIC        P0
  D:0090H         PUBLIC        P1
  B:0020H.1       PUBLIC        NotifyP4
  X:0000H         PUBLIC        g_cCodSeqMF
  D:00A0H         PUBLIC        P2
  D:00B0H         PUBLIC        P3
  X:0001H         PUBLIC        Cod_Dcto
  B:0090H.0       PUBLIC        txd2
  B:00A8H.7       PUBLIC        EA
  C:3BC0H         PUBLIC        Info_Retry
  C:30D5H         PUBLIC        _ve_id
  B:0020H.2       PUBLIC        EmisionXperdida
  X:0002H         PUBLIC        Num_Datos
  C:2DDDH         PUBLIC        posee_in_out
  X:0003H         PUBLIC        ValTimeOutCom
  B:0020H.3       PUBLIC        blink
  B:0020H.4       PUBLIC        Desarmado
  B:0020H.5       PUBLIC        PuertoMF
  B:0020H.6       PUBLIC        onceAlarm
  X:0005H         PUBLIC        COD_PARK_R
  X:0006H         PUBLIC        Tmin
  X:0008H         PUBLIC        TipoCard
  X:0009H         PUBLIC        RetryWrite_MF
  B:0020H.7       PUBLIC        MultiPark
  B:0080H.6       PUBLIC        rx_in_data
  B:0021H.0       PUBLIC        alarma1
  B:0021H.1       PUBLIC        alarma2
  X:0019H         PUBLIC        g_cContByteRx
  B:0021H.2       PUBLIC        alarma3
  B:0080H.3       PUBLIC        Atascado
BL51 BANKED LINKER/LOCATER V6.22.2.0                                                  03/02/2020  12:27:56  PAGE 6


  B:0021H.3       PUBLIC        ErrorInCOM
  C:29B7H         PUBLIC        main
  B:0021H.4       PUBLIC        NotifyCofreB2B
  X:001AH         PUBLIC        ID_CLIENTE_R
  X:001BH         PUBLIC        cod_alarm
  X:001CH         PUBLIC        month
  B:0090H.7       PUBLIC        lock
  B:0021H.5       PUBLIC        sendactive
  C:3E47H         PUBLIC        sel_Pulsa
  B:0021H.6       PUBLIC        GrabaTarjeta
  B:0021H.7       PUBLIC        Permite_Puerta
  X:001EH         PUBLIC        minut
  B:0022H.0       PUBLIC        TxENQ
  B:0022H.1       PUBLIC        ErrorWR_CARD
  X:0020H         PUBLIC        year
  B:0090H.1       PUBLIC        DataIn
  D:0089H         PUBLIC        TMOD
  X:0022H         PUBLIC        ID1
  X:0023H         PUBLIC        g_scDATE
  X:002DH         PUBLIC        day
  X:002FH         PUBLIC        ID2
  B:0022H.2       PUBLIC        FueraServicio
  X:0030H         PUBLIC        hour
  X:0032H         PUBLIC        ID3
  X:0033H         PUBLIC        seg
  C:3A00H         PUBLIC        _Hex_Str
  X:0034H         PUBLIC        ID4
  C:3AE4H         PUBLIC        _Ve_Hex
  B:0022H.3       PUBLIC        PuertoDB9
  X:0035H         PUBLIC        TipoVeh
  X:0036H         PUBLIC        RetryWR
  B:00B0H.3       PUBLIC        busy
  X:0037H         PUBLIC        g_scDATE_Liq
  B:0022H.4       PUBLIC        cmd_comp
  X:0041H         PUBLIC        sector5
  C:3CBBH         PUBLIC        _Eject_Card
  X:0051H         PUBLIC        sector6
  B:0088H.5       PUBLIC        TF0
  D:008CH         PUBLIC        TH0
  B:00C8H.7       PUBLIC        TF2
  X:0061H         PUBLIC        num_data
  D:00CDH         PUBLIC        TH2
  X:0062H         PUBLIC        APB_CARD
  X:0063H         PUBLIC        g_cEstadoComSoft
  X:0064H         PUBLIC        BufferRead_MF
  D:008AH         PUBLIC        TL0
  C:0003H         PUBLIC        _bcd_hex
  X:0074H         PUBLIC        g_scArrRxComSoft
  D:00CCH         PUBLIC        TL2
  B:0022H.5       PUBLIC        Expulsa_Grabacion
  X:00A6H         PUBLIC        TIME_ESPERA
  X:00A7H         PUBLIC        g_scArrTxComSoft
  C:3E55H         PUBLIC        sel_Sensor1
  C:3E4EH         PUBLIC        sel_Sensor2
  B:0088H.4       PUBLIC        TR0
  B:00C8H.2       PUBLIC        TR2
  X:00D9H         PUBLIC        NumLiq
BL51 BANKED LINKER/LOCATER V6.22.2.0                                                  03/02/2020  12:27:56  PAGE 7


  X:00DAH         PUBLIC        Val_Horario
  X:00DBH         PUBLIC        BufferWrite_MF
  B:0080H.2       PUBLIC        led_err
  X:00EBH         PUBLIC        centena
  B:0022H.6       PUBLIC        Permite_Billetero
  X:00ECH         PUBLIC        decena
  B:0022H.7       PUBLIC        Toggle
  X:00EDH         PUBLIC        COD_PARK
  X:00EEH         PUBLIC        buffer_ticket
  B:00B0H.5       PUBLIC        sel_A
  B:0080H.7       PUBLIC        sel_com
  B:00B0H.6       PUBLIC        sel_B
  B:00B0H.7       PUBLIC        sel_C
  B:0023H.0       PUBLIC        Activo
  X:012AH         PUBLIC        ERR
  B:0023H.1       PUBLIC        timeOut
  B:0023H.2       PUBLIC        ConsultaSoft
  X:012BH         PUBLIC        Block
  B:0023H.3       PUBLIC        AlarmaPrevia1
  B:0023H.4       PUBLIC        AlarmaPrevia2
  X:012CH         PUBLIC        g_cEstadoComSeqMF
  B:0023H.5       PUBLIC        AlarmaPrevia3
  X:012DH         PUBLIC        ValDCTO_INPAGO
  B:0023H.6       PUBLIC        NotifyPuerta
  B:0023H.7       PUBLIC        Comparacion
  X:012EH         PUBLIC        ID_CLIENTE
  B:0024H.0       PUBLIC        buffer_ready
  X:012FH         PUBLIC        Val_PicoPlaca
  X:0130H         PUBLIC        unidad
  B:0024H.1       PUBLIC        Permite_Monedero
  B:0024H.2       PUBLIC        NotifyCofreCoin
  B:0024H.3       PUBLIC        esQR
  -------         PROC          SEL_PULSA
  C:3E47H         LINE#         12
  C:3E47H         LINE#         13
  C:3E47H         LINE#         14
  C:3E49H         LINE#         15
  C:3E4BH         LINE#         16
  C:3E4DH         LINE#         17
  -------         ENDPROC       SEL_PULSA
  -------         PROC          SEL_SENSOR2
  C:3E4EH         LINE#         19
  C:3E4EH         LINE#         20
  C:3E4EH         LINE#         21
  C:3E50H         LINE#         22
  C:3E52H         LINE#         23
  C:3E54H         LINE#         24
  -------         ENDPROC       SEL_SENSOR2
  -------         PROC          SEL_SENSOR1
  C:3E55H         LINE#         26
  C:3E55H         LINE#         27
  C:3E55H         LINE#         28
  C:3E57H         LINE#         29
  C:3E59H         LINE#         30
  C:3E5BH         LINE#         31
  -------         ENDPROC       SEL_SENSOR1
  -------         PROC          _VE_HEX
BL51 BANKED LINKER/LOCATER V6.22.2.0                                                  03/02/2020  12:27:56  PAGE 8


  D:0007H         SYMBOL        valorhex
  -------         DO            
  D:0006H         SYMBOL        numero
  -------         ENDDO         
  C:3AE4H         LINE#         47
  C:3AE4H         LINE#         48
  C:3AE4H         LINE#         52
  C:3AE9H         LINE#         53
  C:3AEDH         LINE#         54
  C:3AEFH         LINE#         55
  C:3AF2H         LINE#         56
  C:3AF5H         LINE#         57
  C:3AF9H         LINE#         58
  C:3B0FH         LINE#         60
  C:3B11H         LINE#         61
  C:3B14H         LINE#         62
  C:3B18H         LINE#         63
  C:3B2DH         LINE#         65
  -------         ENDPROC       _VE_HEX
  -------         PROC          _HEX_STR
  D:0007H         SYMBOL        valorhex
  -------         DO            
  D:0007H         SYMBOL        numero
  -------         ENDDO         
  C:3A00H         LINE#         77
  C:3A00H         LINE#         78
  C:3A00H         LINE#         81
  C:3A05H         LINE#         82
  C:3A07H         LINE#         83
  C:3A0BH         LINE#         84
  C:3A0BH         LINE#         86
  C:3A15H         LINE#         87
  C:3A15H         LINE#         88
  C:3A19H         LINE#         89
  C:3A1FH         LINE#         90
  C:3A21H         LINE#         91
  C:3A2BH         LINE#         92
  C:3A2BH         LINE#         93
  C:3A2FH         LINE#         94
  C:3A35H         LINE#         95
  C:3A37H         LINE#         96
  C:3A3DH         LINE#         98
  C:3A44H         LINE#         99
  C:3A4BH         LINE#         100
  -------         ENDPROC       _HEX_STR
  -------         PROC          _TWO_ONE
  D:0007H         SYMBOL        byte_h
  D:0005H         SYMBOL        byte_l
  -------         DO            
  D:0007H         SYMBOL        byte_out
  -------         ENDDO         
  C:3E29H         LINE#         103
  C:3E29H         LINE#         104
  C:3E29H         LINE#         108
  C:3E2CH         LINE#         109
  C:3E30H         LINE#         110
  C:3E33H         LINE#         111
BL51 BANKED LINKER/LOCATER V6.22.2.0                                                  03/02/2020  12:27:56  PAGE 9


  C:3E35H         LINE#         113
  C:3E35H         LINE#         114
  -------         ENDPROC       _TWO_ONE
  -------         PROC          _VE_ID
  D:0007H         SYMBOL        id_h
  X:015AH         SYMBOL        id_l
  -------         DO            
  D:0004H         SYMBOL        valor
  D:0006H         SYMBOL        numero
  X:015BH         SYMBOL        dmil
  D:0001H         SYMBOL        mil
  D:0003H         SYMBOL        centena
  D:0002H         SYMBOL        decena
  X:015CH         SYMBOL        unidad
  -------         ENDDO         
  C:30D5H         LINE#         117
  C:30DAH         LINE#         118
  C:30DAH         LINE#         121
  C:30DBH         LINE#         122
  C:30DDH         LINE#         123
  C:30DEH         LINE#         124
  C:30DFH         LINE#         125
  C:30E0H         LINE#         126
  C:30E2H         LINE#         130
  C:30E4H         LINE#         131
  C:30E6H         LINE#         132
  C:30EBH         LINE#         135
  C:30EDH         LINE#         136
  C:30F6H         LINE#         137
  C:30F6H         LINE#         138
  C:30FEH         LINE#         139
  C:3104H         LINE#         140
  C:3106H         LINE#         141
  C:310FH         LINE#         142
  C:310FH         LINE#         143
  C:3117H         LINE#         144
  C:3118H         LINE#         145
  C:311AH         LINE#         146
  C:3123H         LINE#         147
  C:3123H         LINE#         148
  C:312BH         LINE#         149
  C:312CH         LINE#         150
  C:312EH         LINE#         151
  C:3137H         LINE#         152
  C:3137H         LINE#         153
  C:313FH         LINE#         154
  C:3140H         LINE#         155
  C:3142H         LINE#         156
  C:3147H         LINE#         164
  C:314DH         LINE#         165
  C:314DH         LINE#         166
  C:3163H         LINE#         167
  C:3164H         LINE#         168
  C:3164H         LINE#         169
  C:3164H         LINE#         170
  C:3164H         LINE#         171
  C:3166H         LINE#         172
BL51 BANKED LINKER/LOCATER V6.22.2.0                                                  03/02/2020  12:27:56  PAGE 10


  C:3169H         LINE#         173
  C:3169H         LINE#         174
  C:317FH         LINE#         175
  C:3180H         LINE#         176
  C:3180H         LINE#         177
  C:3180H         LINE#         178
  C:3182H         LINE#         179
  C:3185H         LINE#         180
  C:3185H         LINE#         181
  C:319BH         LINE#         182
  C:31B2H         LINE#         183
  C:31B2H         LINE#         184
  C:31B4H         LINE#         185
  C:31B7H         LINE#         186
  C:31B7H         LINE#         187
  C:31CDH         LINE#         188
  C:31CDH         LINE#         189
  C:31CFH         LINE#         191
  C:31CFH         LINE#         192
  C:31E9H         LINE#         193
  C:31E9H         LINE#         196
  -------         ENDPROC       _VE_ID
  -------         PROC          _BCD_HEX
  D:0007H         SYMBOL        l_data
  -------         DO            
  D:0006H         SYMBOL        temp
  D:0005H         SYMBOL        j
  -------         ENDDO         
  C:0003H         LINE#         199
  C:0003H         LINE#         200
  C:0003H         LINE#         202
  C:0005H         LINE#         203
  C:0009H         LINE#         204
  C:000CH         LINE#         205
  C:000EH         LINE#         206
  C:000EH         LINE#         207
  C:0012H         LINE#         208
  C:0019H         LINE#         209
  C:0019H         LINE#         210
  C:001DH         LINE#         211
  C:0020H         LINE#         212
  C:0020H         LINE#         213
  C:0020H         LINE#         214
  -------         ENDPROC       _BCD_HEX
  -------         PROC          _EJECT_CARD
  D:0007H         SYMBOL        CodError
  C:3CBBH         LINE#         284
  C:3CBBH         LINE#         285
  C:3CBBH         LINE#         287
  C:3CCBH         LINE#         288
  C:3CCBH         LINE#         289
  C:3CD1H         LINE#         290
  C:3CD5H         LINE#         291
  C:3CD9H         LINE#         292
  C:3CDDH         LINE#         293
  C:3CE0H         LINE#         294
  C:3CE4H         LINE#         295
BL51 BANKED LINKER/LOCATER V6.22.2.0                                                  03/02/2020  12:27:56  PAGE 11


  C:3CE9H         LINE#         296
  C:3CE9H         LINE#         300
  -------         ENDPROC       _EJECT_CARD
  -------         PROC          INFO_RETRY
  C:3BC0H         LINE#         307
  C:3BC0H         LINE#         308
  C:3BC0H         LINE#         322
  C:3BC5H         LINE#         323
  C:3BCAH         LINE#         324
  C:3BCFH         LINE#         325
  C:3BD4H         LINE#         326
  C:3BD9H         LINE#         327
  C:3BDEH         LINE#         328
  C:3BE3H         LINE#         329
  C:3BE8H         LINE#         330
  C:3BEDH         LINE#         331
  C:3BF2H         LINE#         332
  C:3BFCH         LINE#         333
  C:3C01H         LINE#         334
  -------         ENDPROC       INFO_RETRY
  -------         PROC          POSEE_IN_OUT
  C:2DDDH         LINE#         336
  C:2DDDH         LINE#         337
  C:2DDDH         LINE#         338
  C:2DE6H         LINE#         340
  C:2DEEH         LINE#         341
  C:2DF6H         LINE#         342
  C:2DFEH         LINE#         344
  C:2E06H         LINE#         345
  C:2E0EH         LINE#         346
  C:2E16H         LINE#         348
  C:2E1EH         LINE#         349
  C:2E26H         LINE#         350
  C:2E2EH         LINE#         352
  C:2E36H         LINE#         353
  C:2E3EH         LINE#         354
  C:2E46H         LINE#         356
  C:2E4EH         LINE#         357
  C:2E56H         LINE#         358
  C:2E5EH         LINE#         360
  C:2E70H         LINE#         361
  C:2E74H         LINE#         363
  C:2E7DH         LINE#         364
  C:2E85H         LINE#         365
  C:2E8AH         LINE#         366
  C:2E8FH         LINE#         369
  C:2E9AH         LINE#         370
  C:2EA1H         LINE#         371
  C:2EA6H         LINE#         373
  C:2EB4H         LINE#         374
  C:2EB4H         LINE#         375
  C:2EBFH         LINE#         376
  C:2EC4H         LINE#         377
  C:2EC7H         LINE#         378
  C:2EC9H         LINE#         380
  C:2EC9H         LINE#         381
  C:2ED1H         LINE#         382
BL51 BANKED LINKER/LOCATER V6.22.2.0                                                  03/02/2020  12:27:56  PAGE 12


  C:2ED1H         LINE#         384
  C:2ED9H         LINE#         386
  C:2EE1H         LINE#         387
  C:2EE9H         LINE#         388
  C:2EF1H         LINE#         390
  C:2EF9H         LINE#         391
  C:2F01H         LINE#         392
  C:2F09H         LINE#         394
  C:2F11H         LINE#         395
  C:2F19H         LINE#         396
  C:2F21H         LINE#         398
  C:2F29H         LINE#         399
  C:2F31H         LINE#         400
  C:2F39H         LINE#         402
  C:2F41H         LINE#         403
  C:2F49H         LINE#         404
  C:2F51H         LINE#         407
  C:2F56H         LINE#         408
  C:2F5FH         LINE#         409
  C:2F61H         LINE#         410
  C:2F66H         LINE#         411
  C:2F6CH         LINE#         412
  -------         ENDPROC       POSEE_IN_OUT
  -------         PROC          MAIN
  -------         DO            
  X:0152H         SYMBOL        k
  -------         ENDDO         
  C:29B7H         LINE#         429
  C:29B7H         LINE#         430
  C:29B7H         LINE#         434
  C:29B9H         LINE#         435
  C:29BCH         LINE#         436
  C:29BEH         LINE#         437
  C:29C0H         LINE#         439
  C:29C2H         LINE#         440
  C:29C5H         LINE#         442
  C:29CDH         LINE#         443
  C:29CFH         LINE#         444
  C:29D2H         LINE#         445
  C:29D4H         LINE#         446
  C:29D6H         LINE#         449
  C:29D8H         LINE#         451
  C:29DAH         LINE#         452
  C:29DCH         LINE#         453
  C:29DEH         LINE#         454
  C:29E0H         LINE#         456
  C:29E6H         LINE#         457
  C:29E8H         LINE#         458
  C:29ECH         LINE#         459
  C:29EEH         LINE#         460
  C:29F4H         LINE#         462
  C:29F8H         LINE#         471
  C:29FAH         LINE#         472
  C:29FCH         LINE#         473
  C:29FEH         LINE#         474
  C:2A03H         LINE#         475
  C:2A05H         LINE#         477
BL51 BANKED LINKER/LOCATER V6.22.2.0                                                  03/02/2020  12:27:56  PAGE 13


  C:2A09H         LINE#         478
  C:2A0DH         LINE#         479
  C:2A15H         LINE#         480
  C:2A1AH         LINE#         482
  C:2A30H         LINE#         483
  C:2A30H         LINE#         484
  C:2A3CH         LINE#         485
  C:2A4CH         LINE#         489
  C:2A4EH         LINE#         490
  C:2A50H         LINE#         492
  C:2A59H         LINE#         493
  C:2A5CH         LINE#         494
  C:2A5CH         LINE#         495
  C:2A5CH         LINE#         497
  C:2A5FH         LINE#         498
  C:2A65H         LINE#         499
  C:2A67H         LINE#         500
  C:2A70H         LINE#         501
  C:2A74H         LINE#         503
  C:2A77H         LINE#         534
  C:2A7DH         LINE#         535
  C:2A7DH         LINE#         536
  C:2A7FH         LINE#         539
  C:2A89H         LINE#         540
  C:2A89H         LINE#         541
  C:2A97H         LINE#         542
  C:2A9AH         LINE#         543
  C:2A9AH         LINE#         544
  C:2A9DH         LINE#         545
  C:2A9DH         LINE#         546
  C:2AA2H         LINE#         547
  C:2AA4H         LINE#         548
  C:2AADH         LINE#         549
  C:2AB3H         LINE#         550
  C:2AB3H         LINE#         551
  C:2AB3H         LINE#         553
  C:2AB3H         LINE#         555
  C:2AB9H         LINE#         556
  C:2AB9H         LINE#         557
  C:2ABBH         LINE#         558
  C:2ABBH         LINE#         560
  C:2AC1H         LINE#         561
  C:2AC4H         LINE#         562
  C:2AC4H         LINE#         564
  C:2AD0H         LINE#         565
  C:2AD0H         LINE#         566
  C:2AD2H         LINE#         568
  C:2AD8H         LINE#         569
  C:2ADBH         LINE#         570
  C:2ADBH         LINE#         571
  C:2ADEH         LINE#         572
  C:2AE0H         LINE#         573
  C:2AE0H         LINE#         574
  C:2AE3H         LINE#         575
  C:2AE3H         LINE#         576
  C:2AE9H         LINE#         577
  C:2AECH         LINE#         578
BL51 BANKED LINKER/LOCATER V6.22.2.0                                                  03/02/2020  12:27:56  PAGE 14


  C:2AEEH         LINE#         579
  C:2AEEH         LINE#         580
  C:2AF1H         LINE#         581
  C:2AF1H         LINE#         582
  C:2AF7H         LINE#         583
  C:2AFAH         LINE#         584
  C:2AFDH         LINE#         585
  C:2B00H         LINE#         586
  C:2B02H         LINE#         587
  C:2B02H         LINE#         592
  C:2B08H         LINE#         593
  C:2B0CH         LINE#         594
  C:2B10H         LINE#         595
  C:2B14H         LINE#         596
  C:2B1CH         LINE#         597
  C:2B20H         LINE#         598
  C:2B25H         LINE#         599
  C:2B25H         LINE#         604
  C:2B2BH         LINE#         605
  C:2B2EH         LINE#         606
  C:2B2EH         LINE#         607
  C:2B30H         LINE#         608
  C:2B32H         LINE#         609
  C:2B34H         LINE#         611
  C:2B34H         LINE#         612
  C:2B36H         LINE#         613
  C:2B38H         LINE#         614
  C:2B38H         LINE#         621
  C:2B38H         LINE#         622
  C:2B38H         LINE#         653
  C:2B52H         LINE#         654
  C:2B52H         LINE#         655
  C:2B58H         LINE#         656
  C:2B58H         LINE#         657
  C:2B5BH         LINE#         658
  C:2B66H         LINE#         659
  C:2B66H         LINE#         661
  C:2B6BH         LINE#         663
  C:2B77H         LINE#         664
  C:2B77H         LINE#         667
  C:2B77H         LINE#         668
  C:2B7FH         LINE#         669
  C:2B7FH         LINE#         671
  C:2B84H         LINE#         672
  C:2B89H         LINE#         673
  C:2B8EH         LINE#         674
  C:2B93H         LINE#         675
  C:2B98H         LINE#         676
  C:2B9DH         LINE#         677
  C:2BA2H         LINE#         678
  C:2BA7H         LINE#         679
  C:2BACH         LINE#         680
  C:2BB1H         LINE#         681
  C:2BB6H         LINE#         682
  C:2BBBH         LINE#         686
  C:2BC0H         LINE#         687
  C:2BC5H         LINE#         688
BL51 BANKED LINKER/LOCATER V6.22.2.0                                                  03/02/2020  12:27:56  PAGE 15


  C:2BCAH         LINE#         689
  C:2BE1H         LINE#         690
  C:2BE1H         LINE#         691
  C:2BF0H         LINE#         692
  C:2C00H         LINE#         693
  C:2C05H         LINE#         694
  C:2C0AH         LINE#         696
  C:2C0AH         LINE#         698
  C:2C0CH         LINE#         699
  C:2C14H         LINE#         700
  C:2C14H         LINE#         701
  C:2C16H         LINE#         702
  C:2C18H         LINE#         703
  C:2C18H         LINE#         704
  C:2C18H         LINE#         705
  C:2C18H         LINE#         706
  C:2C18H         LINE#         707
  C:2C18H         LINE#         708
  C:2C18H         LINE#         709
  C:2C1AH         LINE#         710
  C:2C1EH         LINE#         711
  C:2C1EH         LINE#         712
  C:2C20H         LINE#         713
  C:2C22H         LINE#         714
  C:2C27H         LINE#         715
  C:2C27H         LINE#         716
  C:2C29H         LINE#         717
  C:2C2BH         LINE#         718
  C:2C2DH         LINE#         719
  C:2C2FH         LINE#         720
  C:2C31H         LINE#         721
  C:2C33H         LINE#         722
  C:2C35H         LINE#         723
  C:2C37H         LINE#         724
  C:2C39H         LINE#         725
  C:2C3BH         LINE#         726
  C:2C3DH         LINE#         727
  C:2C3FH         LINE#         728
  C:2C41H         LINE#         729
  C:2C43H         LINE#         730
  C:2C45H         LINE#         731
  C:2C47H         LINE#         732
  C:2C49H         LINE#         733
  C:2C4BH         LINE#         735
  C:2C4FH         LINE#         736
  C:2C4FH         LINE#         737
  C:2C55H         LINE#         738
  C:2C59H         LINE#         739
  C:2C5DH         LINE#         740
  C:2C61H         LINE#         741
  C:2C65H         LINE#         742
  C:2C69H         LINE#         743
  C:2C6EH         LINE#         744
  C:2C6EH         LINE#         745
  C:2C6EH         LINE#         746
  C:2C6EH         LINE#         760
  C:2C78H         LINE#         761
BL51 BANKED LINKER/LOCATER V6.22.2.0                                                  03/02/2020  12:27:56  PAGE 16


  C:2C7AH         LINE#         762
  C:2C7DH         LINE#         763
  C:2C80H         LINE#         764
  C:2C80H         LINE#         765
  C:2C83H         LINE#         766
  C:2C86H         LINE#         767
  C:2C86H         LINE#         768
  C:2C8CH         LINE#         769
  C:2C8CH         LINE#         770
  C:2C9AH         LINE#         771
  C:2CA1H         LINE#         772
  C:2CA1H         LINE#         773
  C:2CA3H         LINE#         774
  C:2CA3H         LINE#         776
  C:2CA5H         LINE#         777
  C:2CABH         LINE#         778
  C:2CABH         LINE#         779
  C:2CADH         LINE#         780
  C:2CAFH         LINE#         781
  C:2CAFH         LINE#         782
  C:2CAFH         LINE#         783
  C:2CAFH         LINE#         792
  C:2CB9H         LINE#         793
  C:2CBBH         LINE#         794
  C:2CBEH         LINE#         795
  C:2CC1H         LINE#         796
  C:2CC1H         LINE#         797
  C:2CC4H         LINE#         798
  C:2CC7H         LINE#         799
  C:2CC7H         LINE#         800
  C:2CCDH         LINE#         801
  C:2CCDH         LINE#         802
  C:2CDBH         LINE#         803
  C:2CE2H         LINE#         804
  C:2CE2H         LINE#         805
  C:2CE4H         LINE#         806
  C:2CE4H         LINE#         807
  C:2CE6H         LINE#         808
  C:2CECH         LINE#         809
  C:2CECH         LINE#         810
  C:2CEEH         LINE#         811
  C:2CF0H         LINE#         812
  C:2CF0H         LINE#         813
  C:2CF0H         LINE#         814
  C:2CF0H         LINE#         823
  C:2CFAH         LINE#         824
  C:2CFCH         LINE#         825
  C:2CFFH         LINE#         826
  C:2D02H         LINE#         827
  C:2D02H         LINE#         828
  C:2D05H         LINE#         829
  C:2D08H         LINE#         830
  C:2D08H         LINE#         831
  C:2D0EH         LINE#         832
  C:2D0EH         LINE#         833
  C:2D1CH         LINE#         834
  C:2D23H         LINE#         835
BL51 BANKED LINKER/LOCATER V6.22.2.0                                                  03/02/2020  12:27:56  PAGE 17


  C:2D23H         LINE#         836
  C:2D25H         LINE#         837
  C:2D25H         LINE#         838
  C:2D27H         LINE#         839
  C:2D2DH         LINE#         840
  C:2D2DH         LINE#         841
  C:2D2FH         LINE#         842
  C:2D31H         LINE#         843
  C:2D31H         LINE#         844
  C:2D31H         LINE#         845
  C:2D31H         LINE#         848
  C:2D3AH         LINE#         849
  C:2D3AH         LINE#         850
  C:2D3CH         LINE#         851
  C:2D3EH         LINE#         852
  C:2D40H         LINE#         853
  C:2D42H         LINE#         854
  C:2D44H         LINE#         855
  C:2D44H         LINE#         860
  C:2D4AH         LINE#         861
  C:2D4AH         LINE#         862
  C:2D4DH         LINE#         863
  C:2D56H         LINE#         864
  C:2D56H         LINE#         865
  C:2D58H         LINE#         867
  C:2D5EH         LINE#         868
  C:2D62H         LINE#         869
  C:2D66H         LINE#         870
  C:2D6AH         LINE#         871
  C:2D6EH         LINE#         872
  C:2D72H         LINE#         873
  C:2D77H         LINE#         875
  C:2D77H         LINE#         877
  C:2D7AH         LINE#         878
  C:2D83H         LINE#         879
  C:2D83H         LINE#         880
  C:2D85H         LINE#         882
  C:2D8BH         LINE#         883
  C:2D8FH         LINE#         884
  C:2D93H         LINE#         885
  C:2D97H         LINE#         886
  C:2D9BH         LINE#         887
  C:2D9FH         LINE#         888
  C:2DA4H         LINE#         889
  C:2DA4H         LINE#         891
  C:2DA7H         LINE#         892
  C:2DB9H         LINE#         893
  C:2DB9H         LINE#         894
  C:2DBBH         LINE#         896
  C:2DC1H         LINE#         897
  C:2DC5H         LINE#         898
  C:2DC9H         LINE#         899
  C:2DCDH         LINE#         900
  C:2DD1H         LINE#         901
  C:2DD5H         LINE#         902
  C:2DDAH         LINE#         903
  C:2DDAH         LINE#         905
BL51 BANKED LINKER/LOCATER V6.22.2.0                                                  03/02/2020  12:27:56  PAGE 18


  C:2DDAH         LINE#         918
  -------         ENDPROC       MAIN
  -------         ENDMOD        CREATOR

  -------         MODULE        UART
  C:0000H         SYMBOL        _ICE_DUMMY_
  D:0080H         PUBLIC        P0
  C:3E3FH         PUBLIC        _tx_chr
  B:00A8H.4       PUBLIC        ES
  C:3D49H         PUBLIC        _EscribirCadenaSoft
  B:0098H.0       PUBLIC        RI
  B:0098H.1       PUBLIC        TI
  D:0099H         PUBLIC        SBUF
  D:0087H         PUBLIC        PCON
  D:0098H         PUBLIC        SCON
  D:0089H         PUBLIC        TMOD
  D:0088H         PUBLIC        TCON
  D:008DH         PUBLIC        TH1
  D:008BH         PUBLIC        TL1
  B:0088H.6       PUBLIC        TR1
  C:3DD6H         PUBLIC        com_initialize
  B:0080H.7       PUBLIC        sel_com
  C:2F6DH         SYMBOL        com_isr
  -------         PROC          COM_INITIALIZE
  C:3DD6H         LINE#         50
  C:3DD6H         LINE#         51
  C:3DD6H         LINE#         52
  C:3DD8H         LINE#         53
  C:3DDBH         LINE#         54
  C:3DDEH         LINE#         55
  C:3DE1H         LINE#         56
  C:3DE4H         LINE#         61
  C:3DE7H         LINE#         62
  C:3DEAH         LINE#         69
  C:3DECH         LINE#         70
  C:3DEEH         LINE#         71
  -------         ENDPROC       COM_INITIALIZE
  -------         PROC          _ESCRIBIRCADENASOFT
  X:015AH         SYMBOL        tamano_cadena
  -------         DO            
  X:015BH         SYMBOL        i
  -------         ENDDO         
  C:3D49H         LINE#         74
  C:3D4EH         LINE#         75
  C:3D4EH         LINE#         78
  C:3D5DH         LINE#         79
  C:3D5DH         LINE#         80
  C:3D6CH         LINE#         81
  C:3D74H         LINE#         83
  -------         ENDPROC       _ESCRIBIRCADENASOFT
  -------         PROC          _TX_CHR
  D:0007H         SYMBOL        data_com
  C:3E3FH         LINE#         88
  C:3E3FH         LINE#         89
  C:3E3FH         LINE#         91
  C:3E41H         LINE#         92
  C:3E43H         LINE#         93
BL51 BANKED LINKER/LOCATER V6.22.2.0                                                  03/02/2020  12:27:56  PAGE 19


  C:3E46H         LINE#         94
  C:3E46H         LINE#         95
  C:3E46H         LINE#         96
  -------         ENDPROC       _TX_CHR
  -------         PROC          COM_ISR
  -------         DO            
  D:000FH         SYMBOL        cDatoRx
  -------         ENDDO         
  C:2F6DH         LINE#         99
  C:2F78H         LINE#         102
  C:2F7EH         LINE#         103
  C:2F7EH         LINE#         104
  C:2F80H         LINE#         105
  C:2F82H         LINE#         108
  C:2FAAH         LINE#         109
  C:2FAAH         LINE#         111
  C:2FAAH         LINE#         113
  C:2FAFH         LINE#         114
  C:2FAFH         LINE#         115
  C:2FB1H         LINE#         116
  C:2FB4H         LINE#         118
  C:2FB4H         LINE#         119
  C:2FB6H         LINE#         120
  C:2FBAH         LINE#         121
  C:2FBFH         LINE#         122
  C:2FC2H         LINE#         123
  C:2FC2H         LINE#         124
  C:2FC2H         LINE#         126
  C:2FC2H         LINE#         127
  C:2FC2H         LINE#         129
  C:2FC5H         LINE#         131
  C:2FC5H         LINE#         133
  C:2FCDH         LINE#         134
  C:2FCDH         LINE#         135
  C:2FD1H         LINE#         136
  C:2FD3H         LINE#         137
  C:2FE3H         LINE#         138
  C:2FE9H         LINE#         139
  C:2FE9H         LINE#         142
  C:2FECH         LINE#         144
  C:2FECH         LINE#         146
  C:2FFFH         LINE#         147
  C:3005H         LINE#         150
  C:3008H         LINE#         152
  C:3008H         LINE#         154
  C:301BH         LINE#         155
  C:3021H         LINE#         157
  C:3024H         LINE#         159
  C:3024H         LINE#         161
  C:3037H         LINE#         163
  C:3044H         LINE#         164
  C:3044H         LINE#         165
  C:3044H         LINE#         166
  C:3046H         LINE#         167
  C:304BH         LINE#         168
  C:304BH         LINE#         169
  C:3051H         LINE#         170
BL51 BANKED LINKER/LOCATER V6.22.2.0                                                  03/02/2020  12:27:56  PAGE 20


  C:3051H         LINE#         171
  C:3053H         LINE#         173
  C:3053H         LINE#         175
  C:3066H         LINE#         176
  C:3068H         LINE#         178
  C:306AH         LINE#         179
  C:306AH         LINE#         182
  C:3078H         LINE#         183
  C:3078H         LINE#         184
  C:307CH         LINE#         185
  C:307CH         LINE#         186
  C:307EH         LINE#         187
  C:3081H         LINE#         188
  C:308DH         LINE#         189
  C:308FH         LINE#         190
  C:308FH         LINE#         192
  C:308FH         LINE#         193
  C:309BH         LINE#         194
  C:30A1H         LINE#         195
  C:30ADH         LINE#         196
  C:30B3H         LINE#         198
  C:30B3H         LINE#         199
  C:30B5H         LINE#         201
  C:30B5H         LINE#         202
  C:30BAH         LINE#         203
  C:30BEH         LINE#         204
  C:30BEH         LINE#         205
  C:30C0H         LINE#         208
  C:30C0H         LINE#         209
  C:30C5H         LINE#         210
  C:30C5H         LINE#         211
  C:30C5H         LINE#         212
  C:30C5H         LINE#         217
  C:30C8H         LINE#         218
  C:30C8H         LINE#         219
  C:30CAH         LINE#         220
  C:30CCH         LINE#         221
  C:30CCH         LINE#         222
  -------         ENDPROC       COM_ISR
  -------         ENDMOD        UART

  -------         MODULE        DEBUG
  C:0000H         SYMBOL        _ICE_DUMMY_
  C:3C88H         PUBLIC        _Debug_txt_Tibbo
  D:0090H         PUBLIC        P1
  B:0090H.0       PUBLIC        txd2
  C:3C06H         PUBLIC        _tx_aux
  C:3E36H         PUBLIC        Debug_Dividir_texto
  C:3785H         PUBLIC        _ErrorWR
  C:3DBCH         PUBLIC        time_bit
  C:3B2EH         PUBLIC        _DebugBufferMF
  C:3C4AH         PUBLIC        _tx_auxH
  -------         PROC          TIME_BIT
  -------         DO            
  D:0007H         SYMBOL        j
  -------         ENDDO         
  C:3DBCH         LINE#         17
BL51 BANKED LINKER/LOCATER V6.22.2.0                                                  03/02/2020  12:27:56  PAGE 21


  C:3DBCH         LINE#         18
  C:3DBCH         LINE#         21
  C:3DC8H         LINE#         22
  C:3DC8H         LINE#         23
  C:3DC9H         LINE#         24
  C:3DCAH         LINE#         25
  C:3DCBH         LINE#         26
  C:3DCCH         LINE#         27
  C:3DCDH         LINE#         28
  C:3DCEH         LINE#         29
  C:3DCFH         LINE#         30
  C:3DD0H         LINE#         31
  C:3DD1H         LINE#         33
  C:3DD2H         LINE#         34
  C:3DD5H         LINE#         35
  -------         ENDPROC       TIME_BIT
  -------         PROC          _TX_AUX
  D:0006H         SYMBOL        caracter
  -------         DO            
  D:0004H         SYMBOL        j
  D:0005H         SYMBOL        temporal
  D:0006H         SYMBOL        bitTX
  -------         ENDDO         
  C:3C06H         LINE#         38
  C:3C08H         LINE#         39
  C:3C08H         LINE#         42
  C:3C0AH         LINE#         43
  C:3C0DH         LINE#         44
  C:3C0FH         LINE#         45
  C:3C13H         LINE#         46
  C:3C15H         LINE#         47
  C:3C15H         LINE#         48
  C:3C17H         LINE#         49
  C:3C19H         LINE#         51
  C:3C19H         LINE#         52
  C:3C1BH         LINE#         53
  C:3C1BH         LINE#         54
  C:3C1EH         LINE#         55
  C:3C2AH         LINE#         56
  C:3C2AH         LINE#         57
  C:3C2EH         LINE#         58
  C:3C31H         LINE#         59
  C:3C33H         LINE#         60
  C:3C33H         LINE#         61
  C:3C35H         LINE#         62
  C:3C37H         LINE#         64
  C:3C37H         LINE#         65
  C:3C39H         LINE#         66
  C:3C39H         LINE#         67
  C:3C3CH         LINE#         68
  C:3C3FH         LINE#         69
  C:3C41H         LINE#         70
  C:3C44H         LINE#         71
  C:3C47H         LINE#         72
  -------         ENDPROC       _TX_AUX
  -------         PROC          _TX_AUXH
  D:0003H         SYMBOL        caracter
BL51 BANKED LINKER/LOCATER V6.22.2.0                                                  03/02/2020  12:27:56  PAGE 22


  -------         DO            
  D:0002H         SYMBOL        temporal
  -------         ENDDO         
  C:3C4AH         LINE#         75
  C:3C4CH         LINE#         76
  C:3C4CH         LINE#         79
  C:3C4EH         LINE#         80
  C:3C53H         LINE#         81
  C:3C5DH         LINE#         82
  C:3C5DH         LINE#         83
  C:3C5FH         LINE#         84
  C:3C61H         LINE#         86
  C:3C61H         LINE#         87
  C:3C67H         LINE#         88
  C:3C67H         LINE#         90
  C:3C6BH         LINE#         91
  C:3C6FH         LINE#         92
  C:3C79H         LINE#         93
  C:3C79H         LINE#         94
  C:3C7BH         LINE#         95
  C:3C7DH         LINE#         97
  C:3C7DH         LINE#         98
  C:3C83H         LINE#         99
  C:3C83H         LINE#         100
  -------         ENDPROC       _TX_AUXH
  -------         PROC          _DEBUG_TXT_TIBBO
  X:015BH         SYMBOL        str
  -------         DO            
  X:015EH         SYMBOL        i
  -------         ENDDO         
  C:3C88H         LINE#         106
  C:3C93H         LINE#         107
  C:3C93H         LINE#         109
  C:3C96H         LINE#         112
  C:3CAFH         LINE#         113
  C:3CAFH         LINE#         114
  C:3CB2H         LINE#         115
  C:3CBAH         LINE#         118
  -------         ENDPROC       _DEBUG_TXT_TIBBO
  -------         PROC          DEBUG_DIVIDIR_TEXTO
  C:3E36H         LINE#         120
  C:3E36H         LINE#         121
  C:3E36H         LINE#         122
  -------         ENDPROC       DEBUG_DIVIDIR_TEXTO
  -------         PROC          _ERRORWR
  X:015AH         SYMBOL        TipoERR
  C:3785H         LINE#         125
  C:378AH         LINE#         126
  C:378AH         LINE#         127
  C:3793H         LINE#         129
  C:3799H         LINE#         130
  C:3799H         LINE#         131
  C:379FH         LINE#         133
  C:37A1H         LINE#         134
  C:37A9H         LINE#         135
  C:37A9H         LINE#         136
  C:37AFH         LINE#         138
BL51 BANKED LINKER/LOCATER V6.22.2.0                                                  03/02/2020  12:27:56  PAGE 23


  C:37B1H         LINE#         139
  C:37B9H         LINE#         140
  C:37B9H         LINE#         141
  C:37BFH         LINE#         143
  C:37C1H         LINE#         144
  C:37C9H         LINE#         145
  C:37C9H         LINE#         146
  C:37CFH         LINE#         148
  C:37D1H         LINE#         149
  C:37D9H         LINE#         150
  C:37D9H         LINE#         151
  C:37DFH         LINE#         153
  C:37E1H         LINE#         154
  C:37E9H         LINE#         155
  C:37E9H         LINE#         156
  C:37EFH         LINE#         158
  C:37F1H         LINE#         159
  C:37F9H         LINE#         160
  C:37F9H         LINE#         161
  C:3802H         LINE#         163
  C:3802H         LINE#         165
  -------         ENDPROC       _ERRORWR
  -------         PROC          _DEBUGBUFFERMF
  X:015AH         SYMBOL        str
  X:015DH         SYMBOL        num_char
  -------         DO            
  X:015EH         SYMBOL        j
  -------         ENDDO         
  C:3B2EH         LINE#         166
  C:3B3CH         LINE#         167
  C:3B3CH         LINE#         172
  C:3B4AH         LINE#         173
  C:3B4AH         LINE#         174
  C:3B5CH         LINE#         175
  C:3B66H         LINE#         176
  C:3B6EH         LINE#         177
  C:3B73H         LINE#         178
  -------         ENDPROC       _DEBUGBUFFERMF
  -------         ENDMOD        DEBUG

  -------         MODULE        CRT_288
  C:0000H         SYMBOL        _ICE_DUMMY_
  C:3D75H         PUBLIC        _num_num
  C:3D1BH         PUBLIC        Get_Status
  C:3B78H         PUBLIC        eject_card
  C:39AAH         PUBLIC        _Select_S2_Block
  C:3A4CH         PUBLIC        LoadPass
  C:3803H         PUBLIC        _Graba_S1_BloqueSel
  C:3CECH         PUBLIC        Select_Card
  C:3954H         PUBLIC        _Lea_S1_Block
  C:3A98H         PUBLIC        LoadPass2
  C:3E04H         PUBLIC        _num_char
  -------         PROC          EJECT_CARD
  C:3B78H         LINE#         55
  C:3B78H         LINE#         56
  C:3B78H         LINE#         58
  C:3B7EH         LINE#         59
BL51 BANKED LINKER/LOCATER V6.22.2.0                                                  03/02/2020  12:27:56  PAGE 24


  C:3B81H         LINE#         60
  C:3B85H         LINE#         61
  C:3B89H         LINE#         62
  C:3B8DH         LINE#         63
  C:3B91H         LINE#         64
  C:3B95H         LINE#         65
  C:3B9AH         LINE#         67
  C:3B9FH         LINE#         68
  C:3BA5H         LINE#         69
  C:3BAEH         LINE#         70
  C:3BBFH         LINE#         71
  -------         ENDPROC       EJECT_CARD
  -------         PROC          GET_STATUS
  C:3D1BH         LINE#         82
  C:3D1BH         LINE#         83
  C:3D1BH         LINE#         85
  C:3D21H         LINE#         86
  C:3D24H         LINE#         87
  C:3D28H         LINE#         88
  C:3D2CH         LINE#         89
  C:3D2FH         LINE#         90
  C:3D33H         LINE#         91
  C:3D36H         LINE#         92
  C:3D3BH         LINE#         93
  C:3D40H         LINE#         94
  C:3D48H         LINE#         95
  -------         ENDPROC       GET_STATUS
  -------         PROC          SELECT_CARD
  C:3CECH         LINE#         98
  C:3CECH         LINE#         99
  C:3CECH         LINE#         100
  C:3CF2H         LINE#         101
  C:3CF5H         LINE#         102
  C:3CF9H         LINE#         103
  C:3CFDH         LINE#         104
  C:3D01H         LINE#         105
  C:3D05H         LINE#         106
  C:3D09H         LINE#         107
  C:3D0DH         LINE#         108
  C:3D12H         LINE#         109
  C:3D1AH         LINE#         110
  -------         ENDPROC       SELECT_CARD
  -------         PROC          LOADPASS
  C:3A4CH         LINE#         121
  C:3A4CH         LINE#         122
  C:3A4CH         LINE#         124
  C:3A52H         LINE#         125
  C:3A55H         LINE#         126
  C:3A59H         LINE#         127
  C:3A5DH         LINE#         128
  C:3A61H         LINE#         129
  C:3A65H         LINE#         131
  C:3A69H         LINE#         132
  C:3A6DH         LINE#         133
  C:3A71H         LINE#         134
  C:3A75H         LINE#         135
  C:3A79H         LINE#         136
BL51 BANKED LINKER/LOCATER V6.22.2.0                                                  03/02/2020  12:27:56  PAGE 25


  C:3A7DH         LINE#         138
  C:3A81H         LINE#         139
  C:3A85H         LINE#         140
  C:3A8AH         LINE#         142
  C:3A8FH         LINE#         143
  C:3A97H         LINE#         144
  -------         ENDPROC       LOADPASS
  -------         PROC          LOADPASS2
  C:3A98H         LINE#         149
  C:3A98H         LINE#         150
  C:3A98H         LINE#         152
  C:3A9EH         LINE#         153
  C:3AA1H         LINE#         154
  C:3AA5H         LINE#         155
  C:3AA9H         LINE#         156
  C:3AADH         LINE#         157
  C:3AB1H         LINE#         159
  C:3AB5H         LINE#         160
  C:3AB9H         LINE#         161
  C:3ABDH         LINE#         162
  C:3AC1H         LINE#         163
  C:3AC5H         LINE#         164
  C:3AC9H         LINE#         167
  C:3ACDH         LINE#         168
  C:3AD1H         LINE#         169
  C:3AD6H         LINE#         171
  C:3ADBH         LINE#         172
  C:3AE3H         LINE#         173
  -------         ENDPROC       LOADPASS2
  -------         PROC          _LEA_S1_BLOCK
  D:0007H         SYMBOL        Bloque
  -------         DO            
  D:0006H         SYMBOL        BCC
  D:0007H         SYMBOL        j
  -------         ENDDO         
  C:3954H         LINE#         187
  C:3954H         LINE#         188
  C:3954H         LINE#         191
  C:3956H         LINE#         193
  C:395CH         LINE#         194
  C:395FH         LINE#         195
  C:3963H         LINE#         196
  C:3967H         LINE#         197
  C:396BH         LINE#         198
  C:396FH         LINE#         199
  C:3972H         LINE#         200
  C:3976H         LINE#         202
  C:3982H         LINE#         203
  C:3982H         LINE#         204
  C:398FH         LINE#         205
  C:3992H         LINE#         207
  C:3997H         LINE#         208
  C:399CH         LINE#         210
  C:39A1H         LINE#         211
  C:39A9H         LINE#         212
  -------         ENDPROC       _LEA_S1_BLOCK
  -------         PROC          _SELECT_S2_BLOCK
BL51 BANKED LINKER/LOCATER V6.22.2.0                                                  03/02/2020  12:27:56  PAGE 26


  D:0007H         SYMBOL        Bloque
  -------         DO            
  D:0006H         SYMBOL        BCC
  D:0007H         SYMBOL        j
  -------         ENDDO         
  C:39AAH         LINE#         217
  C:39AAH         LINE#         218
  C:39AAH         LINE#         220
  C:39ACH         LINE#         222
  C:39B2H         LINE#         223
  C:39B5H         LINE#         224
  C:39B9H         LINE#         225
  C:39BDH         LINE#         226
  C:39C1H         LINE#         227
  C:39C5H         LINE#         228
  C:39C8H         LINE#         229
  C:39CCH         LINE#         231
  C:39D8H         LINE#         232
  C:39D8H         LINE#         233
  C:39E5H         LINE#         234
  C:39E8H         LINE#         236
  C:39EDH         LINE#         237
  C:39F2H         LINE#         239
  C:39F7H         LINE#         240
  C:39FFH         LINE#         241
  -------         ENDPROC       _SELECT_S2_BLOCK
  -------         PROC          _GRABA_S1_BLOQUESEL
  D:0007H         SYMBOL        Bloque
  -------         DO            
  D:0006H         SYMBOL        BCC
  D:0007H         SYMBOL        j
  -------         ENDDO         
  C:3803H         LINE#         253
  C:3803H         LINE#         254
  C:3803H         LINE#         257
  C:3805H         LINE#         259
  C:380BH         LINE#         260
  C:380EH         LINE#         261
  C:3812H         LINE#         262
  C:3816H         LINE#         263
  C:3819H         LINE#         264
  C:381DH         LINE#         265
  C:3820H         LINE#         267
  C:382CH         LINE#         268
  C:382CH         LINE#         269
  C:3844H         LINE#         270
  C:3847H         LINE#         272
  C:384DH         LINE#         274
  C:3859H         LINE#         275
  C:3859H         LINE#         276
  C:3866H         LINE#         277
  C:3869H         LINE#         279
  C:386EH         LINE#         280
  C:3873H         LINE#         282
  C:3878H         LINE#         283
  C:3880H         LINE#         284
  -------         ENDPROC       _GRABA_S1_BLOQUESEL
BL51 BANKED LINKER/LOCATER V6.22.2.0                                                  03/02/2020  12:27:56  PAGE 27


  -------         PROC          _NUM_NUM
  D:0001H         SYMBOL        p
  -------         DO            
  D:0007H         SYMBOL        contador
  -------         ENDDO         
  C:3D75H         LINE#         289
  C:3D75H         LINE#         290
  C:3D75H         LINE#         291
  C:3D77H         LINE#         292
  C:3D8EH         LINE#         293
  C:3D8EH         LINE#         295
  C:3D95H         LINE#         296
  C:3D96H         LINE#         297
  C:3D98H         LINE#         298
  C:3D98H         LINE#         299
  -------         ENDPROC       _NUM_NUM
  -------         PROC          _NUM_CHAR
  D:0001H         SYMBOL        p
  D:0005H         SYMBOL        chr
  -------         DO            
  D:0007H         SYMBOL        contador
  -------         ENDDO         
  C:3E04H         LINE#         303
  C:3E04H         LINE#         304
  C:3E04H         LINE#         305
  C:3E06H         LINE#         306
  C:3E0CH         LINE#         307
  C:3E0CH         LINE#         309
  C:3E13H         LINE#         310
  C:3E14H         LINE#         311
  C:3E16H         LINE#         312
  C:3E16H         LINE#         313
  -------         ENDPROC       _NUM_CHAR
  -------         ENDMOD        CRT_288

  -------         MODULE        PTOPRLELO
  C:0000H         SYMBOL        _ICE_DUMMY_
  D:0080H         PUBLIC        P0
  D:00A0H         PUBLIC        P2
  D:00B0H         PUBLIC        P3
  C:3667H         PUBLIC        recibe_port
  B:00B0H.2       PUBLIC        ready
  B:0080H.6       PUBLIC        rx_in_data
  C:0021H         PUBLIC        wait
  B:00B0H.3       PUBLIC        busy
  C:3E17H         PUBLIC        wait_long
  B:00B0H.4       PUBLIC        port_clk
  -------         PROC          WAIT
  C:0021H         LINE#         55
  C:0021H         LINE#         57
  -------         ENDPROC       WAIT
  -------         PROC          WAIT_LONG
  -------         DO            
  D:0006H         SYMBOL        j
  -------         ENDDO         
  C:3E17H         LINE#         59
  C:3E17H         LINE#         61
BL51 BANKED LINKER/LOCATER V6.22.2.0                                                  03/02/2020  12:27:56  PAGE 28


  C:3E1AH         LINE#         62
  C:3E1AH         LINE#         63
  C:3E1DH         LINE#         64
  C:3E28H         LINE#         65
  -------         ENDPROC       WAIT_LONG
  -------         PROC          RECIBE_PORT
  -------         DO            
  D:0004H         SYMBOL        count
  D:0006H         SYMBOL        time_out
  D:0007H         SYMBOL        j
  -------         ENDDO         
  C:3667H         LINE#         70
  C:3667H         LINE#         71
  C:3667H         LINE#         76
  C:366CH         LINE#         79
  C:3677H         LINE#         80
  C:3677H         LINE#         81
  C:3684H         LINE#         82
  C:3687H         LINE#         85
  C:368AH         LINE#         86
  C:368AH         LINE#         87
  C:368CH         LINE#         88
  C:368EH         LINE#         89
  C:3690H         LINE#         90
  C:3691H         LINE#         91
  C:369BH         LINE#         92
  C:369BH         LINE#         93
  C:36A1H         LINE#         94
  C:36A1H         LINE#         96
  C:36A1H         LINE#         97
  C:36AEH         LINE#         98
  C:36B7H         LINE#         99
  C:36B7H         LINE#         100
  C:36C4H         LINE#         101
  C:36CAH         LINE#         102
  C:36CDH         LINE#         103
  C:36D3H         LINE#         104
  C:36D3H         LINE#         105
  C:36D8H         LINE#         106
  C:36E1H         LINE#         107
  C:36E1H         LINE#         108
  C:36E3H         LINE#         109
  C:36E5H         LINE#         110
  C:36E5H         LINE#         111
  C:36E7H         LINE#         112
  C:36E7H         LINE#         113
  C:36EAH         LINE#         114
  C:36EAH         LINE#         115
  C:36ECH         LINE#         116
  C:36ECH         LINE#         117
  C:36EEH         LINE#         118
  C:36F1H         LINE#         119
  C:36F3H         LINE#         120
  C:36F3H         LINE#         121
  C:36F5H         LINE#         122
  C:36F8H         LINE#         124
  -------         ENDPROC       RECIBE_PORT
BL51 BANKED LINKER/LOCATER V6.22.2.0                                                  03/02/2020  12:27:56  PAGE 29


  -------         ENDMOD        PTOPRLELO

  -------         MODULE        LECTOR
  C:0000H         SYMBOL        _ICE_DUMMY_
  D:0080H         PUBLIC        P0
  D:0090H         PUBLIC        P1
  D:00A0H         PUBLIC        P2
  D:00B0H         PUBLIC        P3
  C:331AH         PUBLIC        _Send_Port
  B:00B0H.2       PUBLIC        ready
  B:00A8H.4       PUBLIC        ES
  B:0080H.6       PUBLIC        rx_in_data
  B:0090H.7       PUBLIC        lock
  B:00B0H.3       PUBLIC        busy
  C:0026H         PUBLIC        ProcesoLector
  B:00B0H.4       PUBLIC        port_clk
  B:0080H.7       PUBLIC        sel_com
  -------         PROC          L?0500
  -------         ENDPROC       L?0500
  -------         PROC          _SEND_PORT
  X:015AH         SYMBOL        NumChar
  -------         DO            
  X:015BH         SYMBOL        j
  X:015CH         SYMBOL        cont
  -------         ENDDO         
  C:331AH         LINE#         225
  C:331FH         LINE#         226
  C:331FH         LINE#         230
  C:3321H         LINE#         231
  C:3323H         LINE#         232
  C:3325H         LINE#         233
  C:3327H         LINE#         234
  C:3331H         LINE#         235
  C:3337H         LINE#         236
  C:3337H         LINE#         237
  C:335BH         LINE#         238
  C:336FH         LINE#         239
  C:336FH         LINE#         240
  C:3371H         LINE#         241
  C:3371H         LINE#         242
  C:3373H         LINE#         243
  C:3379H         LINE#         244
  C:3379H         LINE#         245
  C:338AH         LINE#         246
  C:338AH         LINE#         247
  C:3397H         LINE#         248
  C:3399H         LINE#         249
  C:339CH         LINE#         250
  C:339EH         LINE#         251
  C:33A1H         LINE#         252
  C:33A9H         LINE#         253
  C:33A9H         LINE#         254
  C:33ACH         LINE#         255
  C:33AEH         LINE#         256
  C:33B0H         LINE#         257
  C:33B2H         LINE#         258
  C:33B5H         LINE#         260
BL51 BANKED LINKER/LOCATER V6.22.2.0                                                  03/02/2020  12:27:56  PAGE 30


  C:33B7H         LINE#         261
  -------         ENDPROC       _SEND_PORT
  -------         PROC          PROCESOLECTOR
  -------         DO            
  X:0154H         SYMBOL        j
  X:0155H         SYMBOL        temp
  X:0156H         SYMBOL        temp2
  X:0157H         SYMBOL        tipo_vehiculo
  X:0131H         SYMBOL        BID1
  X:0132H         SYMBOL        BID2
  X:0133H         SYMBOL        BID3
  X:0134H         SYMBOL        BID4
  X:0135H         SYMBOL        vehiculo
  X:0136H         SYMBOL        contador_QR
  X:0137H         SYMBOL        Ticket
  X:0141H         SYMBOL        fecha
  -------         ENDDO         
  C:0026H         LINE#         262
  C:0026H         LINE#         263
  C:0026H         LINE#         271
  C:0097H         LINE#         272
  C:0097H         LINE#         274
  C:0097H         LINE#         275
  C:00A9H         LINE#         276
  C:00A9H         LINE#         277
  C:00AFH         LINE#         278
  C:00B4H         LINE#         279
  C:00BBH         LINE#         280
  C:00BBH         LINE#         281
  C:00BBH         LINE#         282
  C:00BEH         LINE#         284
  C:00BEH         LINE#         286
  C:00CDH         LINE#         287
  C:00CDH         LINE#         288
  C:00D3H         LINE#         289
  C:00D6H         LINE#         290
  C:00D6H         LINE#         292
  C:00D6H         LINE#         294
  C:00D6H         LINE#         296
  C:00D9H         LINE#         297
  C:00D9H         LINE#         298
  C:00DBH         LINE#         299
  C:00E2H         LINE#         300
  C:00E2H         LINE#         301
  C:00EBH         LINE#         302
  C:00EEH         LINE#         303
  C:00F4H         LINE#         304
  C:00FDH         LINE#         305
  C:00FDH         LINE#         307
  C:00FDH         LINE#         311
  C:0106H         LINE#         312
  C:010AH         LINE#         313
  C:010CH         LINE#         314
  C:0111H         LINE#         315
  C:0111H         LINE#         316
  C:0111H         LINE#         317
  C:0111H         LINE#         318
BL51 BANKED LINKER/LOCATER V6.22.2.0                                                  03/02/2020  12:27:56  PAGE 31


  C:0114H         LINE#         319
  C:0123H         LINE#         320
  C:0123H         LINE#         321
  C:0125H         LINE#         322
  C:0129H         LINE#         323
  C:0129H         LINE#         324
  C:0129H         LINE#         325
  C:0129H         LINE#         326
  C:0129H         LINE#         329
  C:012CH         LINE#         331
  C:012CH         LINE#         332
  C:0132H         LINE#         333
  C:0132H         LINE#         334
  C:0134H         LINE#         335
  C:013FH         LINE#         336
  C:013FH         LINE#         341
  C:0145H         LINE#         342
  C:014DH         LINE#         343
  C:0155H         LINE#         344
  C:015DH         LINE#         346
  C:0162H         LINE#         347
  C:0167H         LINE#         348
  C:016CH         LINE#         349
  C:0171H         LINE#         350
  C:0176H         LINE#         351
  C:017BH         LINE#         353
  C:0183H         LINE#         354
  C:018BH         LINE#         355
  C:0193H         LINE#         356
  C:0198H         LINE#         358
  C:01A0H         LINE#         359
  C:01A8H         LINE#         360
  C:01B0H         LINE#         361
  C:01B5H         LINE#         363
  C:01BDH         LINE#         364
  C:01C5H         LINE#         365
  C:01CDH         LINE#         366
  C:01D2H         LINE#         368
  C:01DAH         LINE#         369
  C:01E2H         LINE#         370
  C:01EAH         LINE#         371
  C:01EFH         LINE#         373
  C:01F4H         LINE#         374
  C:01F9H         LINE#         376
  C:01FCH         LINE#         377
  C:0201H         LINE#         378
  C:0201H         LINE#         380
  C:0204H         LINE#         389
  C:0213H         LINE#         390
  C:0213H         LINE#         391
  C:0213H         LINE#         392
  C:0213H         LINE#         394
  C:0213H         LINE#         396
  C:0216H         LINE#         398
  C:0216H         LINE#         400
  C:0219H         LINE#         401
  C:0219H         LINE#         402
BL51 BANKED LINKER/LOCATER V6.22.2.0                                                  03/02/2020  12:27:56  PAGE 32


  C:021BH         LINE#         403
  C:0222H         LINE#         404
  C:0222H         LINE#         406
  C:0227H         LINE#         407
  C:022DH         LINE#         409
  C:022EH         LINE#         411
  C:022EH         LINE#         412
  C:0234H         LINE#         413
  C:0234H         LINE#         414
  C:0234H         LINE#         417
  C:0236H         LINE#         418
  C:0245H         LINE#         419
  C:0245H         LINE#         420
  C:024EH         LINE#         421
  C:0250H         LINE#         423
  C:0250H         LINE#         425
  C:0253H         LINE#         427
  C:0253H         LINE#         429
  C:0255H         LINE#         431
  C:0256H         LINE#         434
  C:0256H         LINE#         436
  C:025CH         LINE#         437
  C:025CH         LINE#         438
  C:025EH         LINE#         439
  C:0269H         LINE#         440
  C:0269H         LINE#         442
  C:026BH         LINE#         443
  C:026EH         LINE#         444
  C:0277H         LINE#         445
  C:0285H         LINE#         446
  C:028EH         LINE#         447
  C:0291H         LINE#         449
  C:029AH         LINE#         450
  C:02A3H         LINE#         451
  C:02A6H         LINE#         452
  C:02AEH         LINE#         453
  C:02B6H         LINE#         454
  C:02BBH         LINE#         455
  C:02C0H         LINE#         456
  C:02C5H         LINE#         457
  C:02C8H         LINE#         458
  C:02D1H         LINE#         459
  C:02DAH         LINE#         460
  C:02DDH         LINE#         461
  C:02E5H         LINE#         462
  C:02EDH         LINE#         463
  C:02F2H         LINE#         464
  C:02F7H         LINE#         465
  C:02FCH         LINE#         466
  C:02FFH         LINE#         467
  C:0308H         LINE#         468
  C:0310H         LINE#         469
  C:0319H         LINE#         470
  C:031CH         LINE#         473
  C:0325H         LINE#         474
  C:032EH         LINE#         475
  C:0331H         LINE#         476
BL51 BANKED LINKER/LOCATER V6.22.2.0                                                  03/02/2020  12:27:56  PAGE 33


  C:0339H         LINE#         477
  C:0341H         LINE#         478
  C:0346H         LINE#         480
  C:034BH         LINE#         481
  C:0350H         LINE#         483
  C:0353H         LINE#         484
  C:035CH         LINE#         485
  C:0364H         LINE#         486
  C:036DH         LINE#         487
  C:0370H         LINE#         488
  C:0383H         LINE#         489
  C:0383H         LINE#         490
  C:039CH         LINE#         491
  C:03ABH         LINE#         492
  C:03B3H         LINE#         493
  C:03BBH         LINE#         494
  C:03C0H         LINE#         495
  C:03C8H         LINE#         496
  C:03CDH         LINE#         497
  C:03D2H         LINE#         499
  C:0404H         LINE#         500
  C:0404H         LINE#         501
  C:041EH         LINE#         502
  C:041EH         LINE#         503
  C:0424H         LINE#         504
  C:0424H         LINE#         505
  C:042AH         LINE#         506
  C:042AH         LINE#         507
  C:042CH         LINE#         508
  C:042EH         LINE#         510
  C:042EH         LINE#         511
  C:0430H         LINE#         512
  C:0430H         LINE#         513
  C:0436H         LINE#         514
  C:043CH         LINE#         515
  C:043EH         LINE#         517
  C:0444H         LINE#         518
  C:0448H         LINE#         520
  C:0448H         LINE#         522
  C:0448H         LINE#         523
  C:0451H         LINE#         525
  C:0453H         LINE#         526
  C:0453H         LINE#         528
  C:0456H         LINE#         530
  C:045EH         LINE#         531
  C:045EH         LINE#         533
  C:0464H         LINE#         534
  C:0464H         LINE#         535
  C:0466H         LINE#         536
  C:0468H         LINE#         537
  C:046AH         LINE#         538
  C:046CH         LINE#         539
  C:046EH         LINE#         540
  C:046EH         LINE#         542
  C:0474H         LINE#         543
  C:0478H         LINE#         544
  C:047CH         LINE#         545
BL51 BANKED LINKER/LOCATER V6.22.2.0                                                  03/02/2020  12:27:56  PAGE 34


  C:0480H         LINE#         546
  C:0484H         LINE#         547
  C:0487H         LINE#         548
  C:0487H         LINE#         549
  C:0487H         LINE#         550
  C:0487H         LINE#         551
  C:0487H         LINE#         552
  C:0487H         LINE#         553
  C:0487H         LINE#         554
  C:0487H         LINE#         555
  C:0487H         LINE#         556
  C:0487H         LINE#         558
  C:048AH         LINE#         559
  C:0492H         LINE#         560
  C:0492H         LINE#         562
  C:0498H         LINE#         563
  C:0498H         LINE#         564
  C:049AH         LINE#         565
  C:049CH         LINE#         566
  C:049EH         LINE#         567
  C:04A0H         LINE#         568
  C:04A2H         LINE#         569
  C:04A2H         LINE#         570
  C:04A8H         LINE#         571
  C:04ACH         LINE#         572
  C:04B0H         LINE#         573
  C:04B4H         LINE#         574
  C:04B8H         LINE#         575
  C:04BBH         LINE#         576
  C:04BBH         LINE#         577
  C:04BBH         LINE#         578
  C:04BBH         LINE#         579
  C:04BBH         LINE#         580
  C:04BBH         LINE#         581
  C:04BBH         LINE#         582
  C:04BBH         LINE#         583
  C:04BBH         LINE#         584
  C:04BBH         LINE#         586
  C:04BEH         LINE#         587
  C:04C6H         LINE#         588
  C:04C6H         LINE#         590
  C:04CCH         LINE#         591
  C:04CCH         LINE#         592
  C:04CEH         LINE#         593
  C:04D0H         LINE#         594
  C:04D2H         LINE#         595
  C:04D4H         LINE#         596
  C:04D6H         LINE#         597
  C:04D6H         LINE#         599
  C:04DCH         LINE#         600
  C:04E0H         LINE#         601
  C:04E4H         LINE#         602
  C:04E8H         LINE#         603
  C:04ECH         LINE#         604
  C:04EFH         LINE#         605
  C:04EFH         LINE#         606
  C:04EFH         LINE#         607
BL51 BANKED LINKER/LOCATER V6.22.2.0                                                  03/02/2020  12:27:56  PAGE 35


  C:04EFH         LINE#         608
  C:04EFH         LINE#         609
  C:04EFH         LINE#         610
  C:04F2H         LINE#         611
  C:04F5H         LINE#         612
  C:04F5H         LINE#         613
  C:04FAH         LINE#         614
  C:04FAH         LINE#         615
  C:04FAH         LINE#         616
  C:04FAH         LINE#         617
  C:04FAH         LINE#         619
  C:04FCH         LINE#         621
  C:0507H         LINE#         622
  C:0507H         LINE#         624
  C:0509H         LINE#         625
  C:050BH         LINE#         626
  C:050DH         LINE#         627
  C:050FH         LINE#         628
  C:0511H         LINE#         629
  C:0517H         LINE#         630
  C:051BH         LINE#         631
  C:051FH         LINE#         632
  C:0523H         LINE#         633
  C:0527H         LINE#         634
  C:052AH         LINE#         635
  C:052AH         LINE#         636
  C:052AH         LINE#         637
  C:052AH         LINE#         638
  C:052AH         LINE#         639
  C:052AH         LINE#         640
  C:052DH         LINE#         641
  C:0532H         LINE#         642
  C:0532H         LINE#         643
  C:0532H         LINE#         644
  C:0534H         LINE#         645
  C:053FH         LINE#         646
  C:053FH         LINE#         648
  C:0545H         LINE#         649
  C:0545H         LINE#         650
  C:054EH         LINE#         651
  C:0550H         LINE#         652
  C:0552H         LINE#         653
  C:0554H         LINE#         654
  C:0556H         LINE#         655
  C:0558H         LINE#         656
  C:055EH         LINE#         657
  C:0562H         LINE#         658
  C:0566H         LINE#         659
  C:056AH         LINE#         660
  C:056EH         LINE#         661
  C:0572H         LINE#         662
  C:057AH         LINE#         663
  C:0582H         LINE#         664
  C:058AH         LINE#         665
  C:0592H         LINE#         666
  C:0596H         LINE#         668
  C:059BH         LINE#         669
BL51 BANKED LINKER/LOCATER V6.22.2.0                                                  03/02/2020  12:27:56  PAGE 36


  C:05A1H         LINE#         670
  C:05A5H         LINE#         671
  C:05A5H         LINE#         677
  C:05A8H         LINE#         679
  C:05A8H         LINE#         680
  C:05B1H         LINE#         682
  C:05B3H         LINE#         683
  C:05B3H         LINE#         688
  C:05B6H         LINE#         690
  C:05B6H         LINE#         692
  C:05BEH         LINE#         693
  C:05C6H         LINE#         694
  C:05CEH         LINE#         695
  C:05D3H         LINE#         696
  C:05D5H         LINE#         697
  C:05D5H         LINE#         699
  C:05D8H         LINE#         701
  C:05D8H         LINE#         703
  C:05E1H         LINE#         704
  C:05E3H         LINE#         705
  C:05E3H         LINE#         706
  C:05E6H         LINE#         708
  C:05E6H         LINE#         709
  C:05EFH         LINE#         710
  C:05F1H         LINE#         712
  C:05F1H         LINE#         714
  C:05F4H         LINE#         715
  C:0603H         LINE#         716
  C:0603H         LINE#         717
  C:060CH         LINE#         718
  C:060EH         LINE#         719
  C:060EH         LINE#         720
  C:0611H         LINE#         723
  C:0611H         LINE#         725
  C:0617H         LINE#         726
  C:0617H         LINE#         727
  C:0619H         LINE#         728
  C:0624H         LINE#         729
  C:0624H         LINE#         730
  C:062DH         LINE#         733
  C:0640H         LINE#         734
  C:0640H         LINE#         735
  C:0659H         LINE#         736
  C:0668H         LINE#         737
  C:0670H         LINE#         738
  C:0675H         LINE#         739
  C:067AH         LINE#         743
  C:067DH         LINE#         744
  C:067DH         LINE#         746
[...]


  C:1A9EH         LINE#         2049
  C:1AA3H         LINE#         2050
  C:1AA8H         LINE#         2053
  C:1ABAH         LINE#         2054
  C:1ABAH         LINE#         2055
  C:1AD3H         LINE#         2056
  C:1ADBH         LINE#         2060
  C:1ADEH         LINE#         2062
  C:1AE4H         LINE#         2063
  C:1AE7H         LINE#         2064
  C:1AE9H         LINE#         2065
  C:1AEFH         LINE#         2067
  C:1AF4H         LINE#         2068
  C:1AFCH         LINE#         2075
  C:1AFEH         LINE#         2077
  C:1AFEH         LINE#         2078
  C:1B08H         LINE#         2079
  C:1B08H         LINE#         2080
  C:1B0AH         LINE#         2081
  C:1B0CH         LINE#         2082
  C:1B0EH         LINE#         2083
  C:1B11H         LINE#         2084
  C:1B11H         LINE#         2085
  C:1B16H         LINE#         2086
  C:1B16H         LINE#         2087
  C:1B19H         LINE#         2088
  C:1B1BH         LINE#         2089
  C:1B21H         LINE#         2090
  C:1B21H         LINE#         2091
  C:1B21H         LINE#         2092
  C:1B21H         LINE#         2093
  C:1B21H         LINE#         2094
  C:1B24H         LINE#         2096
  C:1B24H         LINE#         2097
  C:1B33H         LINE#         2098
  C:1B33H         LINE#         2099
  C:1B39H         LINE#         2100
  C:1B39H         LINE#         2101
  C:1B3CH         LINE#         2102
  C:1B3CH         LINE#         2103
  C:1B3EH         LINE#         2104
  C:1B44H         LINE#         2105
  C:1B49H         LINE#         2106
  C:1B51H         LINE#         2107
  C:1B51H         LINE#         2108
  C:1B52H         LINE#         2110
  C:1B52H         LINE#         2112
  C:1B61H         LINE#         2113
  C:1B61H         LINE#         2114
  C:1B67H         LINE#         2115
  C:1B67H         LINE#         2116
  C:1B69H         LINE#         2117
  C:1B6CH         LINE#         2118
  C:1B72H         LINE#         2119
  C:1B74H         LINE#         2121
  C:1B74H         LINE#         2122
  C:1B79H         LINE#         2123
BL51 BANKED LINKER/LOCATER V6.22.2.0                                                  03/02/2020  12:27:56  PAGE 54


  C:1B7EH         LINE#         2124
  C:1B7EH         LINE#         2125
  C:1B80H         LINE#         2126
  C:1B80H         LINE#         2127
  C:1B80H         LINE#         2128
  C:1B80H         LINE#         2130
  C:1B83H         LINE#         2132
  C:1B83H         LINE#         2133
  C:1B95H         LINE#         2134
  C:1B95H         LINE#         2135
  C:1B9FH         LINE#         2136
  C:1B9FH         LINE#         2137
  C:1BA8H         LINE#         2138
  C:1BABH         LINE#         2139
  C:1BB1H         LINE#         2140
  C:1BB3H         LINE#         2142
  C:1BB3H         LINE#         2143
  C:1BB8H         LINE#         2144
  C:1BBDH         LINE#         2145
  C:1BC2H         LINE#         2146
  C:1BC2H         LINE#         2148
  C:1BC4H         LINE#         2149
  C:1BC4H         LINE#         2150
  C:1BC4H         LINE#         2151
  C:1BC4H         LINE#         2152
  C:1BC7H         LINE#         2154
  C:1BC7H         LINE#         2156
  C:1BD9H         LINE#         2157
  C:1BD9H         LINE#         2158
  C:1BE3H         LINE#         2159
  C:1BE3H         LINE#         2160
  C:1BEBH         LINE#         2161
  C:1BF1H         LINE#         2162
  C:1BF3H         LINE#         2163
  C:1BF5H         LINE#         2164
  C:1BF7H         LINE#         2166
  C:1BF7H         LINE#         2167
  C:1C00H         LINE#         2169
  C:1C06H         LINE#         2170
  C:1C06H         LINE#         2171
  C:1C08H         LINE#         2172
  C:1C08H         LINE#         2173
  C:1C08H         LINE#         2174
  C:1C08H         LINE#         2176
  C:1C0BH         LINE#         2180
  C:1C0BH         LINE#         2181
  C:1C1DH         LINE#         2182
  C:1C1DH         LINE#         2183
  C:1C27H         LINE#         2184
  C:1C27H         LINE#         2185
  C:1C30H         LINE#         2186
  C:1C33H         LINE#         2187
  C:1C39H         LINE#         2189
  C:1C3BH         LINE#         2191
  C:1C3BH         LINE#         2192
  C:1C40H         LINE#         2193
  C:1C45H         LINE#         2194
BL51 BANKED LINKER/LOCATER V6.22.2.0                                                  03/02/2020  12:27:56  PAGE 55


  C:1C4AH         LINE#         2195
  C:1C4AH         LINE#         2197
  C:1C4CH         LINE#         2198
  C:1C4CH         LINE#         2199
  C:1C4CH         LINE#         2200
  C:1C4CH         LINE#         2201
  C:1C4FH         LINE#         2206
  C:1C4FH         LINE#         2207
  C:1C55H         LINE#         2208
  C:1C55H         LINE#         2209
  C:1C57H         LINE#         2210
  C:1C62H         LINE#         2211
  C:1C62H         LINE#         2216
  C:1C68H         LINE#         2217
  C:1C70H         LINE#         2218
  C:1C78H         LINE#         2219
  C:1C80H         LINE#         2220
  C:1C89H         LINE#         2222
  C:1C91H         LINE#         2223
  C:1C99H         LINE#         2224
  C:1CA1H         LINE#         2225
  C:1CA6H         LINE#         2227
  C:1CAEH         LINE#         2228
  C:1CB6H         LINE#         2229
  C:1CBEH         LINE#         2230
  C:1CC3H         LINE#         2232
  C:1CCBH         LINE#         2233
  C:1CD3H         LINE#         2234
  C:1CDBH         LINE#         2235
  C:1CE0H         LINE#         2237
  C:1CE8H         LINE#         2238
  C:1CF0H         LINE#         2239
  C:1CF8H         LINE#         2240
  C:1CFDH         LINE#         2242
  C:1D02H         LINE#         2243
  C:1D07H         LINE#         2245
  C:1D45H         LINE#         2246
  C:1D45H         LINE#         2247
  C:1D48H         LINE#         2248
  C:1D4EH         LINE#         2249
  C:1D50H         LINE#         2250
  C:1D51H         LINE#         2252
  C:1D51H         LINE#         2253
  C:1D5AH         LINE#         2255
  C:1D5CH         LINE#         2256
  C:1D5CH         LINE#         2260
  C:1D5EH         LINE#         2262
  C:1D5EH         LINE#         2263
  C:1D67H         LINE#         2265
  C:1D69H         LINE#         2266
  C:1D69H         LINE#         2268
  C:1D6BH         LINE#         2269
  C:1D7AH         LINE#         2270
  C:1D7AH         LINE#         2271
  C:1D83H         LINE#         2272
  C:1D88H         LINE#         2274
  C:1D88H         LINE#         2276
BL51 BANKED LINKER/LOCATER V6.22.2.0                                                  03/02/2020  12:27:56  PAGE 56


  C:1D88H         LINE#         2277
  C:1D88H         LINE#         2279
  C:1D9AH         LINE#         2280
  C:1D9AH         LINE#         2281
  C:1DA4H         LINE#         2282
  C:1DA4H         LINE#         2283
  C:1DACH         LINE#         2284
  C:1DB2H         LINE#         2286
  C:1DB4H         LINE#         2287
  C:1DB6H         LINE#         2289
  C:1DB6H         LINE#         2290
  C:1DBFH         LINE#         2292
  C:1DC5H         LINE#         2293
  C:1DC5H         LINE#         2294
  C:1DC7H         LINE#         2295
  C:1DCCH         LINE#         2296
  C:1DCFH         LINE#         2297
  C:1DCFH         LINE#         2299
  C:1DD2H         LINE#         2302
  C:1DD2H         LINE#         2303
  C:1DE4H         LINE#         2304
  C:1DE4H         LINE#         2305
  C:1DEDH         LINE#         2306
  C:1DFAH         LINE#         2307
  C:1DFAH         LINE#         2308
  C:1DFAH         LINE#         2309
  C:1DFAH         LINE#         2310
  C:1DFAH         LINE#         2311
  C:1DFCH         LINE#         2313
  C:1DFCH         LINE#         2314
  C:1DFEH         LINE#         2315
  C:1E02H         LINE#         2316
  C:1E04H         LINE#         2317
  C:1E0AH         LINE#         2318
  C:1E10H         LINE#         2319
  C:1E1AH         LINE#         2320
  C:1E1FH         LINE#         2321
  C:1E1FH         LINE#         2322
  C:1E1FH         LINE#         2324
  C:1E20H         LINE#         2327
  C:1E20H         LINE#         2328
  C:1E32H         LINE#         2329
  C:1E32H         LINE#         2330
  C:1E35H         LINE#         2331
  C:1E35H         LINE#         2334
  C:1E3EH         LINE#         2335
  C:1E47H         LINE#         2336
  C:1E50H         LINE#         2337
  C:1E59H         LINE#         2340
  C:1E5FH         LINE#         2341
  C:1E65H         LINE#         2342
  C:1E6EH         LINE#         2343
  C:1E6FH         LINE#         2345
  C:1E6FH         LINE#         2346
  C:1E77H         LINE#         2347
  C:1E77H         LINE#         2349
  C:1E80H         LINE#         2350
BL51 BANKED LINKER/LOCATER V6.22.2.0                                                  03/02/2020  12:27:56  PAGE 57


  C:1E85H         LINE#         2351
  C:1E87H         LINE#         2352
  C:1E89H         LINE#         2353
  C:1E8DH         LINE#         2354
  C:1E8FH         LINE#         2355
  C:1E8FH         LINE#         2356
  C:1E8FH         LINE#         2357
  C:1E8FH         LINE#         2358
  C:1E92H         LINE#         2360
  C:1E92H         LINE#         2361
  C:1E98H         LINE#         2362
  C:1E9AH         LINE#         2363
  C:1E9CH         LINE#         2364
  C:1EA0H         LINE#         2365
  C:1EA2H         LINE#         2366
  C:1EA7H         LINE#         2367
  C:1EADH         LINE#         2368
  C:1EB2H         LINE#         2369
  C:1EB2H         LINE#         2370
  C:1EB2H         LINE#         2372
  C:1EB2H         LINE#         2373
  C:1EB5H         LINE#         2378
  C:1EB5H         LINE#         2379
  C:1EC7H         LINE#         2380
  C:1EC7H         LINE#         2382
  C:1EC9H         LINE#         2383
  C:1ED2H         LINE#         2384
  C:1ED8H         LINE#         2385
  C:1EDCH         LINE#         2386
  C:1EE0H         LINE#         2387
  C:1EE4H         LINE#         2388
  C:1EE7H         LINE#         2389
  C:1EEDH         LINE#         2391
  C:1EF0H         LINE#         2392
  C:1EF9H         LINE#         2393
  C:1F01H         LINE#         2394
  C:1F0AH         LINE#         2395
  C:1F0DH         LINE#         2397
  C:1F1BH         LINE#         2398
  C:1F30H         LINE#         2400
  C:1F58H         LINE#         2401
  C:1F58H         LINE#         2402
  C:1F5BH         LINE#         2403
  C:1F5DH         LINE#         2405
  C:1F5DH         LINE#         2406
  C:1F60H         LINE#         2407
  C:1F60H         LINE#         2409
  C:1F69H         LINE#         2410
  C:1F71H         LINE#         2411
  C:1F7AH         LINE#         2413
  C:1F83H         LINE#         2414
  C:1F8BH         LINE#         2415
  C:1F94H         LINE#         2416
  C:1F9DH         LINE#         2417
  C:1FA5H         LINE#         2418
  C:1FAEH         LINE#         2419
  C:1FB3H         LINE#         2422
BL51 BANKED LINKER/LOCATER V6.22.2.0                                                  03/02/2020  12:27:56  PAGE 58


  C:1FBFH         LINE#         2423
  C:1FBFH         LINE#         2424
  C:1FEAH         LINE#         2425
  C:1FF9H         LINE#         2426
  C:2007H         LINE#         2427
  C:2024H         LINE#         2428
  C:203BH         LINE#         2431
  C:2044H         LINE#         2432
  C:204DH         LINE#         2433
  C:2056H         LINE#         2440
  C:2078H         LINE#         2441
  C:2078H         LINE#         2442
  C:20A3H         LINE#         2444
  C:20ACH         LINE#         2445
  C:20B5H         LINE#         2446
  C:20BEH         LINE#         2448
  C:20DCH         LINE#         2450
  C:20FAH         LINE#         2452
  C:2118H         LINE#         2454
  C:2136H         LINE#         2456
  C:2154H         LINE#         2458
  C:216BH         LINE#         2462
  C:2175H         LINE#         2463
  C:2175H         LINE#         2464
  C:217FH         LINE#         2465
  C:2181H         LINE#         2467
  C:2181H         LINE#         2468
  C:2195H         LINE#         2469
  C:2195H         LINE#         2470
  C:21ACH         LINE#         2478
  C:21C3H         LINE#         2479
  C:21D1H         LINE#         2480
  C:21DFH         LINE#         2481
  C:21E5H         LINE#         2482
  C:21EEH         LINE#         2483
  C:21FDH         LINE#         2486
  C:2206H         LINE#         2487
  C:2209H         LINE#         2488
  C:2209H         LINE#         2489
  C:2212H         LINE#         2490
  C:2212H         LINE#         2491
  C:2218H         LINE#         2497
  C:221AH         LINE#         2498
  C:221CH         LINE#         2499
  C:2220H         LINE#         2500
  C:2225H         LINE#         2501
  C:2227H         LINE#         2502
  C:222DH         LINE#         2503
  C:2233H         LINE#         2504
  C:2237H         LINE#         2506
  C:2237H         LINE#         2509
  C:223AH         LINE#         2512
  C:223AH         LINE#         2514
  C:2243H         LINE#         2515
  C:2245H         LINE#         2516
  C:2249H         LINE#         2517
  C:224EH         LINE#         2518
BL51 BANKED LINKER/LOCATER V6.22.2.0                                                  03/02/2020  12:27:56  PAGE 59


  C:2250H         LINE#         2519
  C:2252H         LINE#         2520
  C:2258H         LINE#         2521
  C:225EH         LINE#         2522
  C:2267H         LINE#         2523
  C:2267H         LINE#         2524
  C:2267H         LINE#         2527
  C:2268H         LINE#         2529
  C:2268H         LINE#         2532
  C:2270H         LINE#         2533
  C:2270H         LINE#         2536
  C:2279H         LINE#         2537
  C:2281H         LINE#         2538
  C:2281H         LINE#         2540
  C:228AH         LINE#         2541
  C:228FH         LINE#         2542
  C:2291H         LINE#         2543
  C:2295H         LINE#         2544
  C:2298H         LINE#         2546
  C:229AH         LINE#         2547
  C:229FH         LINE#         2548
  C:22A3H         LINE#         2549
  C:22A6H         LINE#         2550
  C:22A9H         LINE#         2552
  C:22A9H         LINE#         2553
  C:22AFH         LINE#         2554
  C:22B4H         LINE#         2555
  C:22B6H         LINE#         2556
  C:22B8H         LINE#         2557
  C:22BCH         LINE#         2558
  C:22BEH         LINE#         2559
  C:22C2H         LINE#         2560
  C:22C8H         LINE#         2561
  C:22CDH         LINE#         2562
  C:22CDH         LINE#         2563
  C:22CDH         LINE#         2566
  C:22D0H         LINE#         2568
  C:22D0H         LINE#         2569
  C:22D6H         LINE#         2570
  C:22D6H         LINE#         2571
  C:22D9H         LINE#         2573
  C:22E9H         LINE#         2574
  C:22E9H         LINE#         2575
  C:22EDH         LINE#         2577
  C:22EDH         LINE#         2581
  C:22F8H         LINE#         2582
  C:22F8H         LINE#         2583
  C:22FCH         LINE#         2587
  C:2304H         LINE#         2588
  C:2304H         LINE#         2589
  C:230DH         LINE#         2591
  C:2312H         LINE#         2592
  C:2317H         LINE#         2593
  C:231CH         LINE#         2594
  C:232FH         LINE#         2595
  C:232FH         LINE#         2596
  C:233EH         LINE#         2597
BL51 BANKED LINKER/LOCATER V6.22.2.0                                                  03/02/2020  12:27:56  PAGE 60


  C:2346H         LINE#         2598
  C:234BH         LINE#         2599
  C:234DH         LINE#         2600
  C:234FH         LINE#         2601
  C:2353H         LINE#         2602
  C:2355H         LINE#         2603
  C:235BH         LINE#         2604
  C:2360H         LINE#         2605
  C:2360H         LINE#         2606
  C:2363H         LINE#         2607
  C:2363H         LINE#         2610
  C:2373H         LINE#         2611
  C:2373H         LINE#         2614
  C:237CH         LINE#         2615
  C:237FH         LINE#         2616
  C:2392H         LINE#         2617
  C:2392H         LINE#         2618
  C:23A1H         LINE#         2619
  C:23A9H         LINE#         2620
  C:23AEH         LINE#         2621
  C:23B3H         LINE#         2622
  C:23B6H         LINE#         2626
  C:23BEH         LINE#         2627
  C:23BEH         LINE#         2628
  C:23C7H         LINE#         2629
  C:23CCH         LINE#         2630
  C:23D0H         LINE#         2631
  C:23D2H         LINE#         2632
  C:23D6H         LINE#         2633
  C:23D9H         LINE#         2635
  C:23DBH         LINE#         2636
  C:23E1H         LINE#         2637
  C:23E6H         LINE#         2638
  C:23EEH         LINE#         2639
  C:23EFH         LINE#         2641
  C:23EFH         LINE#         2642
  C:23F5H         LINE#         2643
  C:23FAH         LINE#         2644
  C:23FCH         LINE#         2645
  C:23FEH         LINE#         2646
  C:2402H         LINE#         2647
  C:2404H         LINE#         2648
  C:240AH         LINE#         2649
  C:2410H         LINE#         2650
  C:241AH         LINE#         2651
  C:241AH         LINE#         2652
  C:241AH         LINE#         2655
  C:241AH         LINE#         2659
  C:241AH         LINE#         2660
  C:241AH         LINE#         2661
  C:241AH         LINE#         2662
  C:241AH         LINE#         2666
  C:241AH         LINE#         2668
  -------         ENDPROC       PROCESOLECTOR
  -------         ENDMOD        LECTOR

  -------         MODULE        ?C?CLDPTR
BL51 BANKED LINKER/LOCATER V6.22.2.0                                                  03/02/2020  12:27:56  PAGE 61


  C:31EAH         PUBLIC        ?C?CLDPTR
  -------         ENDMOD        ?C?CLDPTR

  -------         MODULE        ?C?CLDOPTR
  C:3203H         PUBLIC        ?C?CLDOPTR
  -------         ENDMOD        ?C?CLDOPTR

  -------         MODULE        ?C?IILDX
  C:3230H         PUBLIC        ?C?IILDX
  -------         ENDMOD        ?C?IILDX

  -------         MODULE        ?C?LSTXDATA
  C:3246H         PUBLIC        ?C?LSTXDATA
  -------         ENDMOD        ?C?LSTXDATA

  -------         MODULE        ?C?LSTKXDATA
  C:3252H         PUBLIC        ?C?LSTKXDATA
  -------         ENDMOD        ?C?LSTKXDATA

  -------         MODULE        ?C?CCASE
  C:3283H         PUBLIC        ?C?CCASE
  -------         ENDMOD        ?C?CCASE

  -------         MODULE        STRCAT
  X:015AH         PUBLIC        ?_strcat?BYTE
  C:3881H         PUBLIC        _strcat
  -------         ENDMOD        STRCAT

  -------         MODULE        STRNCAT
  X:015AH         PUBLIC        ?_strncat?BYTE
  C:33B8H         PUBLIC        _strncat
  -------         ENDMOD        STRNCAT

  -------         MODULE        STRNCPY
  X:015AH         PUBLIC        ?_strncpy?BYTE
  C:38ECH         PUBLIC        _strncpy
  -------         ENDMOD        STRNCPY

  -------         MODULE        STRLEN
  C:3DEFH         PUBLIC        _STRLEN
  -------         ENDMOD        STRLEN

  -------         MODULE        STRSTR
  X:015AH         PUBLIC        ?_strstr?BYTE
  C:347DH         PUBLIC        _strstr
  -------         ENDMOD        STRSTR

  -------         MODULE        ?C?CSTPTR
  C:32A9H         PUBLIC        ?C?CSTPTR
  -------         ENDMOD        ?C?CSTPTR

  -------         MODULE        ?C?CSTOPTR
  C:32BBH         PUBLIC        ?C?CSTOPTR
  -------         ENDMOD        ?C?CSTOPTR

  -------         MODULE        ?C?ILDIX
  C:32DDH         PUBLIC        ?C?ILDIX
BL51 BANKED LINKER/LOCATER V6.22.2.0                                                  03/02/2020  12:27:56  PAGE 62


  -------         ENDMOD        ?C?ILDIX

Program Size: data=21.4 xdata=358 code=15963
LINK/LOCATE RUN COMPLETE.  0 WARNING(S),  0 ERROR(S)
