BL51 BANKED LINKER/LOCATER V6.22.2.0                                                    11/25/2021  12:37:18  PAGE 1


BL51 BANKED LINKER/LOCATER V6.22.2.0, INVOKED BY:
C:\KEIL_V5\C51\BIN\BL51.EXE .\hex\Creator.obj, .\hex\uart.obj, .\hex\debug.obj, .\hex\CRT_288.obj, .\hex\ptoprlelo.obj, 
>> .\hex\lector.obj TO .\hex\Creator jp PRINT (.\Creator jp.m51) RAMSIZE (256) CODE (0X0000-0XFFFF)


MEMORY MODEL: LARGE


INPUT MODULES INCLUDED:
  .\hex\Creator.obj (CREATOR)
  .\hex\uart.obj (UART)
  .\hex\debug.obj (DEBUG)
  .\hex\CRT_288.obj (CRT_288)
  .\hex\ptoprlelo.obj (PTOPRLELO)
  .\hex\lector.obj (LECTOR)
  C:\KEIL_V5\C51\LIB\C51L.LIB (?C_STARTUP)
  C:\KEIL_V5\C51\LIB\C51L.LIB (?C?CLDPTR)
  C:\KEIL_V5\C51\LIB\C51L.LIB (?C?CLDOPTR)
  C:\KEIL_V5\C51\LIB\C51L.LIB (?C?IILDX)
  C:\KEIL_V5\C51\LIB\C51L.LIB (?C?LSTXDATA)
  C:\KEIL_V5\C51\LIB\C51L.LIB (?C?LSTKXDATA)
  C:\KEIL_V5\C51\LIB\C51L.LIB (?C?CCASE)
  C:\KEIL_V5\C51\LIB\C51L.LIB (STRCAT)
  C:\KEIL_V5\C51\LIB\C51L.LIB (STRNCAT)
  C:\KEIL_V5\C51\LIB\C51L.LIB (STRNCPY)
  C:\KEIL_V5\C51\LIB\C51L.LIB (STRLEN)
  C:\KEIL_V5\C51\LIB\C51L.LIB (STRSTR)
  C:\KEIL_V5\C51\LIB\C51L.LIB (?C_INIT)
  C:\KEIL_V5\C51\LIB\C51L.LIB (?C?CSTPTR)
  C:\KEIL_V5\C51\LIB\C51L.LIB (?C?CSTOPTR)
  C:\KEIL_V5\C51\LIB\C51L.LIB (?C?ILDIX)


LINK MAP OF MODULE:  .\hex\Creator jp (CREATOR)


            TYPE    BASE      LENGTH    RELOCATION   SEGMENT NAME
            -----------------------------------------------------

            * * * * * * *   D A T A   M E M O R Y   * * * * * * *
            REG     0000H     0008H     ABSOLUTE     "REG BANK 0"
            REG     0008H     0008H     ABSOLUTE     "REG BANK 1"
                    0010H     0010H                  *** GAP ***
            BIT     0020H.0   0004H.4   UNIT         ?BI?CREATOR
                    0024H.4   0000H.4                *** GAP ***
            IDATA   0025H     0001H     UNIT         ?STACK

            * * * * * * *  X D A T A   M E M O R Y  * * * * * * *
            XDATA   0000H     0131H     UNIT         ?XD?CREATOR
            XDATA   0131H     0021H     UNIT         ?XD?LECTOR
            XDATA   0152H     0014H     UNIT         _XDATA_GROUP_

            * * * * * * *   C O D E   M E M O R Y   * * * * * * *
            CODE    0000H     0003H     ABSOLUTE     
            CODE    0003H     001EH     UNIT         ?PR?_BCD_HEX?CREATOR
            CODE    0021H     0001H     UNIT         ?PR?WAIT?PTOPRLELO
                    0022H     0001H                  *** GAP ***
            CODE    0023H     0003H     ABSOLUTE     
BL51 BANKED LINKER/LOCATER V6.22.2.0                                                  11/25/2021  12:37:18  PAGE 2


            CODE    0026H     2448H     UNIT         ?PR?PROCESOLECTOR?LECTOR
            CODE    246EH     0622H     UNIT         ?CO?LECTOR
            CODE    2A90H     041DH     UNIT         ?PR?MAIN?CREATOR
            CODE    2EADH     0190H     UNIT         ?PR?POSEE_IN_OUT?CREATOR
            CODE    303DH     0168H     UNIT         ?PR?COM_ISR?UART
            CODE    31A5H     0115H     UNIT         ?PR?_VE_ID?CREATOR
            CODE    32BAH     0109H     UNIT         ?C?LIB_CODE
            CODE    33C3H     00C5H     UNIT         ?PR?_SEND_PORT?LECTOR
            CODE    3488H     00C5H     UNIT         ?PR?_STRNCAT?STRNCAT
            CODE    354DH     00BFH     UNIT         ?PR?_STRSTR?STRSTR
            CODE    360CH     0098H     UNIT         ?CO?DEBUG
            CODE    36A4H     0093H     UNIT         ?C_INITSEG
            CODE    3737H     0092H     UNIT         ?PR?RECIBE_PORT?PTOPRLELO
            CODE    37C9H     008CH     UNIT         ?C_C51STARTUP
            CODE    3855H     007EH     UNIT         ?PR?_ERRORWR?DEBUG
            CODE    38D3H     007EH     UNIT         ?PR?_GRABA_S1_BLOQUESEL?CRT_288
            CODE    3951H     006BH     UNIT         ?PR?_STRCAT?STRCAT
            CODE    39BCH     0068H     UNIT         ?PR?_STRNCPY?STRNCPY
            CODE    3A24H     0056H     UNIT         ?PR?_LEA_S1_BLOCK?CRT_288
            CODE    3A7AH     0056H     UNIT         ?PR?_SELECT_S2_BLOCK?CRT_288
            CODE    3AD0H     004CH     UNIT         ?PR?_HEX_STR?CREATOR
            CODE    3B1CH     004CH     UNIT         ?PR?LOADPASS?CRT_288
            CODE    3B68H     004CH     UNIT         ?PR?LOADPASS2?CRT_288
            CODE    3BB4H     004AH     UNIT         ?PR?_VE_HEX?CREATOR
            CODE    3BFEH     004AH     UNIT         ?PR?_DEBUGBUFFERMF?DEBUG
            CODE    3C48H     0048H     UNIT         ?PR?EJECT_CARD?CRT_288
            CODE    3C90H     0046H     UNIT         ?PR?INFO_RETRY?CREATOR
            CODE    3CD6H     0044H     UNIT         ?PR?_TX_AUX?DEBUG
            CODE    3D1AH     003EH     UNIT         ?PR?_TX_AUXH?DEBUG
            CODE    3D58H     0033H     UNIT         ?PR?_DEBUG_TXT_TIBBO?DEBUG
            CODE    3D8BH     0031H     UNIT         ?PR?_EJECT_CARD?CREATOR
            CODE    3DBCH     002FH     UNIT         ?PR?SELECT_CARD?CRT_288
            CODE    3DEBH     002EH     UNIT         ?PR?GET_STATUS?CRT_288
            CODE    3E19H     002CH     UNIT         ?PR?_ESCRIBIRCADENASOFT?UART
            CODE    3E45H     0024H     UNIT         ?PR?_NUM_NUM?CRT_288
            CODE    3E69H     0023H     UNIT         ?CO?CREATOR
            CODE    3E8CH     001AH     UNIT         ?PR?TIME_BIT?DEBUG
            CODE    3EA6H     0019H     UNIT         ?PR?COM_INITIALIZE?UART
            CODE    3EBFH     0015H     UNIT         ?PR?_STRLEN?STRLEN
            CODE    3ED4H     0013H     UNIT         ?PR?_NUM_CHAR?CRT_288
            CODE    3EE7H     0012H     UNIT         ?PR?WAIT_LONG?PTOPRLELO
            CODE    3EF9H     000DH     UNIT         ?PR?_TWO_ONE?CREATOR
            CODE    3F06H     0009H     UNIT         ?PR?DEBUG_DIVIDIR_TEXTO?DEBUG
            CODE    3F0FH     0008H     UNIT         ?PR?_TX_CHR?UART
            CODE    3F17H     0007H     UNIT         ?PR?SEL_PULSA?CREATOR
            CODE    3F1EH     0007H     UNIT         ?PR?SEL_SENSOR2?CREATOR
            CODE    3F25H     0007H     UNIT         ?PR?SEL_SENSOR1?CREATOR



OVERLAY MAP OF MODULE:   .\hex\Creator jp (CREATOR)


SEGMENT                                   XDATA_GROUP
  +--> CALLED SEGMENT                   START    LENGTH
-------------------------------------------------------
?C_C51STARTUP                           -----    -----
BL51 BANKED LINKER/LOCATER V6.22.2.0                                                  11/25/2021  12:37:18  PAGE 3


  +--> ?PR?MAIN?CREATOR
  +--> ?C_INITSEG

?PR?MAIN?CREATOR                        0152H    0002H
  +--> ?PR?COM_INITIALIZE?UART
  +--> ?PR?_EJECT_CARD?CREATOR
  +--> ?CO?CREATOR
  +--> ?PR?_DEBUG_TXT_TIBBO?DEBUG
  +--> ?PR?DEBUG_DIVIDIR_TEXTO?DEBUG
  +--> ?PR?PROCESOLECTOR?LECTOR
  +--> ?PR?_TX_CHR?UART
  +--> ?PR?_SEND_PORT?LECTOR
  +--> ?PR?RECIBE_PORT?PTOPRLELO
  +--> ?PR?_TX_AUX?DEBUG
  +--> ?PR?SEL_SENSOR1?CREATOR
  +--> ?PR?SEL_SENSOR2?CREATOR
  +--> ?PR?SEL_PULSA?CREATOR

?PR?_EJECT_CARD?CREATOR                 -----    -----
  +--> ?PR?_SEND_PORT?LECTOR
  +--> ?PR?EJECT_CARD?CRT_288

?PR?_SEND_PORT?LECTOR                   015AH    0006H
  +--> ?PR?WAIT_LONG?PTOPRLELO

?PR?WAIT_LONG?PTOPRLELO                 -----    -----
  +--> ?PR?WAIT?PTOPRLELO

?PR?EJECT_CARD?CRT_288                  -----    -----
  +--> ?PR?_ESCRIBIRCADENASOFT?UART

?PR?_ESCRIBIRCADENASOFT?UART            015AH    0002H
  +--> ?PR?_TX_CHR?UART

?PR?_DEBUG_TXT_TIBBO?DEBUG              015BH    0004H
  +--> ?PR?_TX_AUX?DEBUG

?PR?_TX_AUX?DEBUG                       -----    -----
  +--> ?PR?TIME_BIT?DEBUG

?PR?DEBUG_DIVIDIR_TEXTO?DEBUG           -----    -----
  +--> ?CO?DEBUG
  +--> ?PR?_DEBUG_TXT_TIBBO?DEBUG

?PR?PROCESOLECTOR?LECTOR                0154H    0006H
  +--> ?PR?GET_STATUS?CRT_288
  +--> ?CO?LECTOR
  +--> ?PR?_DEBUG_TXT_TIBBO?DEBUG
  +--> ?PR?SELECT_CARD?CRT_288
  +--> ?PR?_TX_AUX?DEBUG
  +--> ?PR?_VE_HEX?CREATOR
  +--> ?PR?LOADPASS?CRT_288
  +--> ?PR?_LEA_S1_BLOCK?CRT_288
  +--> ?PR?DEBUG_DIVIDIR_TEXTO?DEBUG
  +--> ?PR?_DEBUGBUFFERMF?DEBUG
  +--> ?PR?_TX_AUXH?DEBUG
  +--> ?PR?_SEND_PORT?LECTOR
BL51 BANKED LINKER/LOCATER V6.22.2.0                                                  11/25/2021  12:37:18  PAGE 4


  +--> ?PR?_HEX_STR?CREATOR
  +--> ?PR?_TWO_ONE?CREATOR
  +--> ?PR?POSEE_IN_OUT?CREATOR
  +--> ?PR?_EJECT_CARD?CREATOR
  +--> ?PR?_VE_ID?CREATOR
  +--> ?PR?LOADPASS2?CRT_288
  +--> ?PR?_SELECT_S2_BLOCK?CRT_288
  +--> ?PR?RECIBE_PORT?PTOPRLELO
  +--> ?PR?_BCD_HEX?CREATOR
  +--> ?PR?_GRABA_S1_BLOQUESEL?CRT_288
  +--> ?PR?_ERRORWR?DEBUG
  +--> ?PR?INFO_RETRY?CREATOR
  +--> ?PR?_NUM_NUM?CRT_288
  +--> ?PR?_NUM_CHAR?CRT_288
  +--> ?PR?_STRSTR?STRSTR
  +--> ?PR?_STRNCPY?STRNCPY
  +--> ?PR?_STRLEN?STRLEN
  +--> ?PR?_STRNCAT?STRNCAT
  +--> ?PR?_STRCAT?STRCAT

?PR?GET_STATUS?CRT_288                  -----    -----
  +--> ?PR?_ESCRIBIRCADENASOFT?UART

?PR?SELECT_CARD?CRT_288                 -----    -----
  +--> ?PR?_ESCRIBIRCADENASOFT?UART

?PR?LOADPASS?CRT_288                    -----    -----
  +--> ?PR?_ESCRIBIRCADENASOFT?UART

?PR?_LEA_S1_BLOCK?CRT_288               -----    -----
  +--> ?PR?_ESCRIBIRCADENASOFT?UART

?PR?_DEBUGBUFFERMF?DEBUG                015AH    0005H
  +--> ?PR?_TX_AUXH?DEBUG
  +--> ?PR?_TX_AUX?DEBUG

?PR?_TX_AUXH?DEBUG                      -----    -----
  +--> ?PR?_TX_AUX?DEBUG

?PR?POSEE_IN_OUT?CREATOR                -----    -----
  +--> ?CO?CREATOR
  +--> ?PR?_DEBUG_TXT_TIBBO?DEBUG
  +--> ?PR?_HEX_STR?CREATOR
  +--> ?PR?_TWO_ONE?CREATOR
  +--> ?PR?_TX_AUX?DEBUG
  +--> ?PR?_LEA_S1_BLOCK?CRT_288

?PR?_VE_ID?CREATOR                      015AH    0003H

?PR?LOADPASS2?CRT_288                   -----    -----
  +--> ?PR?_ESCRIBIRCADENASOFT?UART

?PR?_SELECT_S2_BLOCK?CRT_288            -----    -----
  +--> ?PR?_ESCRIBIRCADENASOFT?UART

?PR?_GRABA_S1_BLOQUESEL?CRT_288         -----    -----
  +--> ?PR?_ESCRIBIRCADENASOFT?UART
BL51 BANKED LINKER/LOCATER V6.22.2.0                                                  11/25/2021  12:37:18  PAGE 5



?PR?_ERRORWR?DEBUG                      015AH    0001H
  +--> ?CO?DEBUG
  +--> ?PR?_DEBUG_TXT_TIBBO?DEBUG

?PR?INFO_RETRY?CREATOR                  -----    -----
  +--> ?PR?_TX_AUX?DEBUG

?PR?_STRSTR?STRSTR                      015AH    000CH

?PR?_STRNCPY?STRNCPY                    015AH    000AH

?PR?_STRNCAT?STRNCAT                    015AH    000AH

?PR?_STRCAT?STRCAT                      015AH    0009H



SYMBOL TABLE OF MODULE:  .\hex\Creator jp (CREATOR)

  VALUE           TYPE          NAME
  ----------------------------------

  -------         MODULE        CREATOR
  C:0000H         SYMBOL        _ICE_DUMMY_
  C:3EF9H         PUBLIC        _two_one
  B:0020H.0       PUBLIC        PrintLPR
  D:0080H         PUBLIC        P0
  D:0090H         PUBLIC        P1
  B:0020H.1       PUBLIC        NotifyP4
  X:0000H         PUBLIC        g_cCodSeqMF
  D:00A0H         PUBLIC        P2
  D:00B0H         PUBLIC        P3
  X:0001H         PUBLIC        Cod_Dcto
  B:0090H.0       PUBLIC        txd2
  B:00A8H.7       PUBLIC        EA
  C:3C90H         PUBLIC        Info_Retry
  C:31A5H         PUBLIC        _ve_id
  B:0020H.2       PUBLIC        EmisionXperdida
  X:0002H         PUBLIC        Num_Datos
  C:2EADH         PUBLIC        posee_in_out
  X:0003H         PUBLIC        ValTimeOutCom
  B:0020H.3       PUBLIC        blink
  B:0020H.4       PUBLIC        Desarmado
  B:0020H.5       PUBLIC        PuertoMF
  B:0020H.6       PUBLIC        onceAlarm
  X:0005H         PUBLIC        COD_PARK_R
  X:0006H         PUBLIC        Tmin
  X:0008H         PUBLIC        TipoCard
  X:0009H         PUBLIC        RetryWrite_MF
  B:0020H.7       PUBLIC        MultiPark
  B:0080H.6       PUBLIC        rx_in_data
  B:0021H.0       PUBLIC        alarma1
  B:0021H.1       PUBLIC        alarma2
  X:0019H         PUBLIC        g_cContByteRx
  B:0021H.2       PUBLIC        alarma3
  B:0080H.3       PUBLIC        Atascado
BL51 BANKED LINKER/LOCATER V6.22.2.0                                                  11/25/2021  12:37:18  PAGE 6


  B:0021H.3       PUBLIC        ErrorInCOM
  C:2A90H         PUBLIC        main
  B:0021H.4       PUBLIC        NotifyCofreB2B
  X:001AH         PUBLIC        ID_CLIENTE_R
  X:001BH         PUBLIC        cod_alarm
  X:001CH         PUBLIC        month
  B:0090H.7       PUBLIC        lock
  B:0021H.5       PUBLIC        sendactive
  C:3F17H         PUBLIC        sel_Pulsa
  B:0021H.6       PUBLIC        GrabaTarjeta
  B:0021H.7       PUBLIC        Permite_Puerta
  X:001EH         PUBLIC        minut
  B:0022H.0       PUBLIC        TxENQ
  B:0022H.1       PUBLIC        ErrorWR_CARD
  X:0020H         PUBLIC        year
  B:0090H.1       PUBLIC        DataIn
  D:0089H         PUBLIC        TMOD
  X:0022H         PUBLIC        ID1
  X:0023H         PUBLIC        g_scDATE
  X:002DH         PUBLIC        day
  X:002FH         PUBLIC        ID2
  B:0022H.2       PUBLIC        FueraServicio
  X:0030H         PUBLIC        hour
  X:0032H         PUBLIC        ID3
  X:0033H         PUBLIC        seg
  C:3AD0H         PUBLIC        _Hex_Str
  X:0034H         PUBLIC        ID4
  C:3BB4H         PUBLIC        _Ve_Hex
  B:0022H.3       PUBLIC        PuertoDB9
  X:0035H         PUBLIC        TipoVeh
  X:0036H         PUBLIC        RetryWR
  B:00B0H.3       PUBLIC        busy
  X:0037H         PUBLIC        g_scDATE_Liq
  B:0022H.4       PUBLIC        cmd_comp
  X:0041H         PUBLIC        sector5
  C:3D8BH         PUBLIC        _Eject_Card
  X:0051H         PUBLIC        sector6
  B:0088H.5       PUBLIC        TF0
  D:008CH         PUBLIC        TH0
  B:00C8H.7       PUBLIC        TF2
  X:0061H         PUBLIC        num_data
  D:00CDH         PUBLIC        TH2
  X:0062H         PUBLIC        APB_CARD
  X:0063H         PUBLIC        g_cEstadoComSoft
  X:0064H         PUBLIC        BufferRead_MF
  D:008AH         PUBLIC        TL0
  C:0003H         PUBLIC        _bcd_hex
  X:0074H         PUBLIC        g_scArrRxComSoft
  D:00CCH         PUBLIC        TL2
  B:0022H.5       PUBLIC        Expulsa_Grabacion
  X:00A6H         PUBLIC        TIME_ESPERA
  X:00A7H         PUBLIC        g_scArrTxComSoft
  C:3F25H         PUBLIC        sel_Sensor1
  C:3F1EH         PUBLIC        sel_Sensor2
  B:0088H.4       PUBLIC        TR0
  B:00C8H.2       PUBLIC        TR2
  X:00D9H         PUBLIC        NumLiq
BL51 BANKED LINKER/LOCATER V6.22.2.0                                                  11/25/2021  12:37:18  PAGE 7


  X:00DAH         PUBLIC        Val_Horario
  X:00DBH         PUBLIC        BufferWrite_MF
  B:0080H.2       PUBLIC        led_err
  X:00EBH         PUBLIC        centena
  B:0022H.6       PUBLIC        Permite_Billetero
  X:00ECH         PUBLIC        decena
  B:0022H.7       PUBLIC        Toggle
  X:00EDH         PUBLIC        COD_PARK
  X:00EEH         PUBLIC        buffer_ticket
  B:00B0H.5       PUBLIC        sel_A
  B:0080H.7       PUBLIC        sel_com
  B:00B0H.6       PUBLIC        sel_B
  B:00B0H.7       PUBLIC        sel_C
  B:0023H.0       PUBLIC        Activo
  X:012AH         PUBLIC        ERR
  B:0023H.1       PUBLIC        timeOut
  B:0023H.2       PUBLIC        ConsultaSoft
  X:012BH         PUBLIC        Block
  B:0023H.3       PUBLIC        AlarmaPrevia1
  B:0023H.4       PUBLIC        AlarmaPrevia2
  X:012CH         PUBLIC        g_cEstadoComSeqMF
  B:0023H.5       PUBLIC        AlarmaPrevia3
  X:012DH         PUBLIC        ValDCTO_INPAGO
  B:0023H.6       PUBLIC        NotifyPuerta
  B:0023H.7       PUBLIC        Comparacion
  X:012EH         PUBLIC        ID_CLIENTE
  B:0024H.0       PUBLIC        buffer_ready
  X:012FH         PUBLIC        Val_PicoPlaca
  X:0130H         PUBLIC        unidad
  B:0024H.1       PUBLIC        Permite_Monedero
  B:0024H.2       PUBLIC        NotifyCofreCoin
  B:0024H.3       PUBLIC        esQR
  -------         PROC          SEL_PULSA
  C:3F17H         LINE#         12
  C:3F17H         LINE#         13
  C:3F17H         LINE#         14
  C:3F19H         LINE#         15
  C:3F1BH         LINE#         16
  C:3F1DH         LINE#         17
  -------         ENDPROC       SEL_PULSA
  -------         PROC          SEL_SENSOR2
  C:3F1EH         LINE#         19
  C:3F1EH         LINE#         20
  C:3F1EH         LINE#         21
  C:3F20H         LINE#         22
  C:3F22H         LINE#         23
  C:3F24H         LINE#         24
  -------         ENDPROC       SEL_SENSOR2
  -------         PROC          SEL_SENSOR1
  C:3F25H         LINE#         26
  C:3F25H         LINE#         27
  C:3F25H         LINE#         28
  C:3F27H         LINE#         29
  C:3F29H         LINE#         30
  C:3F2BH         LINE#         31
  -------         ENDPROC       SEL_SENSOR1
  -------         PROC          _VE_HEX
BL51 BANKED LINKER/LOCATER V6.22.2.0                                                  11/25/2021  12:37:18  PAGE 8


  D:0007H         SYMBOL        valorhex
  -------         DO            
  D:0006H         SYMBOL        numero
  -------         ENDDO         
  C:3BB4H         LINE#         47
  C:3BB4H         LINE#         48
  C:3BB4H         LINE#         52
  C:3BB9H         LINE#         53
  C:3BBDH         LINE#         54
  C:3BBFH         LINE#         55
  C:3BC2H         LINE#         56
  C:3BC5H         LINE#         57
  C:3BC9H         LINE#         58
  C:3BDFH         LINE#         60
  C:3BE1H         LINE#         61
  C:3BE4H         LINE#         62
  C:3BE8H         LINE#         63
  C:3BFDH         LINE#         65
  -------         ENDPROC       _VE_HEX
  -------         PROC          _HEX_STR
  D:0007H         SYMBOL        valorhex
  -------         DO            
  D:0007H         SYMBOL        numero
  -------         ENDDO         
  C:3AD0H         LINE#         77
  C:3AD0H         LINE#         78
  C:3AD0H         LINE#         81
  C:3AD5H         LINE#         82
  C:3AD7H         LINE#         83
  C:3ADBH         LINE#         84
  C:3ADBH         LINE#         86
  C:3AE5H         LINE#         87
  C:3AE5H         LINE#         88
  C:3AE9H         LINE#         89
  C:3AEFH         LINE#         90
  C:3AF1H         LINE#         91
  C:3AFBH         LINE#         92
  C:3AFBH         LINE#         93
  C:3AFFH         LINE#         94
  C:3B05H         LINE#         95
  C:3B07H         LINE#         96
  C:3B0DH         LINE#         98
  C:3B14H         LINE#         99
  C:3B1BH         LINE#         100
  -------         ENDPROC       _HEX_STR
  -------         PROC          _TWO_ONE
  D:0007H         SYMBOL        byte_h
  D:0005H         SYMBOL        byte_l
  -------         DO            
  D:0007H         SYMBOL        byte_out
  -------         ENDDO         
  C:3EF9H         LINE#         103
  C:3EF9H         LINE#         104
  C:3EF9H         LINE#         108
  C:3EFCH         LINE#         109
  C:3F00H         LINE#         110
  C:3F03H         LINE#         111
BL51 BANKED LINKER/LOCATER V6.22.2.0                                                  11/25/2021  12:37:18  PAGE 9


  C:3F05H         LINE#         113
  C:3F05H         LINE#         114
  -------         ENDPROC       _TWO_ONE
  -------         PROC          _VE_ID
  D:0007H         SYMBOL        id_h
  X:015AH         SYMBOL        id_l
  -------         DO            
  D:0004H         SYMBOL        valor
  D:0006H         SYMBOL        numero
  X:015BH         SYMBOL        dmil
  D:0001H         SYMBOL        mil
  D:0003H         SYMBOL        centena
  D:0002H         SYMBOL        decena
  X:015CH         SYMBOL        unidad
  -------         ENDDO         
  C:31A5H         LINE#         117
  C:31AAH         LINE#         118
  C:31AAH         LINE#         121
  C:31ABH         LINE#         122
  C:31ADH         LINE#         123
  C:31AEH         LINE#         124
  C:31AFH         LINE#         125
  C:31B0H         LINE#         126
  C:31B2H         LINE#         130
  C:31B4H         LINE#         131
  C:31B6H         LINE#         132
  C:31BBH         LINE#         135
  C:31BDH         LINE#         136
  C:31C6H         LINE#         137
  C:31C6H         LINE#         138
  C:31CEH         LINE#         139
  C:31D4H         LINE#         140
  C:31D6H         LINE#         141
  C:31DFH         LINE#         142
  C:31DFH         LINE#         143
  C:31E7H         LINE#         144
  C:31E8H         LINE#         145
  C:31EAH         LINE#         146
  C:31F3H         LINE#         147
  C:31F3H         LINE#         148
  C:31FBH         LINE#         149
  C:31FCH         LINE#         150
  C:31FEH         LINE#         151
  C:3207H         LINE#         152
  C:3207H         LINE#         153
  C:320FH         LINE#         154
  C:3210H         LINE#         155
  C:3212H         LINE#         156
  C:3217H         LINE#         164
  C:321DH         LINE#         165
  C:321DH         LINE#         166
  C:3233H         LINE#         167
  C:3234H         LINE#         168
  C:3234H         LINE#         169
  C:3234H         LINE#         170
  C:3234H         LINE#         171
  C:3236H         LINE#         172
BL51 BANKED LINKER/LOCATER V6.22.2.0                                                  11/25/2021  12:37:18  PAGE 10


  C:3239H         LINE#         173
  C:3239H         LINE#         174
  C:324FH         LINE#         175
  C:3250H         LINE#         176
  C:3250H         LINE#         177
  C:3250H         LINE#         178
  C:3252H         LINE#         179
  C:3255H         LINE#         180
  C:3255H         LINE#         181
  C:326BH         LINE#         182
  C:3282H         LINE#         183
  C:3282H         LINE#         184
  C:3284H         LINE#         185
  C:3287H         LINE#         186
  C:3287H         LINE#         187
  C:329DH         LINE#         188
  C:329DH         LINE#         189
  C:329FH         LINE#         191
  C:329FH         LINE#         192
  C:32B9H         LINE#         193
  C:32B9H         LINE#         196
  -------         ENDPROC       _VE_ID
  -------         PROC          _BCD_HEX
  D:0007H         SYMBOL        l_data
  -------         DO            
  D:0006H         SYMBOL        temp
  D:0005H         SYMBOL        j
  -------         ENDDO         
  C:0003H         LINE#         199
  C:0003H         LINE#         200
  C:0003H         LINE#         202
  C:0005H         LINE#         203
  C:0009H         LINE#         204
  C:000CH         LINE#         205
  C:000EH         LINE#         206
  C:000EH         LINE#         207
  C:0012H         LINE#         208
  C:0019H         LINE#         209
  C:0019H         LINE#         210
  C:001DH         LINE#         211
  C:0020H         LINE#         212
  C:0020H         LINE#         213
  C:0020H         LINE#         214
  -------         ENDPROC       _BCD_HEX
  -------         PROC          _EJECT_CARD
  D:0007H         SYMBOL        CodError
  C:3D8BH         LINE#         284
  C:3D8BH         LINE#         285
  C:3D8BH         LINE#         287
  C:3D9BH         LINE#         288
  C:3D9BH         LINE#         289
  C:3DA1H         LINE#         290
  C:3DA5H         LINE#         291
  C:3DA9H         LINE#         292
  C:3DADH         LINE#         293
  C:3DB0H         LINE#         294
  C:3DB4H         LINE#         295
BL51 BANKED LINKER/LOCATER V6.22.2.0                                                  11/25/2021  12:37:18  PAGE 11


  C:3DB9H         LINE#         296
  C:3DB9H         LINE#         300
  -------         ENDPROC       _EJECT_CARD
  -------         PROC          INFO_RETRY
  C:3C90H         LINE#         307
  C:3C90H         LINE#         308
  C:3C90H         LINE#         322
  C:3C95H         LINE#         323
  C:3C9AH         LINE#         324
  C:3C9FH         LINE#         325
  C:3CA4H         LINE#         326
  C:3CA9H         LINE#         327
  C:3CAEH         LINE#         328
  C:3CB3H         LINE#         329
  C:3CB8H         LINE#         330
  C:3CBDH         LINE#         331
  C:3CC2H         LINE#         332
  C:3CCCH         LINE#         333
  C:3CD1H         LINE#         334
  -------         ENDPROC       INFO_RETRY
  -------         PROC          POSEE_IN_OUT
  C:2EADH         LINE#         336
  C:2EADH         LINE#         337
  C:2EADH         LINE#         338
  C:2EB6H         LINE#         340
  C:2EBEH         LINE#         341
  C:2EC6H         LINE#         342
  C:2ECEH         LINE#         344
  C:2ED6H         LINE#         345
  C:2EDEH         LINE#         346
  C:2EE6H         LINE#         348
  C:2EEEH         LINE#         349
  C:2EF6H         LINE#         350
  C:2EFEH         LINE#         352
  C:2F06H         LINE#         353
  C:2F0EH         LINE#         354
  C:2F16H         LINE#         356
  C:2F1EH         LINE#         357
  C:2F26H         LINE#         358
  C:2F2EH         LINE#         360
  C:2F40H         LINE#         361
  C:2F44H         LINE#         363
  C:2F4DH         LINE#         364
  C:2F55H         LINE#         365
  C:2F5AH         LINE#         366
  C:2F5FH         LINE#         369
  C:2F6AH         LINE#         370
  C:2F71H         LINE#         371
  C:2F76H         LINE#         373
  C:2F84H         LINE#         374
  C:2F84H         LINE#         375
  C:2F8FH         LINE#         376
  C:2F94H         LINE#         377
  C:2F97H         LINE#         378
  C:2F99H         LINE#         380
  C:2F99H         LINE#         381
  C:2FA1H         LINE#         382
BL51 BANKED LINKER/LOCATER V6.22.2.0                                                  11/25/2021  12:37:18  PAGE 12


  C:2FA1H         LINE#         384
  C:2FA9H         LINE#         386
  C:2FB1H         LINE#         387
  C:2FB9H         LINE#         388
  C:2FC1H         LINE#         390
  C:2FC9H         LINE#         391
  C:2FD1H         LINE#         392
  C:2FD9H         LINE#         394
  C:2FE1H         LINE#         395
  C:2FE9H         LINE#         396
  C:2FF1H         LINE#         398
  C:2FF9H         LINE#         399
  C:3001H         LINE#         400
  C:3009H         LINE#         402
  C:3011H         LINE#         403
  C:3019H         LINE#         404
  C:3021H         LINE#         407
  C:3026H         LINE#         408
  C:302FH         LINE#         409
  C:3031H         LINE#         410
  C:3036H         LINE#         411
  C:303CH         LINE#         412
  -------         ENDPROC       POSEE_IN_OUT
  -------         PROC          MAIN
  -------         DO            
  X:0152H         SYMBOL        k
  -------         ENDDO         
  C:2A90H         LINE#         429
  C:2A90H         LINE#         430
  C:2A90H         LINE#         434
  C:2A92H         LINE#         435
  C:2A95H         LINE#         436
  C:2A97H         LINE#         437
  C:2A99H         LINE#         439
  C:2A9BH         LINE#         440
  C:2A9EH         LINE#         442
  C:2AA6H         LINE#         443
  C:2AA8H         LINE#         444
  C:2AABH         LINE#         445
  C:2AADH         LINE#         446
  C:2AAFH         LINE#         449
  C:2AB1H         LINE#         451
  C:2AB3H         LINE#         452
  C:2AB5H         LINE#         453
  C:2AB7H         LINE#         454
  C:2AB9H         LINE#         456
  C:2ABFH         LINE#         457
  C:2AC1H         LINE#         458
  C:2AC5H         LINE#         459
  C:2AC7H         LINE#         460
  C:2ACDH         LINE#         462
  C:2AD1H         LINE#         471
  C:2AD3H         LINE#         472
  C:2AD5H         LINE#         473
  C:2AD7H         LINE#         474
  C:2ADCH         LINE#         475
  C:2ADEH         LINE#         477
BL51 BANKED LINKER/LOCATER V6.22.2.0                                                  11/25/2021  12:37:18  PAGE 13


  C:2AE2H         LINE#         478
  C:2AE6H         LINE#         479
  C:2AEEH         LINE#         480
  C:2AF3H         LINE#         482
  C:2B09H         LINE#         483
  C:2B09H         LINE#         484
  C:2B15H         LINE#         485
  C:2B25H         LINE#         489
  C:2B27H         LINE#         490
  C:2B29H         LINE#         492
  C:2B32H         LINE#         493
  C:2B35H         LINE#         494
  C:2B35H         LINE#         495
  C:2B35H         LINE#         497
  C:2B38H         LINE#         498
  C:2B3EH         LINE#         499
  C:2B40H         LINE#         500
  C:2B44H         LINE#         504
  C:2B47H         LINE#         535
  C:2B4DH         LINE#         536
  C:2B4DH         LINE#         537
  C:2B4FH         LINE#         540
  C:2B59H         LINE#         541
  C:2B59H         LINE#         542
  C:2B67H         LINE#         543
  C:2B6AH         LINE#         544
  C:2B6AH         LINE#         545
  C:2B6DH         LINE#         546
  C:2B6DH         LINE#         547
  C:2B72H         LINE#         548
  C:2B74H         LINE#         549
  C:2B7DH         LINE#         550
  C:2B83H         LINE#         551
  C:2B83H         LINE#         552
  C:2B83H         LINE#         554
  C:2B83H         LINE#         556
  C:2B89H         LINE#         557
  C:2B89H         LINE#         558
  C:2B8BH         LINE#         559
  C:2B8BH         LINE#         561
  C:2B91H         LINE#         562
  C:2B94H         LINE#         563
  C:2B94H         LINE#         565
  C:2BA0H         LINE#         566
  C:2BA0H         LINE#         567
  C:2BA2H         LINE#         569
  C:2BA8H         LINE#         570
  C:2BABH         LINE#         571
  C:2BABH         LINE#         572
  C:2BAEH         LINE#         573
  C:2BB0H         LINE#         574
  C:2BB0H         LINE#         575
  C:2BB3H         LINE#         576
  C:2BB3H         LINE#         577
  C:2BB9H         LINE#         578
  C:2BBCH         LINE#         579
  C:2BBEH         LINE#         580
BL51 BANKED LINKER/LOCATER V6.22.2.0                                                  11/25/2021  12:37:18  PAGE 14


  C:2BBEH         LINE#         581
  C:2BC1H         LINE#         582
  C:2BC1H         LINE#         583
  C:2BC7H         LINE#         584
  C:2BCAH         LINE#         585
  C:2BCDH         LINE#         586
  C:2BD0H         LINE#         587
  C:2BD2H         LINE#         588
  C:2BD2H         LINE#         593
  C:2BD8H         LINE#         594
  C:2BDCH         LINE#         595
  C:2BE0H         LINE#         596
  C:2BE4H         LINE#         597
  C:2BECH         LINE#         598
  C:2BF0H         LINE#         599
  C:2BF5H         LINE#         600
  C:2BF5H         LINE#         605
  C:2BFBH         LINE#         606
  C:2BFEH         LINE#         607
  C:2BFEH         LINE#         608
  C:2C00H         LINE#         609
  C:2C02H         LINE#         610
  C:2C04H         LINE#         612
  C:2C04H         LINE#         613
  C:2C06H         LINE#         614
  C:2C08H         LINE#         615
  C:2C08H         LINE#         622
  C:2C08H         LINE#         623
  C:2C08H         LINE#         654
  C:2C22H         LINE#         655
  C:2C22H         LINE#         656
  C:2C28H         LINE#         657
  C:2C28H         LINE#         658
  C:2C2BH         LINE#         659
  C:2C36H         LINE#         660
  C:2C36H         LINE#         662
  C:2C3BH         LINE#         664
  C:2C47H         LINE#         665
  C:2C47H         LINE#         668
  C:2C47H         LINE#         669
  C:2C4FH         LINE#         670
  C:2C4FH         LINE#         672
  C:2C54H         LINE#         673
  C:2C59H         LINE#         674
  C:2C5EH         LINE#         675
  C:2C63H         LINE#         676
  C:2C68H         LINE#         677
  C:2C6DH         LINE#         678
  C:2C72H         LINE#         679
  C:2C77H         LINE#         680
  C:2C7CH         LINE#         681
  C:2C81H         LINE#         682
  C:2C86H         LINE#         683
  C:2C8BH         LINE#         687
  C:2C90H         LINE#         688
  C:2C95H         LINE#         689
  C:2C9AH         LINE#         690
BL51 BANKED LINKER/LOCATER V6.22.2.0                                                  11/25/2021  12:37:18  PAGE 15


  C:2CB1H         LINE#         691
  C:2CB1H         LINE#         692
  C:2CC0H         LINE#         693
  C:2CD0H         LINE#         694
  C:2CD5H         LINE#         695
  C:2CDAH         LINE#         697
  C:2CDAH         LINE#         699
  C:2CDCH         LINE#         700
  C:2CE4H         LINE#         701
  C:2CE4H         LINE#         702
  C:2CE6H         LINE#         703
  C:2CE8H         LINE#         704
  C:2CE8H         LINE#         705
  C:2CE8H         LINE#         706
  C:2CE8H         LINE#         707
  C:2CE8H         LINE#         708
  C:2CE8H         LINE#         709
  C:2CE8H         LINE#         710
  C:2CEAH         LINE#         711
  C:2CEEH         LINE#         712
  C:2CEEH         LINE#         713
  C:2CF0H         LINE#         714
  C:2CF2H         LINE#         715
  C:2CF7H         LINE#         716
  C:2CF7H         LINE#         717
  C:2CF9H         LINE#         718
  C:2CFBH         LINE#         719
  C:2CFDH         LINE#         720
  C:2CFFH         LINE#         721
  C:2D01H         LINE#         722
  C:2D03H         LINE#         723
  C:2D05H         LINE#         724
  C:2D07H         LINE#         725
  C:2D09H         LINE#         726
  C:2D0BH         LINE#         727
  C:2D0DH         LINE#         728
  C:2D0FH         LINE#         729
  C:2D11H         LINE#         730
  C:2D13H         LINE#         731
  C:2D15H         LINE#         732
  C:2D17H         LINE#         733
  C:2D19H         LINE#         734
  C:2D1BH         LINE#         736
  C:2D1FH         LINE#         737
  C:2D1FH         LINE#         738
  C:2D25H         LINE#         739
  C:2D29H         LINE#         740
  C:2D2DH         LINE#         741
  C:2D31H         LINE#         742
  C:2D35H         LINE#         743
  C:2D39H         LINE#         744
  C:2D3EH         LINE#         745
  C:2D3EH         LINE#         746
  C:2D3EH         LINE#         747
  C:2D3EH         LINE#         761
  C:2D48H         LINE#         762
  C:2D4AH         LINE#         763
BL51 BANKED LINKER/LOCATER V6.22.2.0                                                  11/25/2021  12:37:18  PAGE 16


  C:2D4DH         LINE#         764
  C:2D50H         LINE#         765
  C:2D50H         LINE#         766
  C:2D53H         LINE#         767
  C:2D56H         LINE#         768
  C:2D56H         LINE#         769
  C:2D5CH         LINE#         770
  C:2D5CH         LINE#         771
  C:2D6AH         LINE#         772
  C:2D71H         LINE#         773
  C:2D71H         LINE#         774
  C:2D73H         LINE#         775
  C:2D73H         LINE#         777
  C:2D75H         LINE#         778
  C:2D7BH         LINE#         779
  C:2D7BH         LINE#         780
  C:2D7DH         LINE#         781
  C:2D7FH         LINE#         782
  C:2D7FH         LINE#         783
  C:2D7FH         LINE#         784
  C:2D7FH         LINE#         793
  C:2D89H         LINE#         794
  C:2D8BH         LINE#         795
  C:2D8EH         LINE#         796
  C:2D91H         LINE#         797
  C:2D91H         LINE#         798
  C:2D94H         LINE#         799
  C:2D97H         LINE#         800
  C:2D97H         LINE#         801
  C:2D9DH         LINE#         802
  C:2D9DH         LINE#         803
  C:2DABH         LINE#         804
  C:2DB2H         LINE#         805
  C:2DB2H         LINE#         806
  C:2DB4H         LINE#         807
  C:2DB4H         LINE#         808
  C:2DB6H         LINE#         809
  C:2DBCH         LINE#         810
  C:2DBCH         LINE#         811
  C:2DBEH         LINE#         812
  C:2DC0H         LINE#         813
  C:2DC0H         LINE#         814
  C:2DC0H         LINE#         815
  C:2DC0H         LINE#         824
  C:2DCAH         LINE#         825
  C:2DCCH         LINE#         826
  C:2DCFH         LINE#         827
  C:2DD2H         LINE#         828
  C:2DD2H         LINE#         829
  C:2DD5H         LINE#         830
  C:2DD8H         LINE#         831
  C:2DD8H         LINE#         832
  C:2DDEH         LINE#         833
  C:2DDEH         LINE#         834
  C:2DECH         LINE#         835
  C:2DF3H         LINE#         836
  C:2DF3H         LINE#         837
BL51 BANKED LINKER/LOCATER V6.22.2.0                                                  11/25/2021  12:37:18  PAGE 17


  C:2DF5H         LINE#         838
  C:2DF5H         LINE#         839
  C:2DF7H         LINE#         840
  C:2DFDH         LINE#         841
  C:2DFDH         LINE#         842
  C:2DFFH         LINE#         843
  C:2E01H         LINE#         844
  C:2E01H         LINE#         845
  C:2E01H         LINE#         846
  C:2E01H         LINE#         849
  C:2E0AH         LINE#         850
  C:2E0AH         LINE#         851
  C:2E0CH         LINE#         852
  C:2E0EH         LINE#         853
  C:2E10H         LINE#         854
  C:2E12H         LINE#         855
  C:2E14H         LINE#         856
  C:2E14H         LINE#         861
  C:2E1AH         LINE#         862
  C:2E1AH         LINE#         863
  C:2E1DH         LINE#         864
  C:2E26H         LINE#         865
  C:2E26H         LINE#         866
  C:2E28H         LINE#         868
  C:2E2EH         LINE#         869
  C:2E32H         LINE#         870
  C:2E36H         LINE#         871
  C:2E3AH         LINE#         872
  C:2E3EH         LINE#         873
  C:2E42H         LINE#         874
  C:2E47H         LINE#         876
  C:2E47H         LINE#         878
  C:2E4AH         LINE#         879
  C:2E53H         LINE#         880
  C:2E53H         LINE#         881
  C:2E55H         LINE#         883
  C:2E5BH         LINE#         884
  C:2E5FH         LINE#         885
  C:2E63H         LINE#         886
  C:2E67H         LINE#         887
  C:2E6BH         LINE#         888
  C:2E6FH         LINE#         889
  C:2E74H         LINE#         890
  C:2E74H         LINE#         892
  C:2E77H         LINE#         893
  C:2E89H         LINE#         894
  C:2E89H         LINE#         895
  C:2E8BH         LINE#         897
  C:2E91H         LINE#         898
  C:2E95H         LINE#         899
  C:2E99H         LINE#         900
  C:2E9DH         LINE#         901
  C:2EA1H         LINE#         902
  C:2EA5H         LINE#         903
  C:2EAAH         LINE#         904
  C:2EAAH         LINE#         906
  C:2EAAH         LINE#         919
BL51 BANKED LINKER/LOCATER V6.22.2.0                                                  11/25/2021  12:37:18  PAGE 18


  -------         ENDPROC       MAIN
  -------         ENDMOD        CREATOR

  -------         MODULE        UART
  C:0000H         SYMBOL        _ICE_DUMMY_
  D:0080H         PUBLIC        P0
  C:3F0FH         PUBLIC        _tx_chr
  B:00A8H.4       PUBLIC        ES
  C:3E19H         PUBLIC        _EscribirCadenaSoft
  B:0098H.0       PUBLIC        RI
  B:0098H.1       PUBLIC        TI
  D:0099H         PUBLIC        SBUF
  D:0087H         PUBLIC        PCON
  D:0098H         PUBLIC        SCON
  D:0089H         PUBLIC        TMOD
  D:0088H         PUBLIC        TCON
  D:008DH         PUBLIC        TH1
  D:008BH         PUBLIC        TL1
  B:0088H.6       PUBLIC        TR1
  C:3EA6H         PUBLIC        com_initialize
  B:0080H.7       PUBLIC        sel_com
  C:303DH         SYMBOL        com_isr
  -------         PROC          COM_INITIALIZE
  C:3EA6H         LINE#         50
  C:3EA6H         LINE#         51
  C:3EA6H         LINE#         52
  C:3EA8H         LINE#         53
  C:3EABH         LINE#         54
  C:3EAEH         LINE#         55
  C:3EB1H         LINE#         56
  C:3EB4H         LINE#         61
  C:3EB7H         LINE#         62
  C:3EBAH         LINE#         69
  C:3EBCH         LINE#         70
  C:3EBEH         LINE#         71
  -------         ENDPROC       COM_INITIALIZE
  -------         PROC          _ESCRIBIRCADENASOFT
  X:015AH         SYMBOL        tamano_cadena
  -------         DO            
  X:015BH         SYMBOL        i
  -------         ENDDO         
  C:3E19H         LINE#         74
  C:3E1EH         LINE#         75
  C:3E1EH         LINE#         78
  C:3E2DH         LINE#         79
  C:3E2DH         LINE#         80
  C:3E3CH         LINE#         81
  C:3E44H         LINE#         83
  -------         ENDPROC       _ESCRIBIRCADENASOFT
  -------         PROC          _TX_CHR
  D:0007H         SYMBOL        data_com
  C:3F0FH         LINE#         88
  C:3F0FH         LINE#         89
  C:3F0FH         LINE#         91
  C:3F11H         LINE#         92
  C:3F13H         LINE#         93
  C:3F16H         LINE#         94
BL51 BANKED LINKER/LOCATER V6.22.2.0                                                  11/25/2021  12:37:18  PAGE 19


  C:3F16H         LINE#         95
  C:3F16H         LINE#         96
  -------         ENDPROC       _TX_CHR
  -------         PROC          COM_ISR
  -------         DO            
  D:000FH         SYMBOL        cDatoRx
  -------         ENDDO         
  C:303DH         LINE#         99
  C:3048H         LINE#         102
  C:304EH         LINE#         103
  C:304EH         LINE#         104
  C:3050H         LINE#         105
  C:3052H         LINE#         108
  C:307AH         LINE#         109
  C:307AH         LINE#         111
  C:307AH         LINE#         113
  C:307FH         LINE#         114
  C:307FH         LINE#         115
  C:3081H         LINE#         116
  C:3084H         LINE#         118
  C:3084H         LINE#         119
  C:3086H         LINE#         120
  C:308AH         LINE#         121
  C:308FH         LINE#         122
  C:3092H         LINE#         123
  C:3092H         LINE#         124
  C:3092H         LINE#         126
  C:3092H         LINE#         127
  C:3092H         LINE#         129
  C:3095H         LINE#         131
  C:3095H         LINE#         133
  C:309DH         LINE#         134
  C:309DH         LINE#         135
  C:30A1H         LINE#         136
  C:30A3H         LINE#         137
  C:30B3H         LINE#         138
  C:30B9H         LINE#         139
  C:30B9H         LINE#         142
  C:30BCH         LINE#         144
  C:30BCH         LINE#         146
  C:30CFH         LINE#         147
  C:30D5H         LINE#         150
  C:30D8H         LINE#         152
  C:30D8H         LINE#         154
  C:30EBH         LINE#         155
  C:30F1H         LINE#         157
  C:30F4H         LINE#         159
  C:30F4H         LINE#         161
  C:3107H         LINE#         163
  C:3114H         LINE#         164
  C:3114H         LINE#         165
  C:3114H         LINE#         166
  C:3116H         LINE#         167
  C:311BH         LINE#         168
  C:311BH         LINE#         169
  C:3121H         LINE#         170
  C:3121H         LINE#         171
BL51 BANKED LINKER/LOCATER V6.22.2.0                                                  11/25/2021  12:37:18  PAGE 20


  C:3123H         LINE#         173
  C:3123H         LINE#         175
  C:3136H         LINE#         176
  C:3138H         LINE#         178
  C:313AH         LINE#         179
  C:313AH         LINE#         182
  C:3148H         LINE#         183
  C:3148H         LINE#         184
  C:314CH         LINE#         185
  C:314CH         LINE#         186
  C:314EH         LINE#         187
  C:3151H         LINE#         188
  C:315DH         LINE#         189
  C:315FH         LINE#         190
  C:315FH         LINE#         192
  C:315FH         LINE#         193
  C:316BH         LINE#         194
  C:3171H         LINE#         195
  C:317DH         LINE#         196
  C:3183H         LINE#         198
  C:3183H         LINE#         199
  C:3185H         LINE#         201
  C:3185H         LINE#         202
  C:318AH         LINE#         203
  C:318EH         LINE#         204
  C:318EH         LINE#         205
  C:3190H         LINE#         208
  C:3190H         LINE#         209
  C:3195H         LINE#         210
  C:3195H         LINE#         211
  C:3195H         LINE#         212
  C:3195H         LINE#         217
  C:3198H         LINE#         218
  C:3198H         LINE#         219
  C:319AH         LINE#         220
  C:319CH         LINE#         221
  C:319CH         LINE#         222
  -------         ENDPROC       COM_ISR
  -------         ENDMOD        UART

  -------         MODULE        DEBUG
  C:0000H         SYMBOL        _ICE_DUMMY_
  C:3D58H         PUBLIC        _Debug_txt_Tibbo
  D:0090H         PUBLIC        P1
  B:0090H.0       PUBLIC        txd2
  C:3CD6H         PUBLIC        _tx_aux
  C:3F06H         PUBLIC        Debug_Dividir_texto
  C:3855H         PUBLIC        _ErrorWR
  C:3E8CH         PUBLIC        time_bit
  C:3BFEH         PUBLIC        _DebugBufferMF
  C:3D1AH         PUBLIC        _tx_auxH
  -------         PROC          TIME_BIT
  -------         DO            
  D:0007H         SYMBOL        j
  -------         ENDDO         
  C:3E8CH         LINE#         17
  C:3E8CH         LINE#         18
BL51 BANKED LINKER/LOCATER V6.22.2.0                                                  11/25/2021  12:37:18  PAGE 21


  C:3E8CH         LINE#         21
  C:3E98H         LINE#         22
  C:3E98H         LINE#         23
  C:3E99H         LINE#         24
  C:3E9AH         LINE#         25
  C:3E9BH         LINE#         26
  C:3E9CH         LINE#         27
  C:3E9DH         LINE#         28
  C:3E9EH         LINE#         29
  C:3E9FH         LINE#         30
  C:3EA0H         LINE#         31
  C:3EA1H         LINE#         33
  C:3EA2H         LINE#         34
  C:3EA5H         LINE#         35
  -------         ENDPROC       TIME_BIT
  -------         PROC          _TX_AUX
  D:0006H         SYMBOL        caracter
  -------         DO            
  D:0004H         SYMBOL        j
  D:0005H         SYMBOL        temporal
  D:0006H         SYMBOL        bitTX
  -------         ENDDO         
  C:3CD6H         LINE#         38
  C:3CD8H         LINE#         39
  C:3CD8H         LINE#         42
  C:3CDAH         LINE#         43
  C:3CDDH         LINE#         44
  C:3CDFH         LINE#         45
  C:3CE3H         LINE#         46
  C:3CE5H         LINE#         47
  C:3CE5H         LINE#         48
  C:3CE7H         LINE#         49
  C:3CE9H         LINE#         51
  C:3CE9H         LINE#         52
  C:3CEBH         LINE#         53
  C:3CEBH         LINE#         54
  C:3CEEH         LINE#         55
  C:3CFAH         LINE#         56
  C:3CFAH         LINE#         57
  C:3CFEH         LINE#         58
  C:3D01H         LINE#         59
  C:3D03H         LINE#         60
  C:3D03H         LINE#         61
  C:3D05H         LINE#         62
  C:3D07H         LINE#         64
  C:3D07H         LINE#         65
  C:3D09H         LINE#         66
  C:3D09H         LINE#         67
  C:3D0CH         LINE#         68
  C:3D0FH         LINE#         69
  C:3D11H         LINE#         70
  C:3D14H         LINE#         71
  C:3D17H         LINE#         72
  -------         ENDPROC       _TX_AUX
  -------         PROC          _TX_AUXH
  D:0003H         SYMBOL        caracter
  -------         DO            
BL51 BANKED LINKER/LOCATER V6.22.2.0                                                  11/25/2021  12:37:18  PAGE 22


  D:0002H         SYMBOL        temporal
  -------         ENDDO         
  C:3D1AH         LINE#         75
  C:3D1CH         LINE#         76
  C:3D1CH         LINE#         79
  C:3D1EH         LINE#         80
  C:3D23H         LINE#         81
  C:3D2DH         LINE#         82
  C:3D2DH         LINE#         83
  C:3D2FH         LINE#         84
  C:3D31H         LINE#         86
  C:3D31H         LINE#         87
  C:3D37H         LINE#         88
  C:3D37H         LINE#         90
  C:3D3BH         LINE#         91
  C:3D3FH         LINE#         92
  C:3D49H         LINE#         93
  C:3D49H         LINE#         94
  C:3D4BH         LINE#         95
  C:3D4DH         LINE#         97
  C:3D4DH         LINE#         98
  C:3D53H         LINE#         99
  C:3D53H         LINE#         100
  -------         ENDPROC       _TX_AUXH
  -------         PROC          _DEBUG_TXT_TIBBO
  X:015BH         SYMBOL        str
  -------         DO            
  X:015EH         SYMBOL        i
  -------         ENDDO         
  C:3D58H         LINE#         106
  C:3D63H         LINE#         107
  C:3D63H         LINE#         109
  C:3D66H         LINE#         112
  C:3D7FH         LINE#         113
  C:3D7FH         LINE#         114
  C:3D82H         LINE#         115
  C:3D8AH         LINE#         118
  -------         ENDPROC       _DEBUG_TXT_TIBBO
  -------         PROC          DEBUG_DIVIDIR_TEXTO
  C:3F06H         LINE#         120
  C:3F06H         LINE#         121
  C:3F06H         LINE#         122
  -------         ENDPROC       DEBUG_DIVIDIR_TEXTO
  -------         PROC          _ERRORWR
  X:015AH         SYMBOL        TipoERR
  C:3855H         LINE#         125
  C:385AH         LINE#         126
  C:385AH         LINE#         127
  C:3863H         LINE#         129
  C:3869H         LINE#         130
  C:3869H         LINE#         131
  C:386FH         LINE#         133
  C:3871H         LINE#         134
  C:3879H         LINE#         135
  C:3879H         LINE#         136
  C:387FH         LINE#         138
  C:3881H         LINE#         139
BL51 BANKED LINKER/LOCATER V6.22.2.0                                                  11/25/2021  12:37:18  PAGE 23


  C:3889H         LINE#         140
  C:3889H         LINE#         141
  C:388FH         LINE#         143
  C:3891H         LINE#         144
  C:3899H         LINE#         145
  C:3899H         LINE#         146
  C:389FH         LINE#         148
  C:38A1H         LINE#         149
  C:38A9H         LINE#         150
  C:38A9H         LINE#         151
  C:38AFH         LINE#         153
  C:38B1H         LINE#         154
  C:38B9H         LINE#         155
  C:38B9H         LINE#         156
  C:38BFH         LINE#         158
  C:38C1H         LINE#         159
  C:38C9H         LINE#         160
  C:38C9H         LINE#         161
  C:38D2H         LINE#         163
  C:38D2H         LINE#         165
  -------         ENDPROC       _ERRORWR
  -------         PROC          _DEBUGBUFFERMF
  X:015AH         SYMBOL        str
  X:015DH         SYMBOL        num_char
  -------         DO            
  X:015EH         SYMBOL        j
  -------         ENDDO         
  C:3BFEH         LINE#         166
  C:3C0CH         LINE#         167
  C:3C0CH         LINE#         172
  C:3C1AH         LINE#         173
  C:3C1AH         LINE#         174
  C:3C2CH         LINE#         175
  C:3C36H         LINE#         176
  C:3C3EH         LINE#         177
  C:3C43H         LINE#         178
  -------         ENDPROC       _DEBUGBUFFERMF
  -------         ENDMOD        DEBUG

  -------         MODULE        CRT_288
  C:0000H         SYMBOL        _ICE_DUMMY_
  C:3E45H         PUBLIC        _num_num
  C:3DEBH         PUBLIC        Get_Status
  C:3C48H         PUBLIC        eject_card
  C:3A7AH         PUBLIC        _Select_S2_Block
  C:3B1CH         PUBLIC        LoadPass
  C:38D3H         PUBLIC        _Graba_S1_BloqueSel
  C:3DBCH         PUBLIC        Select_Card
  C:3A24H         PUBLIC        _Lea_S1_Block
  C:3B68H         PUBLIC        LoadPass2
  C:3ED4H         PUBLIC        _num_char
  -------         PROC          EJECT_CARD
  C:3C48H         LINE#         55
  C:3C48H         LINE#         56
  C:3C48H         LINE#         58
  C:3C4EH         LINE#         59
  C:3C51H         LINE#         60
BL51 BANKED LINKER/LOCATER V6.22.2.0                                                  11/25/2021  12:37:18  PAGE 24


  C:3C55H         LINE#         61
  C:3C59H         LINE#         62
  C:3C5DH         LINE#         63
  C:3C61H         LINE#         64
  C:3C65H         LINE#         65
  C:3C6AH         LINE#         67
  C:3C6FH         LINE#         68
  C:3C75H         LINE#         69
  C:3C7EH         LINE#         70
  C:3C8FH         LINE#         71
  -------         ENDPROC       EJECT_CARD
  -------         PROC          GET_STATUS
  C:3DEBH         LINE#         82
  C:3DEBH         LINE#         83
  C:3DEBH         LINE#         85
  C:3DF1H         LINE#         86
  C:3DF4H         LINE#         87
  C:3DF8H         LINE#         88
  C:3DFCH         LINE#         89
  C:3DFFH         LINE#         90
  C:3E03H         LINE#         91
  C:3E06H         LINE#         92
  C:3E0BH         LINE#         93
  C:3E10H         LINE#         94
  C:3E18H         LINE#         95
  -------         ENDPROC       GET_STATUS
  -------         PROC          SELECT_CARD
  C:3DBCH         LINE#         98
  C:3DBCH         LINE#         99
  C:3DBCH         LINE#         100
  C:3DC2H         LINE#         101
  C:3DC5H         LINE#         102
  C:3DC9H         LINE#         103
  C:3DCDH         LINE#         104
  C:3DD1H         LINE#         105
  C:3DD5H         LINE#         106
  C:3DD9H         LINE#         107
  C:3DDDH         LINE#         108
  C:3DE2H         LINE#         109
  C:3DEAH         LINE#         110
  -------         ENDPROC       SELECT_CARD
  -------         PROC          LOADPASS
  C:3B1CH         LINE#         121
  C:3B1CH         LINE#         122
  C:3B1CH         LINE#         124
  C:3B22H         LINE#         125
  C:3B25H         LINE#         126
  C:3B29H         LINE#         127
  C:3B2DH         LINE#         128
  C:3B31H         LINE#         129
  C:3B35H         LINE#         131
  C:3B39H         LINE#         132
  C:3B3DH         LINE#         133
  C:3B41H         LINE#         134
  C:3B45H         LINE#         135
  C:3B49H         LINE#         136
  C:3B4DH         LINE#         138
BL51 BANKED LINKER/LOCATER V6.22.2.0                                                  11/25/2021  12:37:18  PAGE 25


  C:3B51H         LINE#         139
  C:3B55H         LINE#         140
  C:3B5AH         LINE#         142
  C:3B5FH         LINE#         143
  C:3B67H         LINE#         144
  -------         ENDPROC       LOADPASS
  -------         PROC          LOADPASS2
  C:3B68H         LINE#         149
  C:3B68H         LINE#         150
  C:3B68H         LINE#         152
  C:3B6EH         LINE#         153
  C:3B71H         LINE#         154
  C:3B75H         LINE#         155
  C:3B79H         LINE#         156
  C:3B7DH         LINE#         157
  C:3B81H         LINE#         159
  C:3B85H         LINE#         160
  C:3B89H         LINE#         161
  C:3B8DH         LINE#         162
  C:3B91H         LINE#         163
  C:3B95H         LINE#         164
  C:3B99H         LINE#         167
  C:3B9DH         LINE#         168
  C:3BA1H         LINE#         169
  C:3BA6H         LINE#         171
  C:3BABH         LINE#         172
  C:3BB3H         LINE#         173
  -------         ENDPROC       LOADPASS2
  -------         PROC          _LEA_S1_BLOCK
  D:0007H         SYMBOL        Bloque
  -------         DO            
  D:0006H         SYMBOL        BCC
  D:0007H         SYMBOL        j
  -------         ENDDO         
  C:3A24H         LINE#         187
  C:3A24H         LINE#         188
  C:3A24H         LINE#         191
  C:3A26H         LINE#         193
  C:3A2CH         LINE#         194
  C:3A2FH         LINE#         195
  C:3A33H         LINE#         196
  C:3A37H         LINE#         197
  C:3A3BH         LINE#         198
  C:3A3FH         LINE#         199
  C:3A42H         LINE#         200
  C:3A46H         LINE#         202
  C:3A52H         LINE#         203
  C:3A52H         LINE#         204
  C:3A5FH         LINE#         205
  C:3A62H         LINE#         207
  C:3A67H         LINE#         208
  C:3A6CH         LINE#         210
  C:3A71H         LINE#         211
  C:3A79H         LINE#         212
  -------         ENDPROC       _LEA_S1_BLOCK
  -------         PROC          _SELECT_S2_BLOCK
  D:0007H         SYMBOL        Bloque
BL51 BANKED LINKER/LOCATER V6.22.2.0                                                  11/25/2021  12:37:18  PAGE 26


  -------         DO            
  D:0006H         SYMBOL        BCC
  D:0007H         SYMBOL        j
  -------         ENDDO         
  C:3A7AH         LINE#         217
  C:3A7AH         LINE#         218
  C:3A7AH         LINE#         220
  C:3A7CH         LINE#         222
  C:3A82H         LINE#         223
  C:3A85H         LINE#         224
  C:3A89H         LINE#         225
  C:3A8DH         LINE#         226
  C:3A91H         LINE#         227
  C:3A95H         LINE#         228
  C:3A98H         LINE#         229
  C:3A9CH         LINE#         231
  C:3AA8H         LINE#         232
  C:3AA8H         LINE#         233
  C:3AB5H         LINE#         234
  C:3AB8H         LINE#         236
  C:3ABDH         LINE#         237
  C:3AC2H         LINE#         239
  C:3AC7H         LINE#         240
  C:3ACFH         LINE#         241
  -------         ENDPROC       _SELECT_S2_BLOCK
  -------         PROC          _GRABA_S1_BLOQUESEL
  D:0007H         SYMBOL        Bloque
  -------         DO            
  D:0006H         SYMBOL        BCC
  D:0007H         SYMBOL        j
  -------         ENDDO         
  C:38D3H         LINE#         253
  C:38D3H         LINE#         254
  C:38D3H         LINE#         257
  C:38D5H         LINE#         259
  C:38DBH         LINE#         260
  C:38DEH         LINE#         261
  C:38E2H         LINE#         262
  C:38E6H         LINE#         263
  C:38E9H         LINE#         264
  C:38EDH         LINE#         265
  C:38F0H         LINE#         267
  C:38FCH         LINE#         268
  C:38FCH         LINE#         269
  C:3914H         LINE#         270
  C:3917H         LINE#         272
  C:391DH         LINE#         274
  C:3929H         LINE#         275
  C:3929H         LINE#         276
  C:3936H         LINE#         277
  C:3939H         LINE#         279
  C:393EH         LINE#         280
  C:3943H         LINE#         282
  C:3948H         LINE#         283
  C:3950H         LINE#         284
  -------         ENDPROC       _GRABA_S1_BLOQUESEL
  -------         PROC          _NUM_NUM
BL51 BANKED LINKER/LOCATER V6.22.2.0                                                  11/25/2021  12:37:18  PAGE 27


  D:0001H         SYMBOL        p
  -------         DO            
  D:0007H         SYMBOL        contador
  -------         ENDDO         
  C:3E45H         LINE#         289
  C:3E45H         LINE#         290
  C:3E45H         LINE#         291
  C:3E47H         LINE#         292
  C:3E5EH         LINE#         293
  C:3E5EH         LINE#         295
  C:3E65H         LINE#         296
  C:3E66H         LINE#         297
  C:3E68H         LINE#         298
  C:3E68H         LINE#         299
  -------         ENDPROC       _NUM_NUM
  -------         PROC          _NUM_CHAR
  D:0001H         SYMBOL        p
  D:0005H         SYMBOL        chr
  -------         DO            
  D:0007H         SYMBOL        contador
  -------         ENDDO         
  C:3ED4H         LINE#         303
  C:3ED4H         LINE#         304
  C:3ED4H         LINE#         305
  C:3ED6H         LINE#         306
  C:3EDCH         LINE#         307
  C:3EDCH         LINE#         309
  C:3EE3H         LINE#         310
  C:3EE4H         LINE#         311
  C:3EE6H         LINE#         312
  C:3EE6H         LINE#         313
  -------         ENDPROC       _NUM_CHAR
  -------         ENDMOD        CRT_288

  -------         MODULE        PTOPRLELO
  C:0000H         SYMBOL        _ICE_DUMMY_
  D:0080H         PUBLIC        P0
  D:00A0H         PUBLIC        P2
  D:00B0H         PUBLIC        P3
  C:3737H         PUBLIC        recibe_port
  B:00B0H.2       PUBLIC        ready
  B:0080H.6       PUBLIC        rx_in_data
  C:0021H         PUBLIC        wait
  B:00B0H.3       PUBLIC        busy
  C:3EE7H         PUBLIC        wait_long
  B:00B0H.4       PUBLIC        port_clk
  -------         PROC          WAIT
  C:0021H         LINE#         55
  C:0021H         LINE#         57
  -------         ENDPROC       WAIT
  -------         PROC          WAIT_LONG
  -------         DO            
  D:0006H         SYMBOL        j
  -------         ENDDO         
  C:3EE7H         LINE#         59
  C:3EE7H         LINE#         61
  C:3EEAH         LINE#         62
BL51 BANKED LINKER/LOCATER V6.22.2.0                                                  11/25/2021  12:37:18  PAGE 28


  C:3EEAH         LINE#         63
  C:3EEDH         LINE#         64
  C:3EF8H         LINE#         65
  -------         ENDPROC       WAIT_LONG
  -------         PROC          RECIBE_PORT
  -------         DO            
  D:0004H         SYMBOL        count
  D:0006H         SYMBOL        time_out
  D:0007H         SYMBOL        j
  -------         ENDDO         
  C:3737H         LINE#         70
  C:3737H         LINE#         71
  C:3737H         LINE#         76
  C:373CH         LINE#         79
  C:3747H         LINE#         80
  C:3747H         LINE#         81
  C:3754H         LINE#         82
  C:3757H         LINE#         85
  C:375AH         LINE#         86
  C:375AH         LINE#         87
  C:375CH         LINE#         88
  C:375EH         LINE#         89
  C:3760H         LINE#         90
  C:3761H         LINE#         91
  C:376BH         LINE#         92
  C:376BH         LINE#         93
  C:3771H         LINE#         94
  C:3771H         LINE#         96
  C:3771H         LINE#         97
  C:377EH         LINE#         98
  C:3787H         LINE#         99
  C:3787H         LINE#         100
  C:3794H         LINE#         101
  C:379AH         LINE#         102
  C:379DH         LINE#         103
  C:37A3H         LINE#         104
  C:37A3H         LINE#         105
  C:37A8H         LINE#         106
  C:37B1H         LINE#         107
  C:37B1H         LINE#         108
  C:37B3H         LINE#         109
  C:37B5H         LINE#         110
  C:37B5H         LINE#         111
  C:37B7H         LINE#         112
  C:37B7H         LINE#         113
  C:37BAH         LINE#         114
  C:37BAH         LINE#         115
  C:37BCH         LINE#         116
  C:37BCH         LINE#         117
  C:37BEH         LINE#         118
  C:37C1H         LINE#         119
  C:37C3H         LINE#         120
  C:37C3H         LINE#         121
  C:37C5H         LINE#         122
  C:37C8H         LINE#         124
  -------         ENDPROC       RECIBE_PORT
  -------         ENDMOD        PTOPRLELO
BL51 BANKED LINKER/LOCATER V6.22.2.0                                                  11/25/2021  12:37:18  PAGE 29



  -------         MODULE        LECTOR
  C:0000H         SYMBOL        _ICE_DUMMY_
  D:0080H         PUBLIC        P0
  D:0090H         PUBLIC        P1
  D:00A0H         PUBLIC        P2
  D:00B0H         PUBLIC        P3
  C:33EAH         PUBLIC        _Send_Port
  B:00B0H.2       PUBLIC        ready
  B:00A8H.4       PUBLIC        ES
  B:0080H.6       PUBLIC        rx_in_data
  B:0090H.7       PUBLIC        lock
  B:00B0H.3       PUBLIC        busy
  C:0026H         PUBLIC        ProcesoLector
  B:00B0H.4       PUBLIC        port_clk
  B:0080H.7       PUBLIC        sel_com
  -------         PROC          L?0510
  -------         ENDPROC       L?0510
  -------         PROC          _SEND_PORT
  X:015AH         SYMBOL        NumChar
  -------         DO            
  X:015BH         SYMBOL        j
  X:015CH         SYMBOL        cont
  -------         ENDDO         
  C:33EAH         LINE#         226
  C:33EFH         LINE#         227
  C:33EFH         LINE#         231
  C:33F1H         LINE#         232
  C:33F3H         LINE#         233
  C:33F5H         LINE#         234
  C:33F7H         LINE#         235
  C:3401H         LINE#         236
  C:3407H         LINE#         237
  C:3407H         LINE#         238
  C:342BH         LINE#         239
  C:343FH         LINE#         240
  C:343FH         LINE#         241
  C:3441H         LINE#         242
  C:3441H         LINE#         243
  C:3443H         LINE#         244
  C:3449H         LINE#         245
  C:3449H         LINE#         246
  C:345AH         LINE#         247
  C:345AH         LINE#         248
  C:3467H         LINE#         249
  C:3469H         LINE#         250
  C:346CH         LINE#         251
  C:346EH         LINE#         252
  C:3471H         LINE#         253
  C:3479H         LINE#         254
  C:3479H         LINE#         255
  C:347CH         LINE#         256
  C:347EH         LINE#         257
  C:3480H         LINE#         258
  C:3482H         LINE#         259
  C:3485H         LINE#         261
  C:3487H         LINE#         262
BL51 BANKED LINKER/LOCATER V6.22.2.0                                                  11/25/2021  12:37:18  PAGE 30


  -------         ENDPROC       _SEND_PORT
  -------         PROC          PROCESOLECTOR
  -------         DO            
  X:0154H         SYMBOL        j
  X:0155H         SYMBOL        temp
  X:0156H         SYMBOL        temp2
  X:0157H         SYMBOL        tipo_vehiculo
  X:0131H         SYMBOL        BID1
  X:0132H         SYMBOL        BID2
  X:0133H         SYMBOL        BID3
  X:0134H         SYMBOL        BID4
  X:0135H         SYMBOL        vehiculo
  X:0136H         SYMBOL        contador_QR
  X:0137H         SYMBOL        Ticket
  X:0141H         SYMBOL        fecha
  -------         ENDDO         
  C:0026H         LINE#         263
  C:0026H         LINE#         264
  C:0026H         LINE#         272
  C:009AH         LINE#         273
  C:009AH         LINE#         275
  C:009AH         LINE#         276
  C:00ACH         LINE#         277
  C:00ACH         LINE#         278
  C:00B2H         LINE#         279
  C:00B7H         LINE#         280
  C:00BEH         LINE#         281
  C:00BEH         LINE#         282
  C:00BEH         LINE#         283
  C:00C1H         LINE#         285
  C:00C1H         LINE#         287
  C:00D0H         LINE#         288
  C:00D0H         LINE#         289
  C:00D6H         LINE#         290
  C:00D9H         LINE#         291
  C:00D9H         LINE#         293
  C:00D9H         LINE#         295
  C:00D9H         LINE#         297
  C:00DCH         LINE#         298
  C:00DCH         LINE#         299
  C:00DEH         LINE#         300
  C:00E5H         LINE#         301
  C:00E5H         LINE#         302
  C:00EEH         LINE#         304
  C:00F1H         LINE#         305
  C:00F7H         LINE#         306
  C:0100H         LINE#         307
  C:0100H         LINE#         309
  C:0100H         LINE#         310
  C:0100H         LINE#         311
  C:0100H         LINE#         312
  C:0100H         LINE#         319
  C:0100H         LINE#         320
  C:0103H         LINE#         321
  C:0112H         LINE#         322
  C:0112H         LINE#         323
  C:0114H         LINE#         324
BL51 BANKED LINKER/LOCATER V6.22.2.0                                                  11/25/2021  12:37:18  PAGE 31


  C:0118H         LINE#         325
  C:0118H         LINE#         326
  C:0118H         LINE#         327
  C:0118H         LINE#         328
  C:0118H         LINE#         331
  C:011BH         LINE#         333
  C:011BH         LINE#         334
  C:0121H         LINE#         335
  C:0121H         LINE#         336
  C:0123H         LINE#         337
  C:012EH         LINE#         338
  C:012EH         LINE#         343
  C:0134H         LINE#         344
  C:013CH         LINE#         345
  C:0144H         LINE#         346
  C:014CH         LINE#         348
  C:0151H         LINE#         349
  C:0156H         LINE#         350
  C:015BH         LINE#         351
  C:0160H         LINE#         352
  C:0165H         LINE#         353
  C:016AH         LINE#         355
  C:0172H         LINE#         356
  C:017AH         LINE#         357
  C:0182H         LINE#         358
  C:0187H         LINE#         360
  C:018FH         LINE#         361
  C:0197H         LINE#         362
  C:019FH         LINE#         363
  C:01A4H         LINE#         365
  C:01ACH         LINE#         366
  C:01B4H         LINE#         367
  C:01BCH         LINE#         368
  C:01C1H         LINE#         370
  C:01C9H         LINE#         371
  C:01D1H         LINE#         372
  C:01D9H         LINE#         373
  C:01DEH         LINE#         375
  C:01E3H         LINE#         376
  C:01E8H         LINE#         378
  C:01EBH         LINE#         379
  C:01F0H         LINE#         380
  C:01F0H         LINE#         382
  C:01F3H         LINE#         391
  C:0202H         LINE#         392
  C:0202H         LINE#         393
  C:0202H         LINE#         394
  C:0202H         LINE#         396
  C:0202H         LINE#         398
  C:0205H         LINE#         400
  C:0205H         LINE#         402
  C:0208H         LINE#         403
  C:0208H         LINE#         404
  C:020AH         LINE#         405
  C:0211H         LINE#         406
  C:0211H         LINE#         408
  C:0216H         LINE#         409
BL51 BANKED LINKER/LOCATER V6.22.2.0                                                  11/25/2021  12:37:18  PAGE 32


  C:021CH         LINE#         411
  C:021DH         LINE#         413
  C:021DH         LINE#         414
  C:0223H         LINE#         415
  C:0223H         LINE#         416
  C:0223H         LINE#         419
  C:0225H         LINE#         420
  C:0234H         LINE#         421
  C:0234H         LINE#         422
  C:023DH         LINE#         423
  C:023FH         LINE#         425
  C:023FH         LINE#         427
  C:0242H         LINE#         429
  C:0242H         LINE#         431
  C:0244H         LINE#         433
  C:0245H         LINE#         436
  C:0245H         LINE#         438
  C:024BH         LINE#         439
  C:024BH         LINE#         440
  C:024DH         LINE#         441
  C:0258H         LINE#         442
  C:0258H         LINE#         444
  C:025AH         LINE#         445
  C:025DH         LINE#         446
  C:0266H         LINE#         447
  C:0274H         LINE#         448
  C:027DH         LINE#         449
  C:0280H         LINE#         451
  C:0289H         LINE#         452
  C:0292H         LINE#         453
  C:0295H         LINE#         454
  C:029DH         LINE#         455
  C:02A5H         LINE#         456
  C:02AAH         LINE#         457
  C:02AFH         LINE#         458
  C:02B4H         LINE#         459
  C:02B7H         LINE#         460
  C:02C0H         LINE#         461
  C:02C9H         LINE#         462
  C:02CCH         LINE#         463
  C:02D4H         LINE#         464
  C:02DCH         LINE#         465
  C:02E1H         LINE#         466
  C:02E6H         LINE#         467
  C:02EBH         LINE#         468
  C:02EEH         LINE#         469
  C:02F7H         LINE#         470
  C:02FFH         LINE#         471
  C:0308H         LINE#         472
  C:030BH         LINE#         475
  C:0314H         LINE#         476
  C:031DH         LINE#         477
  C:0320H         LINE#         478
  C:0328H         LINE#         479
  C:0330H         LINE#         480
  C:0335H         LINE#         482
  C:033AH         LINE#         483
BL51 BANKED LINKER/LOCATER V6.22.2.0                                                  11/25/2021  12:37:18  PAGE 33


  C:033FH         LINE#         485
  C:0342H         LINE#         486
  C:034BH         LINE#         487
  C:0353H         LINE#         488
  C:035CH         LINE#         489
  C:035FH         LINE#         490
  C:0368H         LINE#         491
  C:037BH         LINE#         492
  C:037BH         LINE#         493
  C:0394H         LINE#         494
  C:03A3H         LINE#         495
  C:03ABH         LINE#         496
  C:03B3H         LINE#         497
  C:03B8H         LINE#         498
  C:03C0H         LINE#         499
  C:03C5H         LINE#         500
  C:03CAH         LINE#         502
  C:03FCH         LINE#         503
  C:03FCH         LINE#         504
  C:0416H         LINE#         505
  C:0416H         LINE#         506
  C:041CH         LINE#         507
  C:041CH         LINE#         508
  C:0422H         LINE#         509
  C:0422H         LINE#         510
  C:0424H         LINE#         511
  C:0426H         LINE#         513
  C:0426H         LINE#         514
  C:0428H         LINE#         515
  C:0428H         LINE#         516
  C:042EH         LINE#         517
  C:0434H         LINE#         518
  C:0436H         LINE#         520
  C:043CH         LINE#         521
  C:0440H         LINE#         523
  C:0440H         LINE#         525
  C:0440H         LINE#         526
  C:0449H         LINE#         528
  C:044BH         LINE#         529
  C:044BH         LINE#         531
  C:044EH         LINE#         533
  C:0456H         LINE#         534
  C:0456H         LINE#         536
  C:045CH         LINE#         537
  C:045CH         LINE#         538
  C:045EH         LINE#         539
  C:0460H         LINE#         540
  C:0462H         LINE#         541
  C:0464H         LINE#         542
  C:0466H         LINE#         543
  C:0466H         LINE#         545
  C:046CH         LINE#         546
  C:0470H         LINE#         547
  C:0474H         LINE#         548
  C:0478H         LINE#         549
  C:047CH         LINE#         550
  C:047FH         LINE#         551
BL51 BANKED LINKER/LOCATER V6.22.2.0                                                  11/25/2021  12:37:18  PAGE 34


  C:047FH         LINE#         552
  C:047FH         LINE#         553
  C:047FH         LINE#         554
  C:047FH         LINE#         555
  C:047FH         LINE#         556
  C:047FH         LINE#         557
  C:047FH         LINE#         558
  C:047FH         LINE#         559
  C:047FH         LINE#         561
  C:0482H         LINE#         562
  C:048AH         LINE#         563
  C:048AH         LINE#         565
  C:0490H         LINE#         566
  C:0490H         LINE#         567
  C:0492H         LINE#         568
  C:0494H         LINE#         569
  C:0496H         LINE#         570
  C:0498H         LINE#         571
  C:049AH         LINE#         572
  C:049AH         LINE#         573
  C:04A0H         LINE#         574
  C:04A4H         LINE#         575
  C:04A8H         LINE#         576
  C:04ACH         LINE#         577
  C:04B0H         LINE#         578
  C:04B3H         LINE#         579
  C:04B3H         LINE#         580
  C:04B3H         LINE#         581
  C:04B3H         LINE#         582
  C:04B3H         LINE#         583
  C:04B3H         LINE#         584
  C:04B3H         LINE#         585
  C:04B3H         LINE#         586
  C:04B3H         LINE#         587
  C:04B3H         LINE#         589
  C:04B6H         LINE#         590
  C:04BEH         LINE#         591
  C:04BEH         LINE#         593
  C:04C4H         LINE#         594
  C:04C4H         LINE#         595
  C:04C6H         LINE#         596
  C:04C8H         LINE#         597
  C:04CAH         LINE#         598
  C:04CCH         LINE#         599
  C:04CEH         LINE#         600
  C:04CEH         LINE#         602
  C:04D4H         LINE#         603
  C:04D8H         LINE#         604
  C:04DCH         LINE#         605
  C:04E0H         LINE#         606
  C:04E4H         LINE#         607
  C:04E7H         LINE#         608
  C:04E7H         LINE#         609
  C:04E7H         LINE#         610
  C:04E7H         LINE#         611
  C:04E7H         LINE#         612
  C:04E7H         LINE#         613
BL51 BANKED LINKER/LOCATER V6.22.2.0                                                  11/25/2021  12:37:18  PAGE 35


  C:04EAH         LINE#         614
  C:04EDH         LINE#         615
  C:04EDH         LINE#         616
  C:04F2H         LINE#         617
  C:04F2H         LINE#         618
  C:04F2H         LINE#         619
  C:04F2H         LINE#         620
  C:04F2H         LINE#         622
  C:04F4H         LINE#         624
  C:04FFH         LINE#         625
  C:04FFH         LINE#         627
  C:0501H         LINE#         628
  C:0503H         LINE#         629
  C:0505H         LINE#         630
  C:0507H         LINE#         631
  C:0509H         LINE#         632
  C:050FH         LINE#         633
  C:0513H         LINE#         634
  C:0517H         LINE#         635
  C:051BH         LINE#         636
  C:051FH         LINE#         637
  C:0522H         LINE#         638
  C:0522H         LINE#         639
  C:0522H         LINE#         640
  C:0522H         LINE#         641
  C:0522H         LINE#         642
  C:0522H         LINE#         643
  C:0525H         LINE#         644
  C:052AH         LINE#         645
  C:052AH         LINE#         646
  C:052AH         LINE#         647
  C:052CH         LINE#         648
  C:0537H         LINE#         649
  C:0537H         LINE#         651
  C:053DH         LINE#         652
  C:053DH         LINE#         653
  C:0546H         LINE#         654
  C:0548H         LINE#         655
  C:054AH         LINE#         656
  C:054CH         LINE#         657
  C:054EH         LINE#         658
  C:0550H         LINE#         659
  C:0556H         LINE#         660
  C:055AH         LINE#         661
  C:055EH         LINE#         662
  C:0562H         LINE#         663
  C:0566H         LINE#         664
  C:056AH         LINE#         665
  C:0572H         LINE#         666
  C:057AH         LINE#         667
  C:0582H         LINE#         668
  C:058AH         LINE#         669
  C:058EH         LINE#         671
  C:0593H         LINE#         672
  C:0599H         LINE#         673
  C:059DH         LINE#         674
  C:059DH         LINE#         680
BL51 BANKED LINKER/LOCATER V6.22.2.0                                                  11/25/2021  12:37:18  PAGE 36


  C:05A0H         LINE#         682
  C:05A0H         LINE#         683
  C:05A9H         LINE#         685
  C:05ABH         LINE#         686
  C:05ABH         LINE#         691
  C:05AEH         LINE#         693
  C:05AEH         LINE#         695
  C:05B6H         LINE#         696
  C:05BEH         LINE#         697
  C:05C6H         LINE#         698
  C:05CBH         LINE#         699
  C:05CDH         LINE#         700
  C:05CDH         LINE#         702
  C:05D0H         LINE#         704
  C:05D0H         LINE#         706
  C:05D9H         LINE#         707
  C:05DBH         LINE#         708
  C:05DBH         LINE#         709
  C:05DEH         LINE#         711
  C:05DEH         LINE#         712
  C:05E7H         LINE#         713
  C:05E9H         LINE#         715
  C:05E9H         LINE#         717
  C:05ECH         LINE#         718
  C:05FBH         LINE#         719
  C:05FBH         LINE#         720
  C:0604H         LINE#         721
  C:0606H         LINE#         722
  C:0606H         LINE#         723
  C:0609H         LINE#         726
  C:0609H         LINE#         728
  C:060FH         LINE#         729
  C:060FH         LINE#         730
  C:0611H         LINE#         731
  C:061CH         LINE#         732
  C:061CH         LINE#         733
  C:0625H         LINE#         735
  C:062EH         LINE#         736
  C:0641H         LINE#         737
  C:0641H         LINE#         738
  C:065AH         LINE#         739
  C:0669H         LINE#         740
  C:0671H         LINE#         741
  C:0676H         LINE#         742
  C:067BH         LINE#         746
  C:067EH         LINE#         747
  C:067EH         LINE#         749
  C:0684H         LINE#         750
  C:0684H         LINE#         751
[...]
  C:1B1AH         LINE#         2107
  C:1B1DH         LINE#         2108
  C:1B1FH         LINE#         2109
  C:1B25H         LINE#         2110
  C:1B25H         LINE#         2111
  C:1B25H         LINE#         2112
  C:1B25H         LINE#         2113
  C:1B25H         LINE#         2114
  C:1B28H         LINE#         2116
  C:1B28H         LINE#         2117
  C:1B37H         LINE#         2118
  C:1B37H         LINE#         2119
  C:1B3DH         LINE#         2120
  C:1B3DH         LINE#         2121
  C:1B40H         LINE#         2122
  C:1B40H         LINE#         2123
  C:1B42H         LINE#         2124
  C:1B48H         LINE#         2125
  C:1B4DH         LINE#         2126
  C:1B55H         LINE#         2127
  C:1B55H         LINE#         2128
  C:1B56H         LINE#         2130
  C:1B56H         LINE#         2132
  C:1B65H         LINE#         2133
  C:1B65H         LINE#         2134
  C:1B6BH         LINE#         2135
  C:1B6BH         LINE#         2136
  C:1B6DH         LINE#         2137
  C:1B70H         LINE#         2138
  C:1B76H         LINE#         2139
  C:1B78H         LINE#         2141
  C:1B78H         LINE#         2142
  C:1B7DH         LINE#         2143
BL51 BANKED LINKER/LOCATER V6.22.2.0                                                  11/25/2021  12:37:18  PAGE 54


  C:1B82H         LINE#         2144
  C:1B82H         LINE#         2145
  C:1B84H         LINE#         2146
  C:1B84H         LINE#         2147
  C:1B84H         LINE#         2148
  C:1B84H         LINE#         2150
  C:1B87H         LINE#         2152
  C:1B87H         LINE#         2153
  C:1B99H         LINE#         2154
  C:1B99H         LINE#         2155
  C:1BA3H         LINE#         2156
  C:1BA3H         LINE#         2157
  C:1BACH         LINE#         2158
  C:1BAFH         LINE#         2159
  C:1BB5H         LINE#         2160
  C:1BB7H         LINE#         2162
  C:1BB7H         LINE#         2163
  C:1BBCH         LINE#         2164
  C:1BC1H         LINE#         2165
  C:1BC6H         LINE#         2166
  C:1BC6H         LINE#         2168
  C:1BC8H         LINE#         2169
  C:1BC8H         LINE#         2170
  C:1BC8H         LINE#         2171
  C:1BC8H         LINE#         2172
  C:1BCBH         LINE#         2174
  C:1BCBH         LINE#         2176
  C:1BDDH         LINE#         2177
  C:1BDDH         LINE#         2178
  C:1BE7H         LINE#         2179
  C:1BE7H         LINE#         2180
  C:1BEFH         LINE#         2181
  C:1BF5H         LINE#         2182
  C:1BF7H         LINE#         2183
  C:1BF9H         LINE#         2184
  C:1BFBH         LINE#         2186
  C:1BFBH         LINE#         2187
  C:1C04H         LINE#         2189
  C:1C0AH         LINE#         2190
  C:1C0AH         LINE#         2191
  C:1C0CH         LINE#         2192
  C:1C0CH         LINE#         2193
  C:1C0CH         LINE#         2194
  C:1C0CH         LINE#         2196
  C:1C0FH         LINE#         2200
  C:1C0FH         LINE#         2201
  C:1C21H         LINE#         2202
  C:1C21H         LINE#         2203
  C:1C2BH         LINE#         2204
  C:1C2BH         LINE#         2205
  C:1C34H         LINE#         2206
  C:1C37H         LINE#         2207
  C:1C3DH         LINE#         2209
  C:1C3FH         LINE#         2211
  C:1C3FH         LINE#         2212
  C:1C44H         LINE#         2213
  C:1C49H         LINE#         2214
BL51 BANKED LINKER/LOCATER V6.22.2.0                                                  11/25/2021  12:37:18  PAGE 55


  C:1C4EH         LINE#         2215
  C:1C4EH         LINE#         2217
  C:1C50H         LINE#         2218
  C:1C50H         LINE#         2219
  C:1C50H         LINE#         2220
  C:1C50H         LINE#         2221
  C:1C53H         LINE#         2226
  C:1C53H         LINE#         2227
  C:1C59H         LINE#         2228
  C:1C59H         LINE#         2229
  C:1C5BH         LINE#         2230
  C:1C66H         LINE#         2231
  C:1C66H         LINE#         2236
  C:1C6CH         LINE#         2237
  C:1C74H         LINE#         2238
  C:1C7CH         LINE#         2239
  C:1C84H         LINE#         2240
  C:1C8DH         LINE#         2242
  C:1C95H         LINE#         2243
  C:1C9DH         LINE#         2244
  C:1CA5H         LINE#         2245
  C:1CAAH         LINE#         2247
  C:1CB2H         LINE#         2248
  C:1CBAH         LINE#         2249
  C:1CC2H         LINE#         2250
  C:1CC7H         LINE#         2252
  C:1CCFH         LINE#         2253
  C:1CD7H         LINE#         2254
  C:1CDFH         LINE#         2255
  C:1CE4H         LINE#         2257
  C:1CECH         LINE#         2258
  C:1CF4H         LINE#         2259
  C:1CFCH         LINE#         2260
  C:1D01H         LINE#         2262
  C:1D06H         LINE#         2263
  C:1D0BH         LINE#         2265
  C:1D49H         LINE#         2266
  C:1D49H         LINE#         2267
  C:1D4CH         LINE#         2268
  C:1D52H         LINE#         2269
  C:1D54H         LINE#         2270
  C:1D55H         LINE#         2272
  C:1D55H         LINE#         2273
  C:1D5EH         LINE#         2275
  C:1D60H         LINE#         2276
  C:1D60H         LINE#         2280
  C:1D62H         LINE#         2282
  C:1D62H         LINE#         2283
  C:1D6BH         LINE#         2285
  C:1D6DH         LINE#         2286
  C:1D6DH         LINE#         2288
  C:1D6FH         LINE#         2289
  C:1D7EH         LINE#         2290
  C:1D7EH         LINE#         2291
  C:1D87H         LINE#         2292
  C:1D8CH         LINE#         2294
  C:1D8CH         LINE#         2296
BL51 BANKED LINKER/LOCATER V6.22.2.0                                                  11/25/2021  12:37:18  PAGE 56


  C:1D8CH         LINE#         2297
  C:1D8CH         LINE#         2299
  C:1D9EH         LINE#         2300
  C:1D9EH         LINE#         2301
  C:1DA8H         LINE#         2302
  C:1DA8H         LINE#         2303
  C:1DB0H         LINE#         2304
  C:1DB6H         LINE#         2306
  C:1DB8H         LINE#         2307
  C:1DBAH         LINE#         2309
  C:1DBAH         LINE#         2311
  C:1DC3H         LINE#         2313
  C:1DC9H         LINE#         2314
  C:1DC9H         LINE#         2315
  C:1DCBH         LINE#         2316
  C:1DD0H         LINE#         2317
  C:1DD3H         LINE#         2318
  C:1DD3H         LINE#         2320
  C:1DD6H         LINE#         2323
  C:1DD6H         LINE#         2324
  C:1DE8H         LINE#         2325
  C:1DE8H         LINE#         2326
  C:1DF1H         LINE#         2327
  C:1DFEH         LINE#         2328
  C:1DFEH         LINE#         2329
  C:1DFEH         LINE#         2330
  C:1DFEH         LINE#         2331
  C:1DFEH         LINE#         2332
  C:1E00H         LINE#         2334
  C:1E00H         LINE#         2335
  C:1E02H         LINE#         2336
  C:1E06H         LINE#         2337
  C:1E08H         LINE#         2338
  C:1E0EH         LINE#         2339
  C:1E14H         LINE#         2340
  C:1E1EH         LINE#         2341
  C:1E23H         LINE#         2342
  C:1E23H         LINE#         2343
  C:1E23H         LINE#         2345
  C:1E24H         LINE#         2348
  C:1E24H         LINE#         2349
  C:1E36H         LINE#         2350
  C:1E36H         LINE#         2351
  C:1E39H         LINE#         2352
  C:1E39H         LINE#         2355
  C:1E42H         LINE#         2356
  C:1E4BH         LINE#         2357
  C:1E54H         LINE#         2358
  C:1E5DH         LINE#         2361
  C:1E63H         LINE#         2362
  C:1E69H         LINE#         2363
  C:1E72H         LINE#         2364
  C:1E73H         LINE#         2366
  C:1E73H         LINE#         2367
  C:1E7BH         LINE#         2368
  C:1E7BH         LINE#         2370
  C:1E84H         LINE#         2371
BL51 BANKED LINKER/LOCATER V6.22.2.0                                                  11/25/2021  12:37:18  PAGE 57


  C:1E89H         LINE#         2372
  C:1E8BH         LINE#         2373
  C:1E8DH         LINE#         2374
  C:1E91H         LINE#         2375
  C:1E93H         LINE#         2376
  C:1E93H         LINE#         2377
  C:1E93H         LINE#         2378
  C:1E93H         LINE#         2379
  C:1E96H         LINE#         2381
  C:1E96H         LINE#         2382
  C:1E9CH         LINE#         2383
  C:1E9EH         LINE#         2384
  C:1EA0H         LINE#         2385
  C:1EA4H         LINE#         2386
  C:1EA6H         LINE#         2387
  C:1EABH         LINE#         2388
  C:1EB1H         LINE#         2389
  C:1EB6H         LINE#         2390
  C:1EB6H         LINE#         2391
  C:1EB6H         LINE#         2393
  C:1EB6H         LINE#         2394
  C:1EB9H         LINE#         2399
  C:1EB9H         LINE#         2400
  C:1ECBH         LINE#         2401
  C:1ECBH         LINE#         2403
  C:1ECDH         LINE#         2404
  C:1ED6H         LINE#         2405
  C:1EDCH         LINE#         2406
  C:1EE0H         LINE#         2407
  C:1EE4H         LINE#         2408
  C:1EE8H         LINE#         2409
  C:1EEBH         LINE#         2410
  C:1EF1H         LINE#         2412
  C:1EF4H         LINE#         2413
  C:1EFDH         LINE#         2414
  C:1F05H         LINE#         2415
  C:1F0EH         LINE#         2416
  C:1F11H         LINE#         2418
  C:1F1FH         LINE#         2419
  C:1F34H         LINE#         2421
  C:1F5CH         LINE#         2422
  C:1F5CH         LINE#         2423
  C:1F5FH         LINE#         2424
  C:1F61H         LINE#         2426
  C:1F61H         LINE#         2427
  C:1F64H         LINE#         2428
  C:1F64H         LINE#         2430
  C:1F6DH         LINE#         2431
  C:1F75H         LINE#         2432
  C:1F7EH         LINE#         2434
  C:1F87H         LINE#         2435
  C:1F8FH         LINE#         2436
  C:1F98H         LINE#         2437
  C:1FA1H         LINE#         2438
  C:1FA9H         LINE#         2439
  C:1FB2H         LINE#         2440
  C:1FB7H         LINE#         2443
BL51 BANKED LINKER/LOCATER V6.22.2.0                                                  11/25/2021  12:37:18  PAGE 58


  C:1FC3H         LINE#         2444
  C:1FC3H         LINE#         2445
  C:1FEEH         LINE#         2446
  C:1FFDH         LINE#         2447
  C:200BH         LINE#         2448
  C:2028H         LINE#         2449
  C:203FH         LINE#         2452
  C:2048H         LINE#         2453
  C:2051H         LINE#         2454
  C:205AH         LINE#         2461
  C:207CH         LINE#         2462
  C:207CH         LINE#         2463
  C:20A7H         LINE#         2465
  C:20B0H         LINE#         2466
  C:20B9H         LINE#         2467
  C:20C2H         LINE#         2469
  C:20E0H         LINE#         2471
  C:20FEH         LINE#         2473
  C:211CH         LINE#         2475
  C:213AH         LINE#         2477
  C:2158H         LINE#         2479
  C:216FH         LINE#         2483
  C:2179H         LINE#         2484
  C:2179H         LINE#         2485
  C:2183H         LINE#         2486
  C:2185H         LINE#         2488
  C:2185H         LINE#         2489
  C:2199H         LINE#         2490
  C:2199H         LINE#         2491
  C:21B0H         LINE#         2499
  C:21C7H         LINE#         2500
  C:21D5H         LINE#         2501
  C:21E3H         LINE#         2502
  C:21E9H         LINE#         2503
  C:21F2H         LINE#         2504
  C:2201H         LINE#         2507
  C:220AH         LINE#         2508
  C:220DH         LINE#         2509
  C:220DH         LINE#         2510
  C:2216H         LINE#         2511
  C:2216H         LINE#         2512
  C:221CH         LINE#         2518
  C:221EH         LINE#         2519
  C:2220H         LINE#         2520
  C:2224H         LINE#         2521
  C:2229H         LINE#         2522
  C:222BH         LINE#         2523
  C:2231H         LINE#         2524
  C:2237H         LINE#         2525
  C:223BH         LINE#         2527
  C:223BH         LINE#         2530
  C:223EH         LINE#         2533
  C:223EH         LINE#         2535
  C:2247H         LINE#         2536
  C:2249H         LINE#         2537
  C:224DH         LINE#         2538
  C:2252H         LINE#         2539
BL51 BANKED LINKER/LOCATER V6.22.2.0                                                  11/25/2021  12:37:18  PAGE 59


  C:2254H         LINE#         2540
  C:2256H         LINE#         2541
  C:225CH         LINE#         2542
  C:2262H         LINE#         2543
  C:226BH         LINE#         2544
  C:226BH         LINE#         2545
  C:226BH         LINE#         2548
  C:226CH         LINE#         2550
  C:226CH         LINE#         2553
  C:2274H         LINE#         2554
  C:2274H         LINE#         2557
  C:227DH         LINE#         2558
  C:2285H         LINE#         2559
  C:2285H         LINE#         2561
  C:228EH         LINE#         2562
  C:2293H         LINE#         2563
  C:2295H         LINE#         2564
  C:2299H         LINE#         2565
  C:229CH         LINE#         2567
  C:229EH         LINE#         2568
  C:22A3H         LINE#         2569
  C:22A7H         LINE#         2570
  C:22AAH         LINE#         2571
  C:22ADH         LINE#         2573
  C:22ADH         LINE#         2574
  C:22B3H         LINE#         2575
  C:22B8H         LINE#         2576
  C:22BAH         LINE#         2577
  C:22BCH         LINE#         2578
  C:22C0H         LINE#         2579
  C:22C2H         LINE#         2580
  C:22C6H         LINE#         2581
  C:22CCH         LINE#         2582
  C:22D1H         LINE#         2583
  C:22D1H         LINE#         2584
  C:22D1H         LINE#         2587
  C:22D4H         LINE#         2589
  C:22D4H         LINE#         2590
  C:22DAH         LINE#         2591
  C:22DAH         LINE#         2592
  C:22DDH         LINE#         2594
  C:22EDH         LINE#         2595
  C:22EDH         LINE#         2596
  C:22F1H         LINE#         2598
  C:22F1H         LINE#         2602
  C:22FCH         LINE#         2603
  C:22FCH         LINE#         2604
  C:2300H         LINE#         2608
  C:2308H         LINE#         2609
  C:2308H         LINE#         2610
  C:2311H         LINE#         2612
  C:2316H         LINE#         2613
  C:231BH         LINE#         2614
  C:2320H         LINE#         2615
  C:2333H         LINE#         2616
  C:2333H         LINE#         2617
  C:2342H         LINE#         2618
BL51 BANKED LINKER/LOCATER V6.22.2.0                                                  11/25/2021  12:37:18  PAGE 60


  C:234AH         LINE#         2619
  C:234FH         LINE#         2620
  C:2351H         LINE#         2621
  C:2353H         LINE#         2622
  C:2357H         LINE#         2623
  C:2359H         LINE#         2624
  C:235FH         LINE#         2625
  C:2364H         LINE#         2626
  C:2364H         LINE#         2627
  C:2367H         LINE#         2628
  C:2367H         LINE#         2631
  C:2377H         LINE#         2632
  C:2377H         LINE#         2635
  C:2380H         LINE#         2636
  C:2383H         LINE#         2637
  C:2396H         LINE#         2638
  C:2396H         LINE#         2639
  C:23A5H         LINE#         2640
  C:23ADH         LINE#         2641
  C:23B2H         LINE#         2642
  C:23B7H         LINE#         2643
  C:23BAH         LINE#         2647
  C:23C2H         LINE#         2648
  C:23C2H         LINE#         2649
  C:23CBH         LINE#         2650
  C:23D0H         LINE#         2651
  C:23D4H         LINE#         2652
  C:23D6H         LINE#         2653
  C:23DAH         LINE#         2654
  C:23DDH         LINE#         2656
  C:23DFH         LINE#         2657
  C:23E5H         LINE#         2658
  C:23EAH         LINE#         2659
  C:23F2H         LINE#         2660
  C:23F3H         LINE#         2662
  C:23F3H         LINE#         2663
  C:23F9H         LINE#         2664
  C:23FEH         LINE#         2665
  C:2400H         LINE#         2666
  C:2402H         LINE#         2667
  C:2406H         LINE#         2668
  C:2408H         LINE#         2669
  C:240EH         LINE#         2670
  C:2414H         LINE#         2671
  C:241EH         LINE#         2672
  C:241EH         LINE#         2673
  C:241EH         LINE#         2676
  C:241EH         LINE#         2680
  C:241EH         LINE#         2681
  C:241EH         LINE#         2682
  C:241EH         LINE#         2683
  C:241FH         LINE#         2685
  C:241FH         LINE#         2687
  C:242EH         LINE#         2688
  C:242EH         LINE#         2689
  C:2431H         LINE#         2690
  C:2431H         LINE#         2691
BL51 BANKED LINKER/LOCATER V6.22.2.0                                                  11/25/2021  12:37:18  PAGE 61


  C:2433H         LINE#         2692
  C:243AH         LINE#         2693
  C:243AH         LINE#         2694
  C:2443H         LINE#         2695
  C:2445H         LINE#         2696
  C:244BH         LINE#         2697
  C:244EH         LINE#         2699
  C:2454H         LINE#         2700
  C:2455H         LINE#         2702
  C:2455H         LINE#         2703
  C:245AH         LINE#         2704
  C:245CH         LINE#         2705
  C:245CH         LINE#         2706
  C:245CH         LINE#         2707
  C:245EH         LINE#         2709
  C:245EH         LINE#         2710
  C:2463H         LINE#         2711
  C:2468H         LINE#         2712
  C:246DH         LINE#         2713
  C:246DH         LINE#         2714
  C:246DH         LINE#         2718
  C:246DH         LINE#         2720
  -------         ENDPROC       PROCESOLECTOR
  -------         ENDMOD        LECTOR

  -------         MODULE        ?C?CLDPTR
  C:32BAH         PUBLIC        ?C?CLDPTR
  -------         ENDMOD        ?C?CLDPTR

  -------         MODULE        ?C?CLDOPTR
  C:32D3H         PUBLIC        ?C?CLDOPTR
  -------         ENDMOD        ?C?CLDOPTR

  -------         MODULE        ?C?IILDX
  C:3300H         PUBLIC        ?C?IILDX
  -------         ENDMOD        ?C?IILDX

  -------         MODULE        ?C?LSTXDATA
  C:3316H         PUBLIC        ?C?LSTXDATA
  -------         ENDMOD        ?C?LSTXDATA

  -------         MODULE        ?C?LSTKXDATA
  C:3322H         PUBLIC        ?C?LSTKXDATA
  -------         ENDMOD        ?C?LSTKXDATA

  -------         MODULE        ?C?CCASE
  C:3353H         PUBLIC        ?C?CCASE
  -------         ENDMOD        ?C?CCASE

  -------         MODULE        STRCAT
  X:015AH         PUBLIC        ?_strcat?BYTE
  C:3951H         PUBLIC        _strcat
  -------         ENDMOD        STRCAT

  -------         MODULE        STRNCAT
  X:015AH         PUBLIC        ?_strncat?BYTE
  C:3488H         PUBLIC        _strncat
BL51 BANKED LINKER/LOCATER V6.22.2.0                                                  11/25/2021  12:37:18  PAGE 62


  -------         ENDMOD        STRNCAT

  -------         MODULE        STRNCPY
  X:015AH         PUBLIC        ?_strncpy?BYTE
  C:39BCH         PUBLIC        _strncpy
  -------         ENDMOD        STRNCPY

  -------         MODULE        STRLEN
  C:3EBFH         PUBLIC        _STRLEN
  -------         ENDMOD        STRLEN

  -------         MODULE        STRSTR
  X:015AH         PUBLIC        ?_strstr?BYTE
  C:354DH         PUBLIC        _strstr
  -------         ENDMOD        STRSTR

  -------         MODULE        ?C?CSTPTR
  C:3379H         PUBLIC        ?C?CSTPTR
  -------         ENDMOD        ?C?CSTPTR

  -------         MODULE        ?C?CSTOPTR
  C:338BH         PUBLIC        ?C?CSTOPTR
  -------         ENDMOD        ?C?CSTOPTR

  -------         MODULE        ?C?ILDIX
  C:33ADH         PUBLIC        ?C?ILDIX
  -------         ENDMOD        ?C?ILDIX

Program Size: data=21.4 xdata=358 code=16171
LINK/LOCATE RUN COMPLETE.  0 WARNING(S),  0 ERROR(S)
